C:\Users\USER\Documents\MCUXpressoIDE_11.8.0_1165\workspace\frdmk64f_gpio_input_interrupt_Swich button\drivers/fsl_clock.h:668:20:CLOCK_EnableClock	24	static
C:\Users\USER\Documents\MCUXpressoIDE_11.8.0_1165\workspace\frdmk64f_gpio_input_interrupt_Swich button\drivers/fsl_port.h:271:20:PORT_SetPinConfig	32	static
C:\Users\USER\Documents\MCUXpressoIDE_11.8.0_1165\workspace\frdmk64f_gpio_input_interrupt_Swich button\drivers/fsl_port.h:374:20:PORT_SetPinMux	24	static
../board/pin_mux.c:37:6:BOARD_InitBootPins	8	static
../board/pin_mux.c:63:6:BOARD_InitPins	16	static
