Archive member included to satisfy reference by file (symbol)

c:/nxp/mcuxpressoide_11.8.0_1165/ide/plugins/com.nxp.mcuxpresso.tools.win32_11.8.0.202306131047/tools/bin/../lib/gcc/arm-none-eabi/12.2.1/../../../../arm-none-eabi/lib/thumb/v7e-m+fp/hard\libcr_nohost_nf.a(_cr__main.o)
                              ./startup/startup_mk64f12.o (__main)
c:/nxp/mcuxpressoide_11.8.0_1165/ide/plugins/com.nxp.mcuxpresso.tools.win32_11.8.0.202306131047/tools/bin/../lib/gcc/arm-none-eabi/12.2.1/../../../../arm-none-eabi/lib/thumb/v7e-m+fp/hard\libcr_c.a(memcpy.o)
                              ./utilities/fsl_str.o (memcpy)
c:/nxp/mcuxpressoide_11.8.0_1165/ide/plugins/com.nxp.mcuxpresso.tools.win32_11.8.0.202306131047/tools/bin/../lib/gcc/arm-none-eabi/12.2.1/../../../../arm-none-eabi/lib/thumb/v7e-m+fp/hard\libcr_c.a(memset.o)
                              ./utilities/fsl_debug_console.o (memset)
c:/nxp/mcuxpressoide_11.8.0_1165/ide/plugins/com.nxp.mcuxpresso.tools.win32_11.8.0.202306131047/tools/bin/../lib/gcc/arm-none-eabi/12.2.1/../../../../arm-none-eabi/lib/thumb/v7e-m+fp/hard\libcr_c.a(alloc.o)
                              ./drivers/fsl_common.o (malloc)
c:/nxp/mcuxpressoide_11.8.0_1165/ide/plugins/com.nxp.mcuxpresso.tools.win32_11.8.0.202306131047/tools/bin/../lib/gcc/arm-none-eabi/12.2.1/../../../../arm-none-eabi/lib/thumb/v7e-m+fp/hard\libcr_c.a(errno.o)
                              ./utilities/fsl_str.o (errno)
c:/nxp/mcuxpressoide_11.8.0_1165/ide/plugins/com.nxp.mcuxpresso.tools.win32_11.8.0.202306131047/tools/bin/../lib/gcc/arm-none-eabi/12.2.1/../../../../arm-none-eabi/lib/thumb/v7e-m+fp/hard\libcr_c.a(initio.o)
                              c:/nxp/mcuxpressoide_11.8.0_1165/ide/plugins/com.nxp.mcuxpresso.tools.win32_11.8.0.202306131047/tools/bin/../lib/gcc/arm-none-eabi/12.2.1/../../../../arm-none-eabi/lib/thumb/v7e-m+fp/hard\libcr_nohost_nf.a(_cr__main.o) (_initio)
c:/nxp/mcuxpressoide_11.8.0_1165/ide/plugins/com.nxp.mcuxpresso.tools.win32_11.8.0.202306131047/tools/bin/../lib/gcc/arm-none-eabi/12.2.1/../../../../arm-none-eabi/lib/thumb/v7e-m+fp/hard\libcr_c.a(scanf.o)
                              ./utilities/fsl_str.o (strtoul)
c:/nxp/mcuxpressoide_11.8.0_1165/ide/plugins/com.nxp.mcuxpresso.tools.win32_11.8.0.202306131047/tools/bin/../lib/gcc/arm-none-eabi/12.2.1/../../../../arm-none-eabi/lib/thumb/v7e-m+fp/hard\libcr_c.a(setvbuf.o)
                              c:/nxp/mcuxpressoide_11.8.0_1165/ide/plugins/com.nxp.mcuxpresso.tools.win32_11.8.0.202306131047/tools/bin/../lib/gcc/arm-none-eabi/12.2.1/../../../../arm-none-eabi/lib/thumb/v7e-m+fp/hard\libcr_c.a(initio.o) (setvbuf)
c:/nxp/mcuxpressoide_11.8.0_1165/ide/plugins/com.nxp.mcuxpresso.tools.win32_11.8.0.202306131047/tools/bin/../lib/gcc/arm-none-eabi/12.2.1/../../../../arm-none-eabi/lib/thumb/v7e-m+fp/hard\libcr_c.a(strlen.o)
                              ./utilities/fsl_str.o (strlen)
c:/nxp/mcuxpressoide_11.8.0_1165/ide/plugins/com.nxp.mcuxpresso.tools.win32_11.8.0.202306131047/tools/bin/../lib/gcc/arm-none-eabi/12.2.1/../../../../arm-none-eabi/lib/thumb/v7e-m+fp/hard\libcr_c.a(ungetc.o)
                              c:/nxp/mcuxpressoide_11.8.0_1165/ide/plugins/com.nxp.mcuxpresso.tools.win32_11.8.0.202306131047/tools/bin/../lib/gcc/arm-none-eabi/12.2.1/../../../../arm-none-eabi/lib/thumb/v7e-m+fp/hard\libcr_c.a(scanf.o) (ungetc)
c:/nxp/mcuxpressoide_11.8.0_1165/ide/plugins/com.nxp.mcuxpresso.tools.win32_11.8.0.202306131047/tools/bin/../lib/gcc/arm-none-eabi/12.2.1/../../../../arm-none-eabi/lib/thumb/v7e-m+fp/hard\libcr_c.a(__fillbuf.o)
                              c:/nxp/mcuxpressoide_11.8.0_1165/ide/plugins/com.nxp.mcuxpresso.tools.win32_11.8.0.202306131047/tools/bin/../lib/gcc/arm-none-eabi/12.2.1/../../../../arm-none-eabi/lib/thumb/v7e-m+fp/hard\libcr_c.a(scanf.o) (__filbuf)
c:/nxp/mcuxpressoide_11.8.0_1165/ide/plugins/com.nxp.mcuxpresso.tools.win32_11.8.0.202306131047/tools/bin/../lib/gcc/arm-none-eabi/12.2.1/../../../../arm-none-eabi/lib/thumb/v7e-m+fp/hard\libcr_c.a(__init_alloc.o)
                              c:/nxp/mcuxpressoide_11.8.0_1165/ide/plugins/com.nxp.mcuxpresso.tools.win32_11.8.0.202306131047/tools/bin/../lib/gcc/arm-none-eabi/12.2.1/../../../../arm-none-eabi/lib/thumb/v7e-m+fp/hard\libcr_c.a(alloc.o) (__heaps)
c:/nxp/mcuxpressoide_11.8.0_1165/ide/plugins/com.nxp.mcuxpresso.tools.win32_11.8.0.202306131047/tools/bin/../lib/gcc/arm-none-eabi/12.2.1/../../../../arm-none-eabi/lib/thumb/v7e-m+fp/hard\libcr_c.a(_cr_sbrk.o)
                              c:/nxp/mcuxpressoide_11.8.0_1165/ide/plugins/com.nxp.mcuxpresso.tools.win32_11.8.0.202306131047/tools/bin/../lib/gcc/arm-none-eabi/12.2.1/../../../../arm-none-eabi/lib/thumb/v7e-m+fp/hard\libcr_c.a(alloc.o) (_sbrk)
c:/nxp/mcuxpressoide_11.8.0_1165/ide/plugins/com.nxp.mcuxpresso.tools.win32_11.8.0.202306131047/tools/bin/../lib/gcc/arm-none-eabi/12.2.1/../../../../arm-none-eabi/lib/thumb/v7e-m+fp/hard\libcr_c.a(_deferredlazyseek.o)
[...]
Memory Configuration

Name             Origin             Length             Attributes
PROGRAM_FLASH    0x00000000         0x00100000         xr
SRAM_UPPER       0x20000000         0x00030000         xrw
SRAM_LOWER       0x1fff0000         0x00010000         xrw
FLEX_RAM         0x14000000         0x00001000         xrw
*default*        0x00000000         0xffffffff

Linker script and memory map

LOAD ./utilities/fsl_assert.o
LOAD ./utilities/fsl_debug_console.o
LOAD ./utilities/fsl_str.o
LOAD ./startup/startup_mk64f12.o
LOAD ./source/freertos_mutex.o
LOAD ./source/semihost_hardfault.o
LOAD ./freertos/freertos_kernel/portable/MemMang/heap_4.o
LOAD ./freertos/freertos_kernel/portable/GCC/ARM_CM4F/port.o
LOAD ./freertos/freertos_kernel/croutine.o
LOAD ./freertos/freertos_kernel/event_groups.o
LOAD ./freertos/freertos_kernel/list.o
LOAD ./freertos/freertos_kernel/queue.o
LOAD ./freertos/freertos_kernel/stream_buffer.o
LOAD ./freertos/freertos_kernel/tasks.o
LOAD ./freertos/freertos_kernel/timers.o
LOAD ./drivers/fsl_clock.o
LOAD ./drivers/fsl_common.o
LOAD ./drivers/fsl_common_arm.o
LOAD ./drivers/fsl_ftfx_cache.o
LOAD ./drivers/fsl_ftfx_controller.o
LOAD ./drivers/fsl_ftfx_flash.o
LOAD ./drivers/fsl_ftfx_flexnvm.o
LOAD ./drivers/fsl_gpio.o
LOAD ./drivers/fsl_smc.o
LOAD ./drivers/fsl_uart.o
LOAD ./device/system_MK64F12.o
LOAD ./component/uart/fsl_adapter_uart.o
LOAD ./component/serial_manager/fsl_component_serial_manager.o
LOAD ./component/serial_manager/fsl_component_serial_port_uart.o
LOAD ./component/lists/fsl_component_generic_list.o
LOAD ./board/board.o
LOAD ./board/clock_config.o
LOAD ./board/pin_mux.o
START GROUP
LOAD c:/nxp/mcuxpressoide_11.8.0_1165/ide/plugins/com.nxp.mcuxpresso.tools.win32_11.8.0.202306131047/tools/bin/../lib/gcc/arm-none-eabi/12.2.1/../../../../arm-none-eabi/lib/thumb/v7e-m+fp/hard\libcr_nohost_nf.a
LOAD c:/nxp/mcuxpressoide_11.8.0_1165/ide/plugins/com.nxp.mcuxpresso.tools.win32_11.8.0.202306131047/tools/bin/../lib/gcc/arm-none-eabi/12.2.1/../../../../arm-none-eabi/lib/thumb/v7e-m+fp/hard\libcr_c.a
LOAD c:/nxp/mcuxpressoide_11.8.0_1165/ide/plugins/com.nxp.mcuxpresso.tools.win32_11.8.0.202306131047/tools/bin/../lib/gcc/arm-none-eabi/12.2.1/thumb/v7e-m+fp/hard\libcr_eabihelpers.a
LOAD c:/nxp/mcuxpressoide_11.8.0_1165/ide/plugins/com.nxp.mcuxpresso.tools.win32_11.8.0.202306131047/tools/bin/../lib/gcc/arm-none-eabi/12.2.1/thumb/v7e-m+fp/hard\libgcc.a
END GROUP
                0x00000000                __base_PROGRAM_FLASH = 0x0
                0x00000000                __base_Flash = 0x0
                0x00100000                __top_PROGRAM_FLASH = 0x100000
                0x00100000                __top_Flash = 0x100000
                0x20000000                __base_SRAM_UPPER = 0x20000000
                0x20000000                __base_RAM = 0x20000000
                0x20030000                __top_SRAM_UPPER = 0x20030000
                0x20030000                __top_RAM = 0x20030000
                0x1fff0000                __base_SRAM_LOWER = 0x1fff0000
                0x1fff0000                __base_RAM2 = 0x1fff0000
                0x20000000                __top_SRAM_LOWER = 0x20000000
                0x20000000                __top_RAM2 = 0x20000000
                0x14000000                __base_FLEX_RAM = 0x14000000
                0x14000000                __base_RAM3 = 0x14000000
                0x14001000                __top_FLEX_RAM = 0x14001000
                0x14001000                __top_RAM3 = 0x14001000

.text           0x00000000     0x5c78
 FILL mask 0xff
                0x00000000                __vectors_start__ = ABSOLUTE (.)
 *(SORT_BY_ALIGNMENT(.isr_vector))
 .isr_vector    0x00000000      0x198 ./startup/startup_mk64f12.o
                0x00000000                g_pfnVectors
                0x00000000                __Vectors
                0x00000198                . = ALIGN (0x4)
                0x00000198                __section_table_start = .
                0x00000198                __data_section_table = .
                0x00000198        0x4 LONG 0x5c78 LOADADDR (.data)
                0x0000019c        0x4 LONG 0x20000000 ADDR (.data)
                0x000001a0        0x4 LONG 0x18 SIZEOF (.data)
                0x000001a4        0x4 LONG 0x5c78 LOADADDR (.data_RAM2)
                0x000001a8        0x4 LONG 0x1fff0000 ADDR (.data_RAM2)
                0x000001ac        0x4 LONG 0x0 SIZEOF (.data_RAM2)
                0x000001b0        0x4 LONG 0x5c78 LOADADDR (.data_RAM3)
                0x000001b4        0x4 LONG 0x14000000 ADDR (.data_RAM3)
                0x000001b8        0x4 LONG 0x0 SIZEOF (.data_RAM3)
                0x000001bc                __data_section_table_end = .
                0x000001bc                __bss_section_table = .
                0x000001bc        0x4 LONG 0x20000018 ADDR (.bss)
                0x000001c0        0x4 LONG 0x2ab0 SIZEOF (.bss)
                0x000001c4        0x4 LONG 0x1fff0000 ADDR (.bss_RAM2)
                0x000001c8        0x4 LONG 0x0 SIZEOF (.bss_RAM2)
                0x000001cc        0x4 LONG 0x14000000 ADDR (.bss_RAM3)
                0x000001d0        0x4 LONG 0x0 SIZEOF (.bss_RAM3)
                0x000001d4                __bss_section_table_end = .
                0x000001d4                __section_table_end = .
 *(SORT_BY_ALIGNMENT(.after_vectors*))
 .after_vectors.reset
                0x000001d4       0x4c ./startup/startup_mk64f12.o
                0x000001d4                ResetISR
 .after_vectors.init_data
                0x00000220       0x1e ./startup/startup_mk64f12.o
                0x00000220                data_init
 .after_vectors.init_bss
                0x0000023e       0x12 ./startup/startup_mk64f12.o
                0x0000023e                bss_init
 .after_vectors
                0x00000250       0x14 ./startup/startup_mk64f12.o
                0x00000250                NMI_Handler
                0x00000254                MemManage_Handler
                0x00000256                BusFault_Handler
                0x00000258                UsageFault_Handler
                0x0000025c                DebugMon_Handler
                0x00000262                LPTMR0_DriverIRQHandler
                0x00000262                DMA_Error_DriverIRQHandler
                0x00000262                SPI1_DriverIRQHandler
                0x00000262                FTM1_DriverIRQHandler
                0x00000262                FTM2_DriverIRQHandler
                0x00000262                PIT2_DriverIRQHandler
                0x00000262                SDHC_DriverIRQHandler
                0x00000262                I2S0_Tx_DriverIRQHandler
                0x00000262                RTC_Seconds_DriverIRQHandler
                0x00000262                DMA6_DriverIRQHandler
                0x00000262                LLWU_DriverIRQHandler
                0x00000262                MCM_DriverIRQHandler
                0x00000262                MCG_DriverIRQHandler
                0x00000262                ENET_1588_Timer_DriverIRQHandler
                0x00000262                I2C2_DriverIRQHandler
                0x00000262                DAC1_DriverIRQHandler
                0x00000262                DMA12_DriverIRQHandler
                0x00000262                CMP1_DriverIRQHandler
                0x00000262                FTM0_DriverIRQHandler
                0x00000262                IntDefaultHandler
                0x00000262                USB0_DriverIRQHandler
                0x00000262                UART5_ERR_DriverIRQHandler
                0x00000262                PORTC_DriverIRQHandler
                0x00000262                DMA11_DriverIRQHandler
                0x00000262                DAC0_DriverIRQHandler
                0x00000262                DMA10_DriverIRQHandler
                0x00000262                CMP2_DriverIRQHandler
                0x00000262                UART2_ERR_DriverIRQHandler
                0x00000262                SPI2_DriverIRQHandler
                0x00000262                LVD_LVW_DriverIRQHandler
                0x00000262                PIT0_DriverIRQHandler
                0x00000262                PORTB_DriverIRQHandler
                0x00000262                DMA5_DriverIRQHandler
                0x00000262                DMA4_DriverIRQHandler
                0x00000262                USBDCD_DriverIRQHandler
                0x00000262                UART3_ERR_DriverIRQHandler
                0x00000262                DMA3_DriverIRQHandler
                0x00000262                DMA8_DriverIRQHandler
                0x00000262                DMA9_DriverIRQHandler
                0x00000262                UART0_ERR_DriverIRQHandler
                0x00000262                CMT_DriverIRQHandler
                0x00000262                Reserved71_DriverIRQHandler
                0x00000262                ADC1_DriverIRQHandler
                0x00000262                PORTA_DriverIRQHandler
                0x00000262                DMA14_DriverIRQHandler
                0x00000262                PIT3_DriverIRQHandler
                0x00000262                PIT1_DriverIRQHandler
                0x00000262                WDOG_EWM_DriverIRQHandler
                0x00000262                PDB0_DriverIRQHandler
                0x00000262                RTC_DriverIRQHandler
                0x00000262                I2S0_Rx_DriverIRQHandler
                0x00000262                Read_Collision_DriverIRQHandler
                0x00000262                SWI_DriverIRQHandler
                0x00000262                UART4_ERR_DriverIRQHandler
                0x00000262                DMA0_DriverIRQHandler
                0x00000262                UART0_LON_DriverIRQHandler
                0x00000262                DMA1_DriverIRQHandler
                0x00000262                I2C1_DriverIRQHandler
                0x00000262                ENET_Receive_DriverIRQHandler
                0x00000262                DMA13_DriverIRQHandler
                0x00000262                ENET_Error_DriverIRQHandler
                0x00000262                DMA15_DriverIRQHandler
                0x00000262                SPI0_DriverIRQHandler
                0x00000262                ADC0_DriverIRQHandler
                0x00000262                CMP0_DriverIRQHandler
                0x00000262                CAN0_DriverIRQHandler
                0x00000262                FTM3_DriverIRQHandler
                0x00000262                RNG_DriverIRQHandler
                0x00000262                UART1_ERR_DriverIRQHandler
                0x00000262                DMA2_DriverIRQHandler
                0x00000262                ENET_Transmit_DriverIRQHandler
                0x00000262                PORTD_DriverIRQHandler
                0x00000262                PORTE_DriverIRQHandler
                0x00000262                FTFE_DriverIRQHandler
                0x00000262                I2C0_DriverIRQHandler
                0x00000262                DMA7_DriverIRQHandler
                0x00000400                . = 0x400
 *fill*         0x00000264      0x19c ff
                0x00000400                PROVIDE (__FLASH_CONFIG_START__ = .)
 *(SORT_BY_ALIGNMENT(.FlashConfig))
 .FlashConfig   0x00000400       0x10 ./startup/startup_mk64f12.o
                0x00000400                Flash_Config
                0x00000410                PROVIDE (__FLASH_CONFIG_END__ = .)
                0x00000001                ASSERT (! ((__FLASH_CONFIG_START__ == __FLASH_CONFIG_END__)), Linker Flash Config Support Enabled, but no .FlashConfig section provided within application)
 *(SORT_BY_ALIGNMENT(.text*))
 .text.SVC_Handler
                0x00000410       0x28 ./freertos/freertos_kernel/portable/GCC/ARM_CM4F/port.o
                0x00000410                SVC_Handler
 *fill*         0x00000438        0x8 ff
 .text.PendSV_Handler
                0x00000440       0x68 ./freertos/freertos_kernel/portable/GCC/ARM_CM4F/port.o
                0x00000440                PendSV_Handler
 .text.__assertion_failed
                0x000004a8       0x18 ./utilities/fsl_assert.o
                0x000004a8                __assertion_failed
 .text.DbgConsole_SendDataReliable
                0x000004c0       0x54 ./utilities/fsl_debug_console.o
                0x000004c0                DbgConsole_SendDataReliable
 .text.DbgConsole_Init
                0x00000514      0x118 ./utilities/fsl_debug_console.o
                0x00000514                DbgConsole_Init
 .text.DbgConsole_Vprintf
                0x0000062c       0x6c ./utilities/fsl_debug_console.o
                0x0000062c                DbgConsole_Vprintf
 .text.main     0x00000698      0x100 ./source/freertos_mutex.o
                0x00000698                main
 .text.write_task_1
                0x00000798       0x74 ./source/freertos_mutex.o
 .text.write_task_2
                0x0000080c       0x74 ./source/freertos_mutex.o
 .text.write_task_3
                0x00000880       0x74 ./source/freertos_mutex.o
 .text.write_task_4
                0x000008f4       0x74 ./source/freertos_mutex.o
 .text.write_task_5
                0x00000968       0x74 ./source/freertos_mutex.o
 .text.pvPortMalloc
                0x000009dc      0x1c0 ./freertos/freertos_kernel/portable/MemMang/heap_4.o
                0x000009dc                pvPortMalloc
 .text.vPortFree
                0x00000b9c       0xc4 ./freertos/freertos_kernel/portable/MemMang/heap_4.o
                0x00000b9c                vPortFree
 .text.prvHeapInit
                0x00000c60       0xc4 ./freertos/freertos_kernel/portable/MemMang/heap_4.o
 .text.prvInsertBlockIntoFreeList
                0x00000d24       0xb4 ./freertos/freertos_kernel/portable/MemMang/heap_4.o
 .text.pxPortInitialiseStack
                0x00000dd8       0x68 ./freertos/freertos_kernel/portable/GCC/ARM_CM4F/port.o
                0x00000dd8                pxPortInitialiseStack
 .text.prvTaskExitError
                0x00000e40       0x58 ./freertos/freertos_kernel/portable/GCC/ARM_CM4F/port.o
 .text.prvPortStartFirstTask
                0x00000e98       0x2c ./freertos/freertos_kernel/portable/GCC/ARM_CM4F/port.o
 .text.xPortStartScheduler
                0x00000ec4      0x144 ./freertos/freertos_kernel/portable/GCC/ARM_CM4F/port.o
                0x00000ec4                xPortStartScheduler
 .text.vPortEnterCritical
                0x00001008       0x60 ./freertos/freertos_kernel/portable/GCC/ARM_CM4F/port.o
                0x00001008                vPortEnterCritical
 .text.vPortExitCritical
                0x00001068       0x54 ./freertos/freertos_kernel/portable/GCC/ARM_CM4F/port.o
                0x00001068                vPortExitCritical
 .text.SysTick_Handler
                0x000010bc       0x44 ./freertos/freertos_kernel/portable/GCC/ARM_CM4F/port.o
                0x000010bc                SysTick_Handler
 .text.vPortSetupTimerInterrupt
                0x00001100       0x48 ./freertos/freertos_kernel/portable/GCC/ARM_CM4F/port.o
                0x00001100                vPortSetupTimerInterrupt
 .text.vPortEnableVFP
                0x00001148       0x18 ./freertos/freertos_kernel/portable/GCC/ARM_CM4F/port.o
 .text.vPortValidateInterruptPriority
                0x00001160       0x80 ./freertos/freertos_kernel/portable/GCC/ARM_CM4F/port.o
                0x00001160                vPortValidateInterruptPriority
 .text.xQueueGenericReset
                0x000011e0       0xd0 ./freertos/freertos_kernel/queue.o
                0x000011e0                xQueueGenericReset
 .text.xQueueGenericSend
                0x000012b0      0x1fc ./freertos/freertos_kernel/queue.o
                0x000012b0                xQueueGenericSend
 .text.xQueueReceive
                0x000014ac      0x1c0 ./freertos/freertos_kernel/queue.o
                0x000014ac                xQueueReceive
 .text.xQueueSemaphoreTake
                0x0000166c      0x21c ./freertos/freertos_kernel/queue.o
                0x0000166c                xQueueSemaphoreTake
 .text.vQueueAddToRegistry
                0x00001888       0x54 ./freertos/freertos_kernel/queue.o
                0x00001888                vQueueAddToRegistry
 .text.prvAddNewTaskToReadyList
                0x000018dc       0xdc ./freertos/freertos_kernel/tasks.o
 .text.vTaskStartScheduler
                0x000019b8       0xa4 ./freertos/freertos_kernel/tasks.o
                0x000019b8                vTaskStartScheduler
 .text.vTaskSuspendAll
                0x00001a5c       0x1c ./freertos/freertos_kernel/tasks.o
                0x00001a5c                vTaskSuspendAll
 .text.xTaskResumeAll
                0x00001a78      0x138 ./freertos/freertos_kernel/tasks.o
                0x00001a78                xTaskResumeAll
 .text.xTaskGetTickCount
                0x00001bb0       0x20 ./freertos/freertos_kernel/tasks.o
                0x00001bb0                xTaskGetTickCount
 .text.xTaskIncrementTick
                0x00001bd0      0x154 ./freertos/freertos_kernel/tasks.o
                0x00001bd0                xTaskIncrementTick
 .text.vTaskSwitchContext
                0x00001d24       0xb8 ./freertos/freertos_kernel/tasks.o
                0x00001d24                vTaskSwitchContext
 .text.vTaskPlaceOnEventList
                0x00001ddc       0x48 ./freertos/freertos_kernel/tasks.o
                0x00001ddc                vTaskPlaceOnEventList
 .text.vTaskPlaceOnEventListRestricted
                0x00001e24       0x58 ./freertos/freertos_kernel/tasks.o
                0x00001e24                vTaskPlaceOnEventListRestricted
 .text.xTaskRemoveFromEventList
                0x00001e7c       0xc4 ./freertos/freertos_kernel/tasks.o
                0x00001e7c                xTaskRemoveFromEventList
 .text.vTaskInternalSetTimeOutState
                0x00001f40       0x2c ./freertos/freertos_kernel/tasks.o
                0x00001f40                vTaskInternalSetTimeOutState
 .text.xTaskCheckForTimeOut
                0x00001f6c       0xcc ./freertos/freertos_kernel/tasks.o
                0x00001f6c                xTaskCheckForTimeOut
 .text.vTaskMissedYield
                0x00002038       0x18 ./freertos/freertos_kernel/tasks.o
                0x00002038                vTaskMissedYield
 .text.prvIdleTask
                0x00002050       0x30 ./freertos/freertos_kernel/tasks.o
 .text.prvInitialiseTaskLists
                0x00002080       0x80 ./freertos/freertos_kernel/tasks.o
 .text.prvCheckTasksWaitingTermination
                0x00002100       0x5c ./freertos/freertos_kernel/tasks.o
 .text.prvResetNextTaskUnblockTime
                0x0000215c       0x38 ./freertos/freertos_kernel/tasks.o
 .text.xTaskGetSchedulerState
                0x00002194       0x3c ./freertos/freertos_kernel/tasks.o
                0x00002194                xTaskGetSchedulerState
 .text.xTaskPriorityInherit
                0x000021d0       0xec ./freertos/freertos_kernel/tasks.o
                0x000021d0                xTaskPriorityInherit
 .text.xTaskPriorityDisinherit
                0x000022bc       0xf4 ./freertos/freertos_kernel/tasks.o
                0x000022bc                xTaskPriorityDisinherit
 .text.vTaskPriorityDisinheritAfterTimeout
                0x000023b0      0x11c ./freertos/freertos_kernel/tasks.o
                0x000023b0                vTaskPriorityDisinheritAfterTimeout
 .text.pvTaskIncrementMutexHeldCount
                0x000024cc       0x28 ./freertos/freertos_kernel/tasks.o
                0x000024cc                pvTaskIncrementMutexHeldCount
 .text.prvAddCurrentTaskToDelayedList
                0x000024f4       0xcc ./freertos/freertos_kernel/tasks.o
 .text.xTimerCreateTimerTask
                0x000025c0       0x64 ./freertos/freertos_kernel/timers.o
                0x000025c0                xTimerCreateTimerTask
 .text.xTimerGenericCommand
                0x00002624       0x9c ./freertos/freertos_kernel/timers.o
                0x00002624                xTimerGenericCommand
 .text.prvProcessExpiredTimer
                0x000026c0       0x98 ./freertos/freertos_kernel/timers.o
 .text.prvProcessTimerOrBlockTask
                0x00002758       0x9c ./freertos/freertos_kernel/timers.o
 .text.prvGetNextExpireTime
                0x000027f4       0x48 ./freertos/freertos_kernel/timers.o
 .text.prvSampleTimeNow
                0x0000283c       0x40 ./freertos/freertos_kernel/timers.o
 .text.prvInsertTimerInActiveList
                0x0000287c       0x84 ./freertos/freertos_kernel/timers.o
 .text.prvProcessReceivedCommands
                0x00002900      0x1c4 ./freertos/freertos_kernel/timers.o
 .text.prvSwitchTimerLists
                0x00002ac4       0xc8 ./freertos/freertos_kernel/timers.o
 .text.prvCheckForValidListAndQueue
                0x00002b8c       0x6c ./freertos/freertos_kernel/timers.o
 .text.CLOCK_SetEr32kClock
                0x00002bf8       0x30 ./drivers/fsl_clock.o
 .text.CLOCK_SetPllFllSelClock
                0x00002c28       0x38 ./drivers/fsl_clock.o
 .text.CLOCK_GetMcgExtClkFreq
                0x00002c60       0x7c ./drivers/fsl_clock.o
 .text.CLOCK_GetFllExtRefClkFreq
                0x00002cdc       0xb0 ./drivers/fsl_clock.o
 .text.CLOCK_GetInternalRefClkSelectFreq
                0x00002d8c       0x4c ./drivers/fsl_clock.o
 .text.CLOCK_GetFllRefClkFreq
                0x00002dd8       0x34 ./drivers/fsl_clock.o
 .text.CLOCK_GetOscRangeFromFreq
                0x00002e0c       0x3c ./drivers/fsl_clock.o
 .text.CLOCK_GetCoreSysClkFreq
                0x00002e48       0x28 ./drivers/fsl_clock.o
                0x00002e48                CLOCK_GetCoreSysClkFreq
 .text.CLOCK_SetSimConfig
                0x00002e70       0x34 ./drivers/fsl_clock.o
                0x00002e70                CLOCK_SetSimConfig
 .text.CLOCK_GetOutClkFreq
                0x00002ea4       0x64 ./drivers/fsl_clock.o
                0x00002ea4                CLOCK_GetOutClkFreq
 .text.CLOCK_GetFllFreq
                0x00002f08       0x84 ./drivers/fsl_clock.o
                0x00002f08                CLOCK_GetFllFreq
 .text.CLOCK_GetPll0Freq
                0x00002f8c       0x78 ./drivers/fsl_clock.o
                0x00002f8c                CLOCK_GetPll0Freq
 .text.CLOCK_SetExternalRefClkConfig
                0x00003004       0x6c ./drivers/fsl_clock.o
                0x00003004                CLOCK_SetExternalRefClkConfig
 .text.CLOCK_SetInternalRefClkConfig
                0x00003070      0x104 ./drivers/fsl_clock.o
                0x00003070                CLOCK_SetInternalRefClkConfig
 .text.CLOCK_EnablePll0
                0x00003174       0x88 ./drivers/fsl_clock.o
                0x00003174                CLOCK_EnablePll0
 .text.CLOCK_InitOsc0
                0x000031fc       0x8c ./drivers/fsl_clock.o
                0x000031fc                CLOCK_InitOsc0
 .text.CLOCK_SetPbeMode
                0x00003288       0xa8 ./drivers/fsl_clock.o
                0x00003288                CLOCK_SetPbeMode
 .text.CLOCK_BootToPeeMode
                0x00003330       0x64 ./drivers/fsl_clock.o
                0x00003330                CLOCK_BootToPeeMode
 .text.UART_GetInstance
                0x00003394       0x54 ./drivers/fsl_uart.o
                0x00003394                UART_GetInstance
 .text.UART_Init
                0x000033e8      0x2f4 ./drivers/fsl_uart.o
                0x000033e8                UART_Init
 .text.UART_GetDefaultConfig
                0x000036dc       0x68 ./drivers/fsl_uart.o
                0x000036dc                UART_GetDefaultConfig
 .text.UART0_DriverIRQHandler
                0x00003744       0x28 ./drivers/fsl_uart.o
                0x00003744                UART0_DriverIRQHandler
 .text.UART1_DriverIRQHandler
                0x0000376c       0x28 ./drivers/fsl_uart.o
                0x0000376c                UART1_DriverIRQHandler
 .text.UART2_DriverIRQHandler
                0x00003794       0x28 ./drivers/fsl_uart.o
                0x00003794                UART2_DriverIRQHandler
 .text.UART3_DriverIRQHandler
                0x000037bc       0x28 ./drivers/fsl_uart.o
                0x000037bc                UART3_DriverIRQHandler
 .text.UART4_DriverIRQHandler
                0x000037e4       0x28 ./drivers/fsl_uart.o
                0x000037e4                UART4_DriverIRQHandler
 .text.UART5_DriverIRQHandler
                0x0000380c       0x28 ./drivers/fsl_uart.o
                0x0000380c                UART5_DriverIRQHandler
 .text.SystemInit
                0x00003834       0x3c ./device/system_MK64F12.o
                0x00003834                SystemInit
 .text.HAL_UartInit
                0x00003870      0x128 ./component/uart/fsl_adapter_uart.o
                0x00003870                HAL_UartInit
 .text.HAL_UartSendBlocking
                0x00003998       0x64 ./component/uart/fsl_adapter_uart.o
                0x00003998                HAL_UartSendBlocking
 .text.CLOCK_SetSimSafeDivs
                0x000039fc       0x20 ./board/clock_config.o
 .text.CLOCK_SetXtal0Freq
                0x00003a1c       0x20 ./board/clock_config.o
 .text.CLOCK_CONFIG_SetFllExtRefDiv
                0x00003a3c       0x3c ./board/clock_config.o
 .text.BOARD_BootClockRUN
                0x00003a78       0x60 ./board/clock_config.o
                0x00003a78                BOARD_BootClockRUN
 .text.BOARD_InitPins
                0x00003ad8       0x44 ./board/pin_mux.o
                0x00003ad8                BOARD_InitPins
 .text._initio  0x00003b1c       0x78 c:/nxp/mcuxpressoide_11.8.0_1165/ide/plugins/com.nxp.mcuxpresso.tools.win32_11.8.0.202306131047/tools/bin/../lib/gcc/arm-none-eabi/12.2.1/../../../../arm-none-eabi/lib/thumb/v7e-m+fp/hard\libcr_c.a(initio.o)
                0x00003b1c                _initio
 .text._Cwritebuf
                0x00003b94       0x6c c:/nxp/mcuxpressoide_11.8.0_1165/ide/plugins/com.nxp.mcuxpresso.tools.win32_11.8.0.202306131047/tools/bin/../lib/gcc/arm-none-eabi/12.2.1/../../../../arm-none-eabi/lib/thumb/v7e-m+fp/hard\libcr_c.a(_writebuf.o)
                0x00003b94                _Cwritebuf
 .text.fflush   0x00003c00       0x3c c:/nxp/mcuxpressoide_11.8.0_1165/ide/plugins/com.nxp.mcuxpresso.tools.win32_11.8.0.202306131047/tools/bin/../lib/gcc/arm-none-eabi/12.2.1/../../../../arm-none-eabi/lib/thumb/v7e-m+fp/hard\libcr_c.a(fflush.o)
                0x00003c00                fflush
 .text.fseek    0x00003c3c       0xf8 c:/nxp/mcuxpressoide_11.8.0_1165/ide/plugins/com.nxp.mcuxpresso.tools.win32_11.8.0.202306131047/tools/bin/../lib/gcc/arm-none-eabi/12.2.1/../../../../arm-none-eabi/lib/thumb/v7e-m+fp/hard\libcr_c.a(fseek.o)
                0x00003c3c                fseek
 .text.ftell    0x00003d34       0x44 c:/nxp/mcuxpressoide_11.8.0_1165/ide/plugins/com.nxp.mcuxpresso.tools.win32_11.8.0.202306131047/tools/bin/../lib/gcc/arm-none-eabi/12.2.1/../../../../arm-none-eabi/lib/thumb/v7e-m+fp/hard\libcr_c.a(ftell.o)
                0x00003d34                ftell
 .text.DbgConsole_PrintCallback
                0x00003d78       0x66 ./utilities/fsl_debug_console.o
 .text.DbgConsole_Printf
                0x00003dde       0x2c ./utilities/fsl_debug_console.o
                0x00003dde                DbgConsole_Printf
 .text.PrintGetWidth
                0x00003e0a       0x6a ./utilities/fsl_str.o
 .text.PrintGetPrecision
                0x00003e74       0x8c ./utilities/fsl_str.o
 .text.PrintIsobpu
                0x00003f00       0x38 ./utilities/fsl_str.o
 .text.PrintIsdi
                0x00003f38       0x2c ./utilities/fsl_str.o
 .text.PrintOutputdifFobpu
                0x00003f64       0x44 ./utilities/fsl_str.o
 .text.PrintOutputxX
                0x00003fa8       0x44 ./utilities/fsl_str.o
 .text.PrintIsfF
                0x00003fec       0x2c ./utilities/fsl_str.o
 .text.PrintIsxX
                0x00004018       0x2c ./utilities/fsl_str.o
 .text.PrintFilterLengthFlag
                0x00004044       0x3e ./utilities/fsl_str.o
 .text.PrintGetRadixFromobpu
                0x00004082       0x40 ./utilities/fsl_str.o
 .text.ConvertRadixNumToString
                0x000040c2       0xc2 ./utilities/fsl_str.o
 .text.StrFormatPrintf
                0x00004184      0x2ac ./utilities/fsl_str.o
                0x00004184                StrFormatPrintf
 .text.DMA0_IRQHandler
                0x00004430        0x8 ./startup/startup_mk64f12.o
                0x00004430                DMA0_IRQHandler
 .text.DMA1_IRQHandler
                0x00004438        0x8 ./startup/startup_mk64f12.o
                0x00004438                DMA1_IRQHandler
 .text.DMA2_IRQHandler
                0x00004440        0x8 ./startup/startup_mk64f12.o
                0x00004440                DMA2_IRQHandler
 .text.DMA3_IRQHandler
                0x00004448        0x8 ./startup/startup_mk64f12.o
                0x00004448                DMA3_IRQHandler
 .text.DMA4_IRQHandler
                0x00004450        0x8 ./startup/startup_mk64f12.o
                0x00004450                DMA4_IRQHandler
 .text.DMA5_IRQHandler
                0x00004458        0x8 ./startup/startup_mk64f12.o
                0x00004458                DMA5_IRQHandler
 .text.DMA6_IRQHandler
                0x00004460        0x8 ./startup/startup_mk64f12.o
                0x00004460                DMA6_IRQHandler
 .text.DMA7_IRQHandler
                0x00004468        0x8 ./startup/startup_mk64f12.o
                0x00004468                DMA7_IRQHandler
 .text.DMA8_IRQHandler
                0x00004470        0x8 ./startup/startup_mk64f12.o
                0x00004470                DMA8_IRQHandler
 .text.DMA9_IRQHandler
                0x00004478        0x8 ./startup/startup_mk64f12.o
                0x00004478                DMA9_IRQHandler
 .text.DMA10_IRQHandler
                0x00004480        0x8 ./startup/startup_mk64f12.o
                0x00004480                DMA10_IRQHandler
 .text.DMA11_IRQHandler
                0x00004488        0x8 ./startup/startup_mk64f12.o
                0x00004488                DMA11_IRQHandler
 .text.DMA12_IRQHandler
                0x00004490        0x8 ./startup/startup_mk64f12.o
                0x00004490                DMA12_IRQHandler
 .text.DMA13_IRQHandler
                0x00004498        0x8 ./startup/startup_mk64f12.o
                0x00004498                DMA13_IRQHandler
 .text.DMA14_IRQHandler
                0x000044a0        0x8 ./startup/startup_mk64f12.o
                0x000044a0                DMA14_IRQHandler
 .text.DMA15_IRQHandler
                0x000044a8        0x8 ./startup/startup_mk64f12.o
                0x000044a8                DMA15_IRQHandler
 .text.DMA_Error_IRQHandler
                0x000044b0        0x8 ./startup/startup_mk64f12.o
                0x000044b0                DMA_Error_IRQHandler
 .text.MCM_IRQHandler
                0x000044b8        0x8 ./startup/startup_mk64f12.o
                0x000044b8                MCM_IRQHandler
 .text.FTFE_IRQHandler
                0x000044c0        0x8 ./startup/startup_mk64f12.o
                0x000044c0                FTFE_IRQHandler
 .text.Read_Collision_IRQHandler
                0x000044c8        0x8 ./startup/startup_mk64f12.o
                0x000044c8                Read_Collision_IRQHandler
 .text.LVD_LVW_IRQHandler
                0x000044d0        0x8 ./startup/startup_mk64f12.o
                0x000044d0                LVD_LVW_IRQHandler
 .text.LLWU_IRQHandler
                0x000044d8        0x8 ./startup/startup_mk64f12.o
                0x000044d8                LLWU_IRQHandler
 .text.WDOG_EWM_IRQHandler
                0x000044e0        0x8 ./startup/startup_mk64f12.o
                0x000044e0                WDOG_EWM_IRQHandler
 .text.RNG_IRQHandler
                0x000044e8        0x8 ./startup/startup_mk64f12.o
                0x000044e8                RNG_IRQHandler
 .text.I2C0_IRQHandler
                0x000044f0        0x8 ./startup/startup_mk64f12.o
                0x000044f0                I2C0_IRQHandler
 .text.I2C1_IRQHandler
                0x000044f8        0x8 ./startup/startup_mk64f12.o
                0x000044f8                I2C1_IRQHandler
 .text.SPI0_IRQHandler
                0x00004500        0x8 ./startup/startup_mk64f12.o
                0x00004500                SPI0_IRQHandler
 .text.SPI1_IRQHandler
                0x00004508        0x8 ./startup/startup_mk64f12.o
                0x00004508                SPI1_IRQHandler
 .text.I2S0_Tx_IRQHandler
                0x00004510        0x8 ./startup/startup_mk64f12.o
                0x00004510                I2S0_Tx_IRQHandler
 .text.I2S0_Rx_IRQHandler
                0x00004518        0x8 ./startup/startup_mk64f12.o
                0x00004518                I2S0_Rx_IRQHandler
 .text.UART0_LON_IRQHandler
                0x00004520        0x8 ./startup/startup_mk64f12.o
                0x00004520                UART0_LON_IRQHandler
 .text.UART0_RX_TX_IRQHandler
                0x00004528        0x8 ./startup/startup_mk64f12.o
                0x00004528                UART0_RX_TX_IRQHandler
 .text.UART0_ERR_IRQHandler
                0x00004530        0x8 ./startup/startup_mk64f12.o
                0x00004530                UART0_ERR_IRQHandler
 .text.UART1_RX_TX_IRQHandler
                0x00004538        0x8 ./startup/startup_mk64f12.o
                0x00004538                UART1_RX_TX_IRQHandler
 .text.UART1_ERR_IRQHandler
                0x00004540        0x8 ./startup/startup_mk64f12.o
                0x00004540                UART1_ERR_IRQHandler
 .text.UART2_RX_TX_IRQHandler
                0x00004548        0x8 ./startup/startup_mk64f12.o
                0x00004548                UART2_RX_TX_IRQHandler
 .text.UART2_ERR_IRQHandler
                0x00004550        0x8 ./startup/startup_mk64f12.o
                0x00004550                UART2_ERR_IRQHandler
 .text.UART3_RX_TX_IRQHandler
                0x00004558        0x8 ./startup/startup_mk64f12.o
                0x00004558                UART3_RX_TX_IRQHandler
 .text.UART3_ERR_IRQHandler
                0x00004560        0x8 ./startup/startup_mk64f12.o
                0x00004560                UART3_ERR_IRQHandler
 .text.ADC0_IRQHandler
                0x00004568        0x8 ./startup/startup_mk64f12.o
                0x00004568                ADC0_IRQHandler
 .text.CMP0_IRQHandler
                0x00004570        0x8 ./startup/startup_mk64f12.o
                0x00004570                CMP0_IRQHandler
 .text.CMP1_IRQHandler
                0x00004578        0x8 ./startup/startup_mk64f12.o
                0x00004578                CMP1_IRQHandler
 .text.FTM0_IRQHandler
                0x00004580        0x8 ./startup/startup_mk64f12.o
                0x00004580                FTM0_IRQHandler
 .text.FTM1_IRQHandler
                0x00004588        0x8 ./startup/startup_mk64f12.o
                0x00004588                FTM1_IRQHandler
 .text.FTM2_IRQHandler
                0x00004590        0x8 ./startup/startup_mk64f12.o
                0x00004590                FTM2_IRQHandler
 .text.CMT_IRQHandler
                0x00004598        0x8 ./startup/startup_mk64f12.o
                0x00004598                CMT_IRQHandler
 .text.RTC_IRQHandler
                0x000045a0        0x8 ./startup/startup_mk64f12.o
                0x000045a0                RTC_IRQHandler
 .text.RTC_Seconds_IRQHandler
                0x000045a8        0x8 ./startup/startup_mk64f12.o
                0x000045a8                RTC_Seconds_IRQHandler
 .text.PIT0_IRQHandler
                0x000045b0        0x8 ./startup/startup_mk64f12.o
                0x000045b0                PIT0_IRQHandler
 .text.PIT1_IRQHandler
                0x000045b8        0x8 ./startup/startup_mk64f12.o
                0x000045b8                PIT1_IRQHandler
 .text.PIT2_IRQHandler
                0x000045c0        0x8 ./startup/startup_mk64f12.o
                0x000045c0                PIT2_IRQHandler
 .text.PIT3_IRQHandler
                0x000045c8        0x8 ./startup/startup_mk64f12.o
                0x000045c8                PIT3_IRQHandler
 .text.PDB0_IRQHandler
                0x000045d0        0x8 ./startup/startup_mk64f12.o
                0x000045d0                PDB0_IRQHandler
 .text.USB0_IRQHandler
                0x000045d8        0x8 ./startup/startup_mk64f12.o
                0x000045d8                USB0_IRQHandler
 .text.USBDCD_IRQHandler
                0x000045e0        0x8 ./startup/startup_mk64f12.o
                0x000045e0                USBDCD_IRQHandler
 .text.Reserved71_IRQHandler
                0x000045e8        0x8 ./startup/startup_mk64f12.o
                0x000045e8                Reserved71_IRQHandler
 .text.DAC0_IRQHandler
                0x000045f0        0x8 ./startup/startup_mk64f12.o
                0x000045f0                DAC0_IRQHandler
 .text.MCG_IRQHandler
                0x000045f8        0x8 ./startup/startup_mk64f12.o
                0x000045f8                MCG_IRQHandler
 .text.LPTMR0_IRQHandler
                0x00004600        0x8 ./startup/startup_mk64f12.o
                0x00004600                LPTMR0_IRQHandler
 .text.PORTA_IRQHandler
                0x00004608        0x8 ./startup/startup_mk64f12.o
                0x00004608                PORTA_IRQHandler
 .text.PORTB_IRQHandler
                0x00004610        0x8 ./startup/startup_mk64f12.o
                0x00004610                PORTB_IRQHandler
 .text.PORTC_IRQHandler
                0x00004618        0x8 ./startup/startup_mk64f12.o
                0x00004618                PORTC_IRQHandler
 .text.PORTD_IRQHandler
                0x00004620        0x8 ./startup/startup_mk64f12.o
                0x00004620                PORTD_IRQHandler
 .text.PORTE_IRQHandler
                0x00004628        0x8 ./startup/startup_mk64f12.o
                0x00004628                PORTE_IRQHandler
 .text.SWI_IRQHandler
                0x00004630        0x8 ./startup/startup_mk64f12.o
                0x00004630                SWI_IRQHandler
 .text.SPI2_IRQHandler
                0x00004638        0x8 ./startup/startup_mk64f12.o
                0x00004638                SPI2_IRQHandler
 .text.UART4_RX_TX_IRQHandler
                0x00004640        0x8 ./startup/startup_mk64f12.o
                0x00004640                UART4_RX_TX_IRQHandler
 .text.UART4_ERR_IRQHandler
                0x00004648        0x8 ./startup/startup_mk64f12.o
                0x00004648                UART4_ERR_IRQHandler
 .text.UART5_RX_TX_IRQHandler
                0x00004650        0x8 ./startup/startup_mk64f12.o
                0x00004650                UART5_RX_TX_IRQHandler
 .text.UART5_ERR_IRQHandler
                0x00004658        0x8 ./startup/startup_mk64f12.o
                0x00004658                UART5_ERR_IRQHandler
 .text.CMP2_IRQHandler
                0x00004660        0x8 ./startup/startup_mk64f12.o
                0x00004660                CMP2_IRQHandler
 .text.FTM3_IRQHandler
                0x00004668        0x8 ./startup/startup_mk64f12.o
                0x00004668                FTM3_IRQHandler
 .text.DAC1_IRQHandler
                0x00004670        0x8 ./startup/startup_mk64f12.o
                0x00004670                DAC1_IRQHandler
 .text.ADC1_IRQHandler
                0x00004678        0x8 ./startup/startup_mk64f12.o
                0x00004678                ADC1_IRQHandler
 .text.I2C2_IRQHandler
                0x00004680        0x8 ./startup/startup_mk64f12.o
                0x00004680                I2C2_IRQHandler
 .text.CAN0_ORed_Message_buffer_IRQHandler
                0x00004688        0x8 ./startup/startup_mk64f12.o
                0x00004688                CAN0_ORed_Message_buffer_IRQHandler
 .text.CAN0_Bus_Off_IRQHandler
                0x00004690        0x8 ./startup/startup_mk64f12.o
                0x00004690                CAN0_Bus_Off_IRQHandler
 .text.CAN0_Error_IRQHandler
                0x00004698        0x8 ./startup/startup_mk64f12.o
                0x00004698                CAN0_Error_IRQHandler
 .text.CAN0_Tx_Warning_IRQHandler
                0x000046a0        0x8 ./startup/startup_mk64f12.o
                0x000046a0                CAN0_Tx_Warning_IRQHandler
 .text.CAN0_Rx_Warning_IRQHandler
                0x000046a8        0x8 ./startup/startup_mk64f12.o
                0x000046a8                CAN0_Rx_Warning_IRQHandler
 .text.CAN0_Wake_Up_IRQHandler
                0x000046b0        0x8 ./startup/startup_mk64f12.o
                0x000046b0                CAN0_Wake_Up_IRQHandler
 .text.SDHC_IRQHandler
                0x000046b8        0x8 ./startup/startup_mk64f12.o
                0x000046b8                SDHC_IRQHandler
 .text.ENET_1588_Timer_IRQHandler
                0x000046c0        0x8 ./startup/startup_mk64f12.o
                0x000046c0                ENET_1588_Timer_IRQHandler
 .text.ENET_Transmit_IRQHandler
                0x000046c8        0x8 ./startup/startup_mk64f12.o
                0x000046c8                ENET_Transmit_IRQHandler
 .text.ENET_Receive_IRQHandler
                0x000046d0        0x8 ./startup/startup_mk64f12.o
                0x000046d0                ENET_Receive_IRQHandler
 .text.ENET_Error_IRQHandler
                0x000046d8        0x8 ./startup/startup_mk64f12.o
                0x000046d8                ENET_Error_IRQHandler
 .text.HardFault_Handler
                0x000046e0       0x36 ./source/semihost_hardfault.o
                0x000046e0                HardFault_Handler
 .text.vListInitialise
                0x00004716       0x40 ./freertos/freertos_kernel/list.o
                0x00004716                vListInitialise
 .text.vListInitialiseItem
                0x00004756       0x1a ./freertos/freertos_kernel/list.o
                0x00004756                vListInitialiseItem
 .text.vListInsertEnd
                0x00004770       0x48 ./freertos/freertos_kernel/list.o
                0x00004770                vListInsertEnd
 .text.vListInsert
                0x000047b8       0x72 ./freertos/freertos_kernel/list.o
                0x000047b8                vListInsert
 .text.uxListRemove
                0x0000482a       0x54 ./freertos/freertos_kernel/list.o
                0x0000482a                uxListRemove
 .text.xQueueGenericCreate
                0x0000487e       0xbe ./freertos/freertos_kernel/queue.o
                0x0000487e                xQueueGenericCreate
 .text.prvInitialiseNewQueue
                0x0000493c       0x46 ./freertos/freertos_kernel/queue.o
 .text.prvInitialiseMutex
                0x00004982       0x34 ./freertos/freertos_kernel/queue.o
 .text.xQueueCreateMutex
                0x000049b6       0x30 ./freertos/freertos_kernel/queue.o
                0x000049b6                xQueueCreateMutex
 .text.xQueueGenericSendFromISR
                0x000049e6      0x154 ./freertos/freertos_kernel/queue.o
                0x000049e6                xQueueGenericSendFromISR
 .text.prvGetDisinheritPriorityAfterTimeout
                0x00004b3a       0x30 ./freertos/freertos_kernel/queue.o
 .text.prvCopyDataToQueue
                0x00004b6a       0xd4 ./freertos/freertos_kernel/queue.o
 .text.prvCopyDataFromQueue
                0x00004c3e       0x4c ./freertos/freertos_kernel/queue.o
 .text.prvUnlockQueue
                0x00004c8a       0xa4 ./freertos/freertos_kernel/queue.o
 .text.prvIsQueueEmpty
                0x00004d2e       0x2c ./freertos/freertos_kernel/queue.o
 .text.prvIsQueueFull
                0x00004d5a       0x30 ./freertos/freertos_kernel/queue.o
 .text.vQueueWaitForMessageRestricted
                0x00004d8a       0x68 ./freertos/freertos_kernel/queue.o
                0x00004d8a                vQueueWaitForMessageRestricted
 .text.xTaskCreate
                0x00004df2       0x82 ./freertos/freertos_kernel/tasks.o
                0x00004df2                xTaskCreate
 .text.prvInitialiseNewTask
                0x00004e74      0x140 ./freertos/freertos_kernel/tasks.o
 .text.prvDeleteTCB
                0x00004fb4       0x20 ./freertos/freertos_kernel/tasks.o
 .text.prvTimerTask
                0x00004fd4       0x24 ./freertos/freertos_kernel/timers.o
 .text.OSC_SetExtRefClkConfig
                0x00004ff8       0x34 ./drivers/fsl_clock.o
 .text.OSC_SetCapLoad
                0x0000502c       0x34 ./drivers/fsl_clock.o
 .text.CLOCK_GetPll0RefFreq
                0x00005060        0xe ./drivers/fsl_clock.o
 .text.CLOCK_EnableClock
                0x0000506e       0x34 ./drivers/fsl_uart.o
 .text.UART_WriteBlocking
                0x000050a2       0x50 ./drivers/fsl_uart.o
                0x000050a2                UART_WriteBlocking
 .text.UART0_RX_TX_DriverIRQHandler
                0x000050f2       0x12 ./drivers/fsl_uart.o
                0x000050f2                UART0_RX_TX_DriverIRQHandler
 .text.UART1_RX_TX_DriverIRQHandler
                0x00005104       0x12 ./drivers/fsl_uart.o
                0x00005104                UART1_RX_TX_DriverIRQHandler
 .text.UART2_RX_TX_DriverIRQHandler
                0x00005116       0x12 ./drivers/fsl_uart.o
                0x00005116                UART2_RX_TX_DriverIRQHandler
 .text.UART3_RX_TX_DriverIRQHandler
                0x00005128       0x12 ./drivers/fsl_uart.o
                0x00005128                UART3_RX_TX_DriverIRQHandler
 .text.UART4_RX_TX_DriverIRQHandler
                0x0000513a       0x12 ./drivers/fsl_uart.o
                0x0000513a                UART4_RX_TX_DriverIRQHandler
 .text.UART5_RX_TX_DriverIRQHandler
                0x0000514c       0x12 ./drivers/fsl_uart.o
                0x0000514c                UART5_RX_TX_DriverIRQHandler
 .text.SystemInitHook
                0x0000515e        0xe ./device/system_MK64F12.o
                0x0000515e                SystemInitHook
 .text.HAL_UartGetStatus
                0x0000516c       0x22 ./component/uart/fsl_adapter_uart.o
 .text.DisableGlobalIRQ
                0x0000518e       0x22 ./component/serial_manager/fsl_component_serial_manager.o
 .text.EnableGlobalIRQ
                0x000051b0       0x20 ./component/serial_manager/fsl_component_serial_manager.o
 .text.SerialManager_StartWriting
                0x000051d0       0x38 ./component/serial_manager/fsl_component_serial_manager.o
 .text.SerialManager_Write
                0x00005208       0x44 ./component/serial_manager/fsl_component_serial_manager.o
 .text.SerialManager_Init
                0x0000524c       0x60 ./component/serial_manager/fsl_component_serial_manager.o
                0x0000524c                SerialManager_Init
 .text.SerialManager_OpenWriteHandle
                0x000052ac       0x50 ./component/serial_manager/fsl_component_serial_manager.o
                0x000052ac                SerialManager_OpenWriteHandle
 .text.SerialManager_OpenReadHandle
                0x000052fc       0x60 ./component/serial_manager/fsl_component_serial_manager.o
                0x000052fc                SerialManager_OpenReadHandle
 .text.SerialManager_WriteBlocking
                0x0000535c       0x20 ./component/serial_manager/fsl_component_serial_manager.o
                0x0000535c                SerialManager_WriteBlocking
 .text.Serial_UartInit
                0x0000537c       0x3e ./component/serial_manager/fsl_component_serial_port_uart.o
                0x0000537c                Serial_UartInit
 .text.Serial_UartWrite
                0x000053ba       0x38 ./component/serial_manager/fsl_component_serial_port_uart.o
                0x000053ba                Serial_UartWrite
 .text.BOARD_InitDebugConsole
                0x000053f2       0x22 ./board/board.o
                0x000053f2                BOARD_InitDebugConsole
 .text.BOARD_InitBootClocks
                0x00005414        0xc ./board/clock_config.o
                0x00005414                BOARD_InitBootClocks
 .text.CLOCK_EnableClock
                0x00005420       0x34 ./board/pin_mux.o
 .text.PORT_SetPinMux
                0x00005454       0x3a ./board/pin_mux.o
 .text.BOARD_InitBootPins
                0x0000548e        0xc ./board/pin_mux.o
                0x0000548e                BOARD_InitBootPins
 .text.__main   0x0000549a        0xe c:/nxp/mcuxpressoide_11.8.0_1165/ide/plugins/com.nxp.mcuxpresso.tools.win32_11.8.0.202306131047/tools/bin/../lib/gcc/arm-none-eabi/12.2.1/../../../../arm-none-eabi/lib/thumb/v7e-m+fp/hard\libcr_nohost_nf.a(_cr__main.o)
                0x0000549a                __main
 .text.memcpy   0x000054a8        0x4 c:/nxp/mcuxpressoide_11.8.0_1165/ide/plugins/com.nxp.mcuxpresso.tools.win32_11.8.0.202306131047/tools/bin/../lib/gcc/arm-none-eabi/12.2.1/../../../../arm-none-eabi/lib/thumb/v7e-m+fp/hard\libcr_c.a(memcpy.o)
                0x000054a8                memcpy
 .text.memset   0x000054ac        0x4 c:/nxp/mcuxpressoide_11.8.0_1165/ide/plugins/com.nxp.mcuxpresso.tools.win32_11.8.0.202306131047/tools/bin/../lib/gcc/arm-none-eabi/12.2.1/../../../../arm-none-eabi/lib/thumb/v7e-m+fp/hard\libcr_c.a(memset.o)
                0x000054ac                memset
 .text.free     0x000054b0       0x30 c:/nxp/mcuxpressoide_11.8.0_1165/ide/plugins/com.nxp.mcuxpresso.tools.win32_11.8.0.202306131047/tools/bin/../lib/gcc/arm-none-eabi/12.2.1/../../../../arm-none-eabi/lib/thumb/v7e-m+fp/hard\libcr_c.a(alloc.o)
                0x000054b0                free
 .text.setvbuf  0x000054e0       0x3e c:/nxp/mcuxpressoide_11.8.0_1165/ide/plugins/com.nxp.mcuxpresso.tools.win32_11.8.0.202306131047/tools/bin/../lib/gcc/arm-none-eabi/12.2.1/../../../../arm-none-eabi/lib/thumb/v7e-m+fp/hard\libcr_c.a(setvbuf.o)
                0x000054e0                setvbuf
 .text.strlen   0x0000551e       0x4e c:/nxp/mcuxpressoide_11.8.0_1165/ide/plugins/com.nxp.mcuxpresso.tools.win32_11.8.0.202306131047/tools/bin/../lib/gcc/arm-none-eabi/12.2.1/../../../../arm-none-eabi/lib/thumb/v7e-m+fp/hard\libcr_c.a(strlen.o)
                0x0000551e                strlen
 .text._deferredlazyseek
                0x0000556c       0x40 c:/nxp/mcuxpressoide_11.8.0_1165/ide/plugins/com.nxp.mcuxpresso.tools.win32_11.8.0.202306131047/tools/bin/../lib/gcc/arm-none-eabi/12.2.1/../../../../arm-none-eabi/lib/thumb/v7e-m+fp/hard\libcr_c.a(_deferredlazyseek.o)
                0x0000556c                _deferredlazyseek
 .text._fdopen  0x000055ac       0x68 c:/nxp/mcuxpressoide_11.8.0_1165/ide/plugins/com.nxp.mcuxpresso.tools.win32_11.8.0.202306131047/tools/bin/../lib/gcc/arm-none-eabi/12.2.1/../../../../arm-none-eabi/lib/thumb/v7e-m+fp/hard\libcr_c.a(_fdopen.o)
                0x000055ac                _fdopen
 .text._fflush  0x00005614       0x52 c:/nxp/mcuxpressoide_11.8.0_1165/ide/plugins/com.nxp.mcuxpresso.tools.win32_11.8.0.202306131047/tools/bin/../lib/gcc/arm-none-eabi/12.2.1/../../../../arm-none-eabi/lib/thumb/v7e-m+fp/hard\libcr_c.a(_fflush.o)
                0x00005614                _fflush
 .text.fclose   0x00005666       0x58 c:/nxp/mcuxpressoide_11.8.0_1165/ide/plugins/com.nxp.mcuxpresso.tools.win32_11.8.0.202306131047/tools/bin/../lib/gcc/arm-none-eabi/12.2.1/../../../../arm-none-eabi/lib/thumb/v7e-m+fp/hard\libcr_c.a(fclose.o)
                0x00005666                fclose
 .text.remove   0x000056be       0x14 c:/nxp/mcuxpressoide_11.8.0_1165/ide/plugins/com.nxp.mcuxpresso.tools.win32_11.8.0.202306131047/tools/bin/../lib/gcc/arm-none-eabi/12.2.1/../../../../arm-none-eabi/lib/thumb/v7e-m+fp/hard\libcr_c.a(remove.o)
                0x000056be                remove
 .text._do_fflush
                0x000056d2       0x40 c:/nxp/mcuxpressoide_11.8.0_1165/ide/plugins/com.nxp.mcuxpresso.tools.win32_11.8.0.202306131047/tools/bin/../lib/gcc/arm-none-eabi/12.2.1/../../../../arm-none-eabi/lib/thumb/v7e-m+fp/hard\libcr_c.a(_do_fflush.o)
                0x000056d2                _do_fflush
 .text.__aeabi_memcpy
                0x00005712       0x34 c:/nxp/mcuxpressoide_11.8.0_1165/ide/plugins/com.nxp.mcuxpresso.tools.win32_11.8.0.202306131047/tools/bin/../lib/gcc/arm-none-eabi/12.2.1/thumb/v7e-m+fp/hard\libcr_eabihelpers.a(memcpy.o)
                0x00005712                __aeabi_memcpy
                0x0000571c                __aeabi_memcpy8
                0x0000571c                __aeabi_memcpy4
 .text.__aeabi_memset_lowlevel
                0x00005746       0x32 c:/nxp/mcuxpressoide_11.8.0_1165/ide/plugins/com.nxp.mcuxpresso.tools.win32_11.8.0.202306131047/tools/bin/../lib/gcc/arm-none-eabi/12.2.1/thumb/v7e-m+fp/hard\libcr_eabihelpers.a(memcpy.o)
                0x00005746                __aeabi_lowlevel_memset
 .text.__sys_close
                0x00005778        0x6 c:/nxp/mcuxpressoide_11.8.0_1165/ide/plugins/com.nxp.mcuxpresso.tools.win32_11.8.0.202306131047/tools/bin/../lib/gcc/arm-none-eabi/12.2.1/../../../../arm-none-eabi/lib/thumb/v7e-m+fp/hard\libcr_nohost_nf.a(__sys_close.o)
                0x00005778                __sys_close
 .text.__sys_flen
                0x0000577e        0x6 c:/nxp/mcuxpressoide_11.8.0_1165/ide/plugins/com.nxp.mcuxpresso.tools.win32_11.8.0.202306131047/tools/bin/../lib/gcc/arm-none-eabi/12.2.1/../../../../arm-none-eabi/lib/thumb/v7e-m+fp/hard\libcr_nohost_nf.a(__sys_flen.o)
                0x0000577e                __sys_flen
 .text.__sys_istty
                0x00005784        0x6 c:/nxp/mcuxpressoide_11.8.0_1165/ide/plugins/com.nxp.mcuxpresso.tools.win32_11.8.0.202306131047/tools/bin/../lib/gcc/arm-none-eabi/12.2.1/../../../../arm-none-eabi/lib/thumb/v7e-m+fp/hard\libcr_nohost_nf.a(__sys_istty.o)
                0x00005784                __sys_istty
 .text.__sys_remove
                0x0000578a        0x6 c:/nxp/mcuxpressoide_11.8.0_1165/ide/plugins/com.nxp.mcuxpresso.tools.win32_11.8.0.202306131047/tools/bin/../lib/gcc/arm-none-eabi/12.2.1/../../../../arm-none-eabi/lib/thumb/v7e-m+fp/hard\libcr_nohost_nf.a(__sys_remove.o)
                0x0000578a                __sys_remove
 .text.__sys_seek
                0x00005790        0x6 c:/nxp/mcuxpressoide_11.8.0_1165/ide/plugins/com.nxp.mcuxpresso.tools.win32_11.8.0.202306131047/tools/bin/../lib/gcc/arm-none-eabi/12.2.1/../../../../arm-none-eabi/lib/thumb/v7e-m+fp/hard\libcr_nohost_nf.a(__sys_seek.o)
                0x00005790                __sys_seek
 .text.__sys_tmpnam
                0x00005796        0x6 c:/nxp/mcuxpressoide_11.8.0_1165/ide/plugins/com.nxp.mcuxpresso.tools.win32_11.8.0.202306131047/tools/bin/../lib/gcc/arm-none-eabi/12.2.1/../../../../arm-none-eabi/lib/thumb/v7e-m+fp/hard\libcr_nohost_nf.a(__sys_tmpnam.o)
                0x00005796                __sys_tmpnam
 .text.__sys_write
                0x0000579c        0x4 c:/nxp/mcuxpressoide_11.8.0_1165/ide/plugins/com.nxp.mcuxpresso.tools.win32_11.8.0.202306131047/tools/bin/../lib/gcc/arm-none-eabi/12.2.1/../../../../arm-none-eabi/lib/thumb/v7e-m+fp/hard\libcr_nohost_nf.a(__sys_write.o)
                0x0000579c                __sys_write
 *freertos*/tasks.o(SORT_BY_ALIGNMENT(.rodata*))
 .rodata.vTaskStartScheduler.str1.4
                0x000057a0        0x5 ./freertos/freertos_kernel/tasks.o
 *fill*         0x000057a5        0x3 ff
 .rodata        0x000057a8       0x1c ./freertos/freertos_kernel/tasks.o
                0x000057a8                portArch_Name
                0x000057ac                FreeRTOSDebugConfig
 *(SORT_BY_ALIGNMENT(.rodata) SORT_BY_ALIGNMENT(.rodata.*) SORT_BY_ALIGNMENT(.constdata) SORT_BY_ALIGNMENT(.constdata.*))
 .rodata.__assertion_failed.str1.4
                0x000057c4       0x14 ./utilities/fsl_assert.o
 .rodata.main.str1.4
                0x000057d8       0x69 ./source/freertos_mutex.o
 *fill*         0x00005841        0x3 ff
 .rodata.write_task_1.str1.4
                0x00005844       0x2c ./source/freertos_mutex.o
 .rodata.write_task_2.str1.4
                0x00005870       0x10 ./source/freertos_mutex.o
 .rodata.write_task_3.str1.4
                0x00005880       0x10 ./source/freertos_mutex.o
 .rodata.write_task_4.str1.4
                0x00005890       0x10 ./source/freertos_mutex.o
 .rodata.xTimerCreateTimerTask.str1.4
                0x000058a0        0x8 ./freertos/freertos_kernel/timers.o
 .rodata.prvCheckForValidListAndQueue.str1.4
                0x000058a8        0x5 ./freertos/freertos_kernel/timers.o
 *fill*         0x000058ad        0x3 ff
 .rodata.CLOCK_GetMcgExtClkFreq.str1.4
                0x000058b0       0x49 ./drivers/fsl_clock.o
 *fill*         0x000058f9        0x3 ff
 .rodata.CLOCK_GetPll0Freq.str1.4
                0x000058fc       0x1d ./drivers/fsl_clock.o
 *fill*         0x00005919        0x3 ff
 .rodata.CLOCK_EnablePll0.str1.4
                0x0000591c       0x1a ./drivers/fsl_clock.o
 *fill*         0x00005936        0x2 ff
 .rodata.CLOCK_SetPbeMode.str1.4
                0x00005938       0x1a ./drivers/fsl_clock.o
 *fill*         0x00005952        0x2 ff
 .rodata.CLOCK_BootToPeeMode.str1.4
                0x00005954       0x1a ./drivers/fsl_clock.o
 *fill*         0x0000596e        0x2 ff
 .rodata.fllFactorTable.1
                0x00005970       0x10 ./drivers/fsl_clock.o
 .rodata.s_uartBases
                0x00005980       0x18 ./drivers/fsl_uart.o
 .rodata.s_uartClock
                0x00005998       0x18 ./drivers/fsl_uart.o
 .rodata.UART_GetInstance.str1.4
                0x000059b0       0x2b ./drivers/fsl_uart.o
 *fill*         0x000059db        0x1 ff
 .rodata.UART_Init.str1.4
                0x000059dc       0xfb ./drivers/fsl_uart.o
 *fill*         0x00005ad7        0x1 ff
 .rodata.UART_GetDefaultConfig.str1.4
                0x00005ad8       0x20 ./drivers/fsl_uart.o
 .rodata.s_UartAdapterBase
                0x00005af8       0x18 ./component/uart/fsl_adapter_uart.o
 .rodata.HAL_UartInit.str1.4
                0x00005b10       0xdd ./component/uart/fsl_adapter_uart.o
 *fill*         0x00005bed        0x3 ff
 .rodata.HAL_UartSendBlocking.str1.4
                0x00005bf0       0x60 ./component/uart/fsl_adapter_uart.o
 .rodata.mcgConfig_BOARD_BootClockRUN
                0x00005c50        0xb ./board/clock_config.o
                0x00005c50                mcgConfig_BOARD_BootClockRUN
 *fill*         0x00005c5b        0x1 ff
 .rodata.simConfig_BOARD_BootClockRUN
                0x00005c5c        0x8 ./board/clock_config.o
                0x00005c5c                simConfig_BOARD_BootClockRUN
 .rodata.oscConfig_BOARD_BootClockRUN
                0x00005c64        0x8 ./board/clock_config.o
                0x00005c64                oscConfig_BOARD_BootClockRUN
 .rodata.__num_Ciob_streams
                0x00005c6c        0x4 c:/nxp/mcuxpressoide_11.8.0_1165/ide/plugins/com.nxp.mcuxpresso.tools.win32_11.8.0.202306131047/tools/bin/../lib/gcc/arm-none-eabi/12.2.1/../../../../arm-none-eabi/lib/thumb/v7e-m+fp/hard\libcr_nohost_nf.a(__ciob.o)
                0x00005c6c                __num_Ciob_streams
 .rodata._initio.str1.1
                0x00005c70        0x4 c:/nxp/mcuxpressoide_11.8.0_1165/ide/plugins/com.nxp.mcuxpresso.tools.win32_11.8.0.202306131047/tools/bin/../lib/gcc/arm-none-eabi/12.2.1/../../../../arm-none-eabi/lib/thumb/v7e-m+fp/hard\libcr_c.a(initio.o)
                0x00005c78                . = ALIGN (0x8)
 *fill*         0x00005c74        0x4 ff

.glue_7         0x00005c78        0x0
 .glue_7        0x00005c78        0x0 linker stubs

.glue_7t        0x00005c78        0x0
 .glue_7t       0x00005c78        0x0 linker stubs

.vfp11_veneer   0x00005c78        0x0
 .vfp11_veneer  0x00005c78        0x0 linker stubs

.v4_bx          0x00005c78        0x0
 .v4_bx         0x00005c78        0x0 linker stubs

.iplt           0x00005c78        0x0
 .iplt          0x00005c78        0x0 ./utilities/fsl_assert.o

.rel.dyn        0x00005c78        0x0
 .rel.iplt      0x00005c78        0x0 ./utilities/fsl_assert.o

.ARM.extab
 *(SORT_BY_ALIGNMENT(.ARM.extab*) SORT_BY_ALIGNMENT(.gnu.linkonce.armextab.*))

.ARM.exidx      0x00005c78        0x0
                0x00005c78                __exidx_start = .
 *(SORT_BY_ALIGNMENT(.ARM.exidx*) SORT_BY_ALIGNMENT(.gnu.linkonce.armexidx.*))
                0x00005c78                __exidx_end = .
                0x00005c78                _etext = .

.m_usb_data
 *(SORT_BY_ALIGNMENT(m_usb_bdt))

.data_RAM2      0x1fff0000        0x0 load address 0x00005c78
 FILL mask 0xff
                [!provide]                PROVIDE (__start_data_RAM2 = .)
                [!provide]                PROVIDE (__start_data_SRAM_LOWER = .)
 *(SORT_BY_ALIGNMENT(.ramfunc.$RAM2))
 *(SORT_BY_ALIGNMENT(.ramfunc.$SRAM_LOWER))
 *(SORT_BY_ALIGNMENT(.data.$RAM2))
 *(SORT_BY_ALIGNMENT(.data.$SRAM_LOWER))
 *(SORT_BY_ALIGNMENT(.data.$RAM2.*))
 *(SORT_BY_ALIGNMENT(.data.$SRAM_LOWER.*))
                0x1fff0000                . = ALIGN (0x8)
                [!provide]                PROVIDE (__end_data_RAM2 = .)
                [!provide]                PROVIDE (__end_data_SRAM_LOWER = .)

.data_RAM3      0x14000000        0x0 load address 0x00005c78
 FILL mask 0xff
                [!provide]                PROVIDE (__start_data_RAM3 = .)
                [!provide]                PROVIDE (__start_data_FLEX_RAM = .)
 *(SORT_BY_ALIGNMENT(.ramfunc.$RAM3))
 *(SORT_BY_ALIGNMENT(.ramfunc.$FLEX_RAM))
 *(SORT_BY_ALIGNMENT(.data.$RAM3))
 *(SORT_BY_ALIGNMENT(.data.$FLEX_RAM))
 *(SORT_BY_ALIGNMENT(.data.$RAM3.*))
 *(SORT_BY_ALIGNMENT(.data.$FLEX_RAM.*))
                0x14000000                . = ALIGN (0x8)
                [!provide]                PROVIDE (__end_data_RAM3 = .)
                [!provide]                PROVIDE (__end_data_FLEX_RAM = .)

.uninit_RESERVED
                0x20000000        0x0
                0x20000000                _start_uninit_RESERVED = .
 *(SORT_BY_ALIGNMENT(.bss.$RESERVED*))
                0x20000000                . = ALIGN (0x8)
                0x20000000                _end_uninit_RESERVED = .

.data           0x20000000       0x18 load address 0x00005c78
 FILL mask 0xff
                0x20000000                _data = .
                [!provide]                PROVIDE (__start_data_RAM = .)
                [!provide]                PROVIDE (__start_data_SRAM_UPPER = .)
 *(SORT_BY_ALIGNMENT(vtable))
 *(SORT_BY_ALIGNMENT(.ramfunc*))
 *(SORT_BY_ALIGNMENT(CodeQuickAccess))
 *(SORT_BY_ALIGNMENT(DataQuickAccess))
 *(SORT_BY_ALIGNMENT(RamFunction))
 *(SORT_BY_ALIGNMENT(.data*))
 .data.uxCriticalNesting
                0x20000000        0x4 ./freertos/freertos_kernel/portable/GCC/ARM_CM4F/port.o
 .data.uxTopUsedPriority
                0x20000004        0x4 ./freertos/freertos_kernel/tasks.o
                0x20000004                uxTopUsedPriority
 .data.s_slowIrcFreq
                0x20000008        0x4 ./drivers/fsl_clock.o
 .data.s_fastIrcFreq
                0x2000000c        0x4 ./drivers/fsl_clock.o
 .data.SystemCoreClock
                0x20000010        0x4 ./device/system_MK64F12.o
                0x20000010                SystemCoreClock
                0x20000018                . = ALIGN (0x8)
 *fill*         0x20000014        0x4 ff
                0x20000018                _edata = .
                [!provide]                PROVIDE (__end_data_RAM = .)
                [!provide]                PROVIDE (__end_data_SRAM_UPPER = .)

.igot.plt       0x20000018        0x0 load address 0x00005c90
 .igot.plt      0x20000018        0x0 ./utilities/fsl_assert.o

.bss_RAM2       0x1fff0000        0x0
                [!provide]                PROVIDE (__start_bss_RAM2 = .)
                [!provide]                PROVIDE (__start_bss_SRAM_LOWER = .)
 *(SORT_BY_ALIGNMENT(.bss.$RAM2))
 *(SORT_BY_ALIGNMENT(.bss.$SRAM_LOWER))
 *(SORT_BY_ALIGNMENT(.bss.$RAM2.*))
 *(SORT_BY_ALIGNMENT(.bss.$SRAM_LOWER.*))
                0x1fff0000                . = ALIGN ((. != 0x0)?0x8:0x1)
                [!provide]                PROVIDE (__end_bss_RAM2 = .)
                [!provide]                PROVIDE (__end_bss_SRAM_LOWER = .)

.bss_RAM3       0x14000000        0x0
                [!provide]                PROVIDE (__start_bss_RAM3 = .)
                [!provide]                PROVIDE (__start_bss_FLEX_RAM = .)
 *(SORT_BY_ALIGNMENT(.bss.$RAM3))
 *(SORT_BY_ALIGNMENT(.bss.$FLEX_RAM))
 *(SORT_BY_ALIGNMENT(.bss.$RAM3.*))
 *(SORT_BY_ALIGNMENT(.bss.$FLEX_RAM.*))
                0x14000000                . = ALIGN ((. != 0x0)?0x8:0x1)
                [!provide]                PROVIDE (__end_bss_RAM3 = .)
                [!provide]                PROVIDE (__end_bss_FLEX_RAM = .)

.bss            0x20000018     0x2ab0
                0x20000018                _bss = .
                [!provide]                PROVIDE (__start_bss_RAM = .)
                [!provide]                PROVIDE (__start_bss_SRAM_UPPER = .)
 *(SORT_BY_ALIGNMENT(.bss*))
 .bss.s_debugConsoleState
                0x20000018       0x20 ./utilities/fsl_debug_console.o
 .bss.g_serialHandle
                0x20000038        0x4 ./utilities/fsl_debug_console.o
                0x20000038                g_serialHandle
 .bss.xMutex    0x2000003c        0x4 ./source/freertos_mutex.o
                0x2000003c                xMutex
 .bss.ucHeap    0x20000040     0x2800 ./freertos/freertos_kernel/portable/MemMang/heap_4.o
 .bss.xStart    0x20002840        0x8 ./freertos/freertos_kernel/portable/MemMang/heap_4.o
 .bss.pxEnd     0x20002848        0x4 ./freertos/freertos_kernel/portable/MemMang/heap_4.o
 .bss.xFreeBytesRemaining
                0x2000284c        0x4 ./freertos/freertos_kernel/portable/MemMang/heap_4.o
 .bss.xMinimumEverFreeBytesRemaining
                0x20002850        0x4 ./freertos/freertos_kernel/portable/MemMang/heap_4.o
 .bss.xNumberOfSuccessfulAllocations
                0x20002854        0x4 ./freertos/freertos_kernel/portable/MemMang/heap_4.o
 .bss.xNumberOfSuccessfulFrees
                0x20002858        0x4 ./freertos/freertos_kernel/portable/MemMang/heap_4.o
 .bss.xBlockAllocatedBit
                0x2000285c        0x4 ./freertos/freertos_kernel/portable/MemMang/heap_4.o
 .bss.ulMaxPRIGROUPValue
                0x20002860        0x4 ./freertos/freertos_kernel/portable/GCC/ARM_CM4F/port.o
 .bss.xQueueRegistry
                0x20002864       0x40 ./freertos/freertos_kernel/queue.o
                0x20002864                xQueueRegistry
 .bss.pxCurrentTCB
                0x200028a4        0x4 ./freertos/freertos_kernel/tasks.o
                0x200028a4                pxCurrentTCB
 .bss.pxReadyTasksLists
                0x200028a8       0x64 ./freertos/freertos_kernel/tasks.o
 .bss.xDelayedTaskList1
                0x2000290c       0x14 ./freertos/freertos_kernel/tasks.o
 .bss.xDelayedTaskList2
                0x20002920       0x14 ./freertos/freertos_kernel/tasks.o
 .bss.pxDelayedTaskList
                0x20002934        0x4 ./freertos/freertos_kernel/tasks.o
 .bss.pxOverflowDelayedTaskList
                0x20002938        0x4 ./freertos/freertos_kernel/tasks.o
 .bss.xPendingReadyList
                0x2000293c       0x14 ./freertos/freertos_kernel/tasks.o
 .bss.xTasksWaitingTermination
                0x20002950       0x14 ./freertos/freertos_kernel/tasks.o
 .bss.uxDeletedTasksWaitingCleanUp
                0x20002964        0x4 ./freertos/freertos_kernel/tasks.o
 .bss.xSuspendedTaskList
                0x20002968       0x14 ./freertos/freertos_kernel/tasks.o
 .bss.uxCurrentNumberOfTasks
                0x2000297c        0x4 ./freertos/freertos_kernel/tasks.o
 .bss.xTickCount
                0x20002980        0x4 ./freertos/freertos_kernel/tasks.o
 .bss.uxTopReadyPriority
                0x20002984        0x4 ./freertos/freertos_kernel/tasks.o
 .bss.xSchedulerRunning
                0x20002988        0x4 ./freertos/freertos_kernel/tasks.o
 .bss.xPendedTicks
                0x2000298c        0x4 ./freertos/freertos_kernel/tasks.o
 .bss.xYieldPending
                0x20002990        0x4 ./freertos/freertos_kernel/tasks.o
 .bss.xNumOfOverflows
                0x20002994        0x4 ./freertos/freertos_kernel/tasks.o
 .bss.uxTaskNumber
                0x20002998        0x4 ./freertos/freertos_kernel/tasks.o
 .bss.xNextTaskUnblockTime
                0x2000299c        0x4 ./freertos/freertos_kernel/tasks.o
 .bss.xIdleTaskHandle
                0x200029a0        0x4 ./freertos/freertos_kernel/tasks.o
 .bss.uxSchedulerSuspended
                0x200029a4        0x4 ./freertos/freertos_kernel/tasks.o
 .bss.xActiveTimerList1
                0x200029a8       0x14 ./freertos/freertos_kernel/timers.o
 .bss.xActiveTimerList2
                0x200029bc       0x14 ./freertos/freertos_kernel/timers.o
 .bss.pxCurrentTimerList
                0x200029d0        0x4 ./freertos/freertos_kernel/timers.o
 .bss.pxOverflowTimerList
                0x200029d4        0x4 ./freertos/freertos_kernel/timers.o
 .bss.xTimerQueue
                0x200029d8        0x4 ./freertos/freertos_kernel/timers.o
 .bss.xTimerTaskHandle
                0x200029dc        0x4 ./freertos/freertos_kernel/timers.o
 .bss.xLastTime.0
                0x200029e0        0x4 ./freertos/freertos_kernel/timers.o
 .bss.g_xtal0Freq
                0x200029e4        0x4 ./drivers/fsl_clock.o
                0x200029e4                g_xtal0Freq
 .bss.g_xtal32Freq
                0x200029e8        0x4 ./drivers/fsl_clock.o
                0x200029e8                g_xtal32Freq
 .bss.s_uartHandle
                0x200029ec       0x18 ./drivers/fsl_uart.o
                0x200029ec                s_uartHandle
 .bss.s_uartIsr
                0x20002a04        0x4 ./drivers/fsl_uart.o
                0x20002a04                s_uartIsr
 .bss.errno     0x20002a08        0x4 c:/nxp/mcuxpressoide_11.8.0_1165/ide/plugins/com.nxp.mcuxpresso.tools.win32_11.8.0.202306131047/tools/bin/../lib/gcc/arm-none-eabi/12.2.1/../../../../arm-none-eabi/lib/thumb/v7e-m+fp/hard\libcr_c.a(errno.o)
                0x20002a08                errno
 .bss.__Ciob    0x20002a0c       0xb4 c:/nxp/mcuxpressoide_11.8.0_1165/ide/plugins/com.nxp.mcuxpresso.tools.win32_11.8.0.202306131047/tools/bin/../lib/gcc/arm-none-eabi/12.2.1/../../../../arm-none-eabi/lib/thumb/v7e-m+fp/hard\libcr_nohost_nf.a(__ciob.o)
                0x20002a0c                __Ciob
 .bss.s_debugConsoleReadWaitSemaphore
                0x20002ac0        0x1 ./utilities/fsl_debug_console.o
 .bss.ucMaxSysCallPriority
                0x20002ac1        0x1 ./freertos/freertos_kernel/portable/GCC/ARM_CM4F/port.o
 *(SORT_BY_ALIGNMENT(COMMON))
                0x20002ac8                . = ALIGN (0x8)
 *fill*         0x20002ac2        0x6 
                0x20002ac8                _ebss = .
                [!provide]                PROVIDE (__end_bss_RAM = .)
                [!provide]                PROVIDE (__end_bss_SRAM_UPPER = .)
                [!provide]                PROVIDE (end = .)

.noinit_RAM2    0x1fff0000        0x0
                [!provide]                PROVIDE (__start_noinit_RAM2 = .)
                [!provide]                PROVIDE (__start_noinit_SRAM_LOWER = .)
 *(SORT_BY_ALIGNMENT(.noinit.$RAM2))
 *(SORT_BY_ALIGNMENT(.noinit.$SRAM_LOWER))
 *(SORT_BY_ALIGNMENT(.noinit.$RAM2.*))
 *(SORT_BY_ALIGNMENT(.noinit.$SRAM_LOWER.*))
                0x1fff0000                . = ALIGN (0x8)
                [!provide]                PROVIDE (__end_noinit_RAM2 = .)
                [!provide]                PROVIDE (__end_noinit_SRAM_LOWER = .)

.noinit_RAM3    0x14000000        0x0
                [!provide]                PROVIDE (__start_noinit_RAM3 = .)
                [!provide]                PROVIDE (__start_noinit_FLEX_RAM = .)
 *(SORT_BY_ALIGNMENT(.noinit.$RAM3))
 *(SORT_BY_ALIGNMENT(.noinit.$FLEX_RAM))
 *(SORT_BY_ALIGNMENT(.noinit.$RAM3.*))
 *(SORT_BY_ALIGNMENT(.noinit.$FLEX_RAM.*))
                0x14000000                . = ALIGN (0x8)
                [!provide]                PROVIDE (__end_noinit_RAM3 = .)
                [!provide]                PROVIDE (__end_noinit_FLEX_RAM = .)

.noinit         0x20002ac8        0x0
                0x20002ac8                _noinit = .
                [!provide]                PROVIDE (__start_noinit_RAM = .)
                [!provide]                PROVIDE (__start_noinit_SRAM_UPPER = .)
 *(SORT_BY_ALIGNMENT(.noinit*))
                0x20002ac8                . = ALIGN (0x8)
                0x20002ac8                _end_noinit = .
                [!provide]                PROVIDE (__end_noinit_RAM = .)
                [!provide]                PROVIDE (__end_noinit_SRAM_UPPER = .)
                0x00001000                _HeapSize = 0x1000

.heap           0x20002ac8     0x1000
                0x20002ac8                _pvHeapStart = .
                0x20003ac8                . = (. + _HeapSize)
 *fill*         0x20002ac8     0x1000 
                0x20003ac8                . = ALIGN (0x8)
                0x20003ac8                _pvHeapLimit = .
                0x00001000                _StackSize = 0x1000

.heap2stackfill
                0x20003ac8     0x1000
                0x20004ac8                . = (. + _StackSize)
 *fill*         0x20003ac8     0x1000 

.stack          0x2002f000        0x0
                0x2002f000                _vStackBase = .
                0x2002f000                . = ALIGN (0x8)
                0x20030000                _vStackTop = (. + _StackSize)
                0x00000000                _image_start = LOADADDR (.text)
                0x00005c90                _image_end = (LOADADDR (.data) + SIZEOF (.data))
                0x00005c90                _image_size = (_image_end - _image_start)
OUTPUT(frdmk64f_freertos_mutex.axf elf32-littlearm)
LOAD linker stubs

.debug_info     0x00000000     0xf3db
 .debug_info    0x00000000       0xcb ./utilities/fsl_assert.o
 .debug_info    0x000000cb      0xd58 ./utilities/fsl_debug_console.o
 .debug_info    0x00000e23      0xaed ./utilities/fsl_str.o
 .debug_info    0x00001910      0xc6f ./startup/startup_mk64f12.o
 .debug_info    0x0000257f      0x5d7 ./source/freertos_mutex.o
 .debug_info    0x00002b56       0x3d ./source/semihost_hardfault.o
 .debug_info    0x00002b93      0x4bb ./freertos/freertos_kernel/portable/MemMang/heap_4.o
 .debug_info    0x0000304e      0x4c9 ./freertos/freertos_kernel/portable/GCC/ARM_CM4F/port.o
 .debug_info    0x00003517      0x29c ./freertos/freertos_kernel/list.o
 .debug_info    0x000037b3     0x17ce ./freertos/freertos_kernel/queue.o
 .debug_info    0x00004f81     0x218c ./freertos/freertos_kernel/tasks.o
 .debug_info    0x0000710d      0xfdd ./freertos/freertos_kernel/timers.o
 .debug_info    0x000080ea     0x20ee ./drivers/fsl_clock.o
 .debug_info    0x0000a1d8     0x1ef7 ./drivers/fsl_uart.o
 .debug_info    0x0000c0cf      0x626 ./device/system_MK64F12.o
 .debug_info    0x0000c6f5      0xac3 ./component/uart/fsl_adapter_uart.o
 .debug_info    0x0000d1b8      0x989 ./component/serial_manager/fsl_component_serial_manager.o
 .debug_info    0x0000db41      0x4fe ./component/serial_manager/fsl_component_serial_port_uart.o
 .debug_info    0x0000e03f      0x153 ./board/board.o
 .debug_info    0x0000e192      0xc51 ./board/clock_config.o
 .debug_info    0x0000ede3      0x5f8 ./board/pin_mux.o

.debug_abbrev   0x00000000     0x2bc5
 .debug_abbrev  0x00000000       0x8f ./utilities/fsl_assert.o
 .debug_abbrev  0x0000008f      0x27a ./utilities/fsl_debug_console.o
 .debug_abbrev  0x00000309      0x276 ./utilities/fsl_str.o
 .debug_abbrev  0x0000057f      0x17e ./startup/startup_mk64f12.o
 .debug_abbrev  0x000006fd      0x158 ./source/freertos_mutex.o
 .debug_abbrev  0x00000855       0x2f ./source/semihost_hardfault.o
 .debug_abbrev  0x00000884      0x21e ./freertos/freertos_kernel/portable/MemMang/heap_4.o
 .debug_abbrev  0x00000aa2      0x25a ./freertos/freertos_kernel/portable/GCC/ARM_CM4F/port.o
 .debug_abbrev  0x00000cfc       0xf5 ./freertos/freertos_kernel/list.o
 .debug_abbrev  0x00000df1      0x32a ./freertos/freertos_kernel/queue.o
 .debug_abbrev  0x0000111b      0x3b8 ./freertos/freertos_kernel/tasks.o
 .debug_abbrev  0x000014d3      0x2ea ./freertos/freertos_kernel/timers.o
 .debug_abbrev  0x000017bd      0x38e ./drivers/fsl_clock.o
 .debug_abbrev  0x00001b4b      0x46e ./drivers/fsl_uart.o
 .debug_abbrev  0x00001fb9      0x149 ./device/system_MK64F12.o
 .debug_abbrev  0x00002102      0x223 ./component/uart/fsl_adapter_uart.o
 .debug_abbrev  0x00002325      0x264 ./component/serial_manager/fsl_component_serial_manager.o
 .debug_abbrev  0x00002589      0x196 ./component/serial_manager/fsl_component_serial_port_uart.o
 .debug_abbrev  0x0000271f       0xc5 ./board/board.o
 .debug_abbrev  0x000027e4      0x254 ./board/clock_config.o
 .debug_abbrev  0x00002a38      0x18d ./board/pin_mux.o

.debug_aranges  0x00000000     0x1010
 .debug_aranges
                0x00000000       0x20 ./utilities/fsl_assert.o
 .debug_aranges
                0x00000020       0xa8 ./utilities/fsl_debug_console.o
 .debug_aranges
                0x000000c8       0xb8 ./utilities/fsl_str.o
 .debug_aranges
                0x00000180      0x330 ./startup/startup_mk64f12.o
 .debug_aranges
                0x000004b0       0x48 ./source/freertos_mutex.o
 .debug_aranges
                0x000004f8       0x20 ./source/semihost_hardfault.o
 .debug_aranges
                0x00000518       0x58 ./freertos/freertos_kernel/portable/MemMang/heap_4.o
 .debug_aranges
                0x00000570       0x80 ./freertos/freertos_kernel/portable/GCC/ARM_CM4F/port.o
 .debug_aranges
                0x000005f0       0x40 ./freertos/freertos_kernel/list.o
 .debug_aranges
                0x00000630      0x130 ./freertos/freertos_kernel/queue.o
 .debug_aranges
                0x00000760      0x208 ./freertos/freertos_kernel/tasks.o
 .debug_aranges
                0x00000968       0xe8 ./freertos/freertos_kernel/timers.o
 .debug_aranges
                0x00000a50      0x1f8 ./drivers/fsl_clock.o
 .debug_aranges
                0x00000c48      0x1b8 ./drivers/fsl_uart.o
 .debug_aranges
                0x00000e00       0x30 ./device/system_MK64F12.o
 .debug_aranges
                0x00000e30       0x50 ./component/uart/fsl_adapter_uart.o
 .debug_aranges
                0x00000e80       0x98 ./component/serial_manager/fsl_component_serial_manager.o
 .debug_aranges
                0x00000f18       0x48 ./component/serial_manager/fsl_component_serial_port_uart.o
 .debug_aranges
                0x00000f60       0x20 ./board/board.o
 .debug_aranges
                0x00000f80       0x58 ./board/clock_config.o
 .debug_aranges
                0x00000fd8       0x38 ./board/pin_mux.o

.debug_rnglists
                0x00000000      0xc21
 .debug_rnglists
                0x00000000       0x13 ./utilities/fsl_assert.o
 .debug_rnglists
                0x00000013       0x7c ./utilities/fsl_debug_console.o
 .debug_rnglists
                0x0000008f       0xa6 ./utilities/fsl_str.o
 .debug_rnglists
                0x00000135      0x25f ./startup/startup_mk64f12.o
 .debug_rnglists
                0x00000394       0x32 ./source/freertos_mutex.o
 .debug_rnglists
                0x000003c6       0x13 ./source/semihost_hardfault.o
 .debug_rnglists
                0x000003d9       0x42 ./freertos/freertos_kernel/portable/MemMang/heap_4.o
 .debug_rnglists
                0x0000041b       0x5d ./freertos/freertos_kernel/portable/GCC/ARM_CM4F/port.o
 .debug_rnglists
                0x00000478       0x2b ./freertos/freertos_kernel/list.o
 .debug_rnglists
                0x000004a3       0xeb ./freertos/freertos_kernel/queue.o
 .debug_rnglists
                0x0000058e      0x19f ./freertos/freertos_kernel/tasks.o
 .debug_rnglists
                0x0000072d       0xaf ./freertos/freertos_kernel/timers.o
 .debug_rnglists
                0x000007dc      0x187 ./drivers/fsl_clock.o
 .debug_rnglists
                0x00000963      0x153 ./drivers/fsl_uart.o
 .debug_rnglists
                0x00000ab6       0x20 ./device/system_MK64F12.o
 .debug_rnglists
                0x00000ad6       0x38 ./component/uart/fsl_adapter_uart.o
 .debug_rnglists
                0x00000b0e       0x6d ./component/serial_manager/fsl_component_serial_manager.o
 .debug_rnglists
                0x00000b7b       0x31 ./component/serial_manager/fsl_component_serial_port_uart.o
 .debug_rnglists
                0x00000bac       0x13 ./board/board.o
 .debug_rnglists
                0x00000bbf       0x3d ./board/clock_config.o
 .debug_rnglists
                0x00000bfc       0x25 ./board/pin_mux.o

.debug_macro    0x00000000    0x155af
 .debug_macro   0x00000000      0x1a2 ./utilities/fsl_assert.o
 .debug_macro   0x000001a2      0xafc ./utilities/fsl_assert.o
 .debug_macro   0x00000c9e       0x10 ./utilities/fsl_assert.o
 .debug_macro   0x00000cae       0x1c ./utilities/fsl_assert.o
 .debug_macro   0x00000cca       0x22 ./utilities/fsl_assert.o
 .debug_macro   0x00000cec      0x12e ./utilities/fsl_assert.o
 .debug_macro   0x00000e1a      0x5b3 ./utilities/fsl_assert.o
 .debug_macro   0x000013cd       0x22 ./utilities/fsl_assert.o
 .debug_macro   0x000013ef       0x10 ./utilities/fsl_assert.o
 .debug_macro   0x000013ff       0x58 ./utilities/fsl_assert.o
 .debug_macro   0x00001457       0x1c ./utilities/fsl_assert.o
 .debug_macro   0x00001473       0x22 ./utilities/fsl_assert.o
 .debug_macro   0x00001495       0xfb ./utilities/fsl_assert.o
 .debug_macro   0x00001590      0xeeb ./utilities/fsl_assert.o
 .debug_macro   0x0000247b       0x40 ./utilities/fsl_assert.o
 .debug_macro   0x000024bb     0xec5f ./utilities/fsl_assert.o
 .debug_macro   0x0001111a     0x12e8 ./utilities/fsl_assert.o
 .debug_macro   0x00012402       0x7a ./utilities/fsl_assert.o
 .debug_macro   0x0001247c       0xa8 ./utilities/fsl_assert.o
 .debug_macro   0x00012524      0x174 ./utilities/fsl_assert.o
 .debug_macro   0x00012698       0x70 ./utilities/fsl_assert.o
 .debug_macro   0x00012708      0x198 ./utilities/fsl_assert.o
 .debug_macro   0x000128a0      0x15a ./utilities/fsl_assert.o
 .debug_macro   0x000129fa       0xea ./utilities/fsl_assert.o
 .debug_macro   0x00012ae4       0x1c ./utilities/fsl_assert.o
 .debug_macro   0x00012b00       0x26 ./utilities/fsl_assert.o
 .debug_macro   0x00012b26      0x3ae ./utilities/fsl_assert.o
 .debug_macro   0x00012ed4       0x40 ./utilities/fsl_assert.o
 .debug_macro   0x00012f14       0x16 ./utilities/fsl_assert.o
 .debug_macro   0x00012f2a       0x66 ./utilities/fsl_assert.o
 .debug_macro   0x00012f90       0x16 ./utilities/fsl_assert.o
 .debug_macro   0x00012fa6       0x1c ./utilities/fsl_assert.o
 .debug_macro   0x00012fc2       0x1c ./utilities/fsl_assert.o
 .debug_macro   0x00012fde      0x24e ./utilities/fsl_debug_console.o
 .debug_macro   0x0001322c       0x16 ./utilities/fsl_debug_console.o
 .debug_macro   0x00013242       0x10 ./utilities/fsl_debug_console.o
 .debug_macro   0x00013252       0x28 ./utilities/fsl_debug_console.o
 .debug_macro   0x0001327a      0x198 ./utilities/fsl_debug_console.o
 .debug_macro   0x00013412       0xb5 ./utilities/fsl_debug_console.o
 .debug_macro   0x000134c7      0x120 ./utilities/fsl_debug_console.o
 .debug_macro   0x000135e7       0x80 ./utilities/fsl_debug_console.o
 .debug_macro   0x00013667       0x7e ./utilities/fsl_debug_console.o
 .debug_macro   0x000136e5       0x16 ./utilities/fsl_debug_console.o
 .debug_macro   0x000136fb       0x50 ./utilities/fsl_debug_console.o
 .debug_macro   0x0001374b       0x46 ./utilities/fsl_debug_console.o
 .debug_macro   0x00013791       0x1c ./utilities/fsl_debug_console.o
 .debug_macro   0x000137ad      0x14e ./utilities/fsl_str.o
 .debug_macro   0x000138fb       0xc4 ./utilities/fsl_str.o
 .debug_macro   0x000139bf      0x1c7 ./utilities/fsl_str.o
 .debug_macro   0x00013b86       0x56 ./utilities/fsl_str.o
 .debug_macro   0x00013bdc       0x29 ./startup/startup_mk64f12.o
 .debug_macro   0x00013c05      0x219 ./source/freertos_mutex.o
 .debug_macro   0x00013e1e       0x16 ./source/freertos_mutex.o
 .debug_macro   0x00013e34       0x97 ./source/freertos_mutex.o
 .debug_macro   0x00013ecb       0x1c ./source/freertos_mutex.o
 .debug_macro   0x00013ee7       0x10 ./source/freertos_mutex.o
 .debug_macro   0x00013ef7       0x1c ./source/freertos_mutex.o
 .debug_macro   0x00013f13       0x16 ./source/freertos_mutex.o
 .debug_macro   0x00013f29       0x16 ./source/freertos_mutex.o
 .debug_macro   0x00013f3f      0x1ab ./source/freertos_mutex.o
 .debug_macro   0x000140ea       0x11 ./source/semihost_hardfault.o
 .debug_macro   0x000140fb       0xdf ./freertos/freertos_kernel/portable/MemMang/heap_4.o
 .debug_macro   0x000141da      0x179 ./freertos/freertos_kernel/portable/GCC/ARM_CM4F/port.o
 .debug_macro   0x00014353       0xc4 ./freertos/freertos_kernel/list.o
 .debug_macro   0x00014417      0x12b ./freertos/freertos_kernel/queue.o
 .debug_macro   0x00014542      0x192 ./freertos/freertos_kernel/tasks.o
 .debug_macro   0x000146d4       0x10 ./freertos/freertos_kernel/tasks.o
 .debug_macro   0x000146e4       0x16 ./freertos/freertos_kernel/tasks.o
 .debug_macro   0x000146fa      0x10d ./freertos/freertos_kernel/timers.o
 .debug_macro   0x00014807      0x1d8 ./drivers/fsl_clock.o
 .debug_macro   0x000149df      0x127 ./drivers/fsl_uart.o
 .debug_macro   0x00014b06       0x10 ./drivers/fsl_uart.o
 .debug_macro   0x00014b16       0x98 ./device/system_MK64F12.o
 .debug_macro   0x00014bae      0x170 ./component/uart/fsl_adapter_uart.o
 .debug_macro   0x00014d1e       0x16 ./component/uart/fsl_adapter_uart.o
 .debug_macro   0x00014d34       0x40 ./component/uart/fsl_adapter_uart.o
 .debug_macro   0x00014d74      0x1d7 ./component/serial_manager/fsl_component_serial_manager.o
 .debug_macro   0x00014f4b       0x6a ./component/serial_manager/fsl_component_serial_manager.o
 .debug_macro   0x00014fb5      0x1a1 ./component/serial_manager/fsl_component_serial_port_uart.o
 .debug_macro   0x00015156      0x1d2 ./board/board.o
 .debug_macro   0x00015328       0x16 ./board/board.o
 .debug_macro   0x0001533e      0x153 ./board/clock_config.o
 .debug_macro   0x00015491      0x11e ./board/pin_mux.o

.debug_line     0x00000000     0xd22e
 .debug_line    0x00000000      0x6b8 ./utilities/fsl_assert.o
 .debug_line    0x000006b8      0xb00 ./utilities/fsl_debug_console.o
 .debug_line    0x000011b8      0xb5b ./utilities/fsl_str.o
 .debug_line    0x00001d13      0xa99 ./startup/startup_mk64f12.o
 .debug_line    0x000027ac      0x90a ./source/freertos_mutex.o
 .debug_line    0x000030b6       0x59 ./source/semihost_hardfault.o
 .debug_line    0x0000310f      0x6c9 ./freertos/freertos_kernel/portable/MemMang/heap_4.o
 .debug_line    0x000037d8      0x6a9 ./freertos/freertos_kernel/portable/GCC/ARM_CM4F/port.o
 .debug_line    0x00003e81      0x47e ./freertos/freertos_kernel/list.o
 .debug_line    0x000042ff     0x1304 ./freertos/freertos_kernel/queue.o
 .debug_line    0x00005603     0x1a7a ./freertos/freertos_kernel/tasks.o
 .debug_line    0x0000707d      0xa86 ./freertos/freertos_kernel/timers.o
 .debug_line    0x00007b03     0x152e ./drivers/fsl_clock.o
 .debug_line    0x00009031     0x1584 ./drivers/fsl_uart.o
 .debug_line    0x0000a5b5      0x3fb ./device/system_MK64F12.o
 .debug_line    0x0000a9b0      0x734 ./component/uart/fsl_adapter_uart.o
 .debug_line    0x0000b0e4      0x9af ./component/serial_manager/fsl_component_serial_manager.o
 .debug_line    0x0000ba93      0x77f ./component/serial_manager/fsl_component_serial_port_uart.o
 .debug_line    0x0000c212      0x745 ./board/board.o
 .debug_line    0x0000c957      0x4b5 ./board/clock_config.o
 .debug_line    0x0000ce0c      0x422 ./board/pin_mux.o

.debug_str      0x00000000    0x8aedc
 .debug_str     0x00000000    0x7d771 ./utilities/fsl_assert.o
                              0x7d820 (size before relaxing)
 .debug_str     0x0007d771     0x3eca ./utilities/fsl_debug_console.o
                              0x81721 (size before relaxing)
 .debug_str     0x0008163b      0xb41 ./utilities/fsl_str.o
                              0x7acf5 (size before relaxing)
 .debug_str     0x0008217c      0x7d2 ./startup/startup_mk64f12.o
                               0x3794 (size before relaxing)
 .debug_str     0x0008294e     0x160f ./source/freertos_mutex.o
                              0x81fc3 (size before relaxing)
 .debug_str     0x00083f5d       0x1f ./source/semihost_hardfault.o
                               0x2f1c (size before relaxing)
 .debug_str     0x00083f7c      0x3ec ./freertos/freertos_kernel/portable/MemMang/heap_4.o
                               0x932c (size before relaxing)
 .debug_str     0x00084368      0x835 ./freertos/freertos_kernel/portable/GCC/ARM_CM4F/port.o
                               0x979d (size before relaxing)
 .debug_str     0x00084b9d      0x135 ./freertos/freertos_kernel/list.o
                               0x7e5c (size before relaxing)
 .debug_str     0x00084cd2      0x996 ./freertos/freertos_kernel/queue.o
                               0xa281 (size before relaxing)
 .debug_str     0x00085668     0x13ca ./freertos/freertos_kernel/tasks.o
                               0xaff1 (size before relaxing)
 .debug_str     0x00086a32      0x5f2 ./freertos/freertos_kernel/timers.o
                               0xa731 (size before relaxing)
 .debug_str     0x00087024     0x1e30 ./drivers/fsl_clock.o
                              0x7c68b (size before relaxing)
 .debug_str     0x00088e54     0x1352 ./drivers/fsl_uart.o
                              0x7bfcc (size before relaxing)
 .debug_str     0x0008a1a6      0x10c ./device/system_MK64F12.o
                              0x7855c (size before relaxing)
 .debug_str     0x0008a2b2      0x2ec ./component/uart/fsl_adapter_uart.o
                              0x7de2c (size before relaxing)
 .debug_str     0x0008a59e      0x371 ./component/serial_manager/fsl_component_serial_manager.o
                              0x7ded6 (size before relaxing)
 .debug_str     0x0008a90f       0x92 ./component/serial_manager/fsl_component_serial_port_uart.o
                              0x7dc26 (size before relaxing)
 .debug_str     0x0008a9a1       0x20 ./board/board.o
                              0x7e5e0 (size before relaxing)
 .debug_str     0x0008a9c1      0x3b7 ./board/clock_config.o
                              0x7b06f (size before relaxing)
 .debug_str     0x0008ad78      0x164 ./board/pin_mux.o
                              0x7a3b0 (size before relaxing)

.comment        0x00000000       0x45
 .comment       0x00000000       0x45 ./utilities/fsl_assert.o
                                 0x46 (size before relaxing)
 .comment       0x00000045       0x46 ./utilities/fsl_debug_console.o
 .comment       0x00000045       0x46 ./utilities/fsl_str.o
 .comment       0x00000045       0x46 ./startup/startup_mk64f12.o
 .comment       0x00000045       0x46 ./source/freertos_mutex.o
 .comment       0x00000045       0x46 ./source/semihost_hardfault.o
 .comment       0x00000045       0x46 ./freertos/freertos_kernel/portable/MemMang/heap_4.o
 .comment       0x00000045       0x46 ./freertos/freertos_kernel/portable/GCC/ARM_CM4F/port.o
 .comment       0x00000045       0x46 ./freertos/freertos_kernel/list.o
 .comment       0x00000045       0x46 ./freertos/freertos_kernel/queue.o
 .comment       0x00000045       0x46 ./freertos/freertos_kernel/tasks.o
 .comment       0x00000045       0x46 ./freertos/freertos_kernel/timers.o
 .comment       0x00000045       0x46 ./drivers/fsl_clock.o
 .comment       0x00000045       0x46 ./drivers/fsl_uart.o
 .comment       0x00000045       0x46 ./device/system_MK64F12.o
 .comment       0x00000045       0x46 ./component/uart/fsl_adapter_uart.o
 .comment       0x00000045       0x46 ./component/serial_manager/fsl_component_serial_manager.o
 .comment       0x00000045       0x46 ./component/serial_manager/fsl_component_serial_port_uart.o
 .comment       0x00000045       0x46 ./board/board.o
 .comment       0x00000045       0x46 ./board/clock_config.o
 .comment       0x00000045       0x46 ./board/pin_mux.o
 .comment       0x00000045       0x46 c:/nxp/mcuxpressoide_11.8.0_1165/ide/plugins/com.nxp.mcuxpresso.tools.win32_11.8.0.202306131047/tools/bin/../lib/gcc/arm-none-eabi/12.2.1/../../../../arm-none-eabi/lib/thumb/v7e-m+fp/hard\libcr_nohost_nf.a(_cr__main.o)
 .comment       0x00000045       0x46 c:/nxp/mcuxpressoide_11.8.0_1165/ide/plugins/com.nxp.mcuxpresso.tools.win32_11.8.0.202306131047/tools/bin/../lib/gcc/arm-none-eabi/12.2.1/../../../../arm-none-eabi/lib/thumb/v7e-m+fp/hard\libcr_c.a(memcpy.o)
 .comment       0x00000045       0x46 c:/nxp/mcuxpressoide_11.8.0_1165/ide/plugins/com.nxp.mcuxpresso.tools.win32_11.8.0.202306131047/tools/bin/../lib/gcc/arm-none-eabi/12.2.1/../../../../arm-none-eabi/lib/thumb/v7e-m+fp/hard\libcr_c.a(memset.o)
 .comment       0x00000045       0x46 c:/nxp/mcuxpressoide_11.8.0_1165/ide/plugins/com.nxp.mcuxpresso.tools.win32_11.8.0.202306131047/tools/bin/../lib/gcc/arm-none-eabi/12.2.1/../../../../arm-none-eabi/lib/thumb/v7e-m+fp/hard\libcr_c.a(alloc.o)
 .comment       0x00000045       0x46 c:/nxp/mcuxpressoide_11.8.0_1165/ide/plugins/com.nxp.mcuxpresso.tools.win32_11.8.0.202306131047/tools/bin/../lib/gcc/arm-none-eabi/12.2.1/../../../../arm-none-eabi/lib/thumb/v7e-m+fp/hard\libcr_c.a(errno.o)
 .comment       0x00000045       0x46 c:/nxp/mcuxpressoide_11.8.0_1165/ide/plugins/com.nxp.mcuxpresso.tools.win32_11.8.0.202306131047/tools/bin/../lib/gcc/arm-none-eabi/12.2.1/../../../../arm-none-eabi/lib/thumb/v7e-m+fp/hard\libcr_c.a(initio.o)
 .comment       0x00000045       0x46 c:/nxp/mcuxpressoide_11.8.0_1165/ide/plugins/com.nxp.mcuxpresso.tools.win32_11.8.0.202306131047/tools/bin/../lib/gcc/arm-none-eabi/12.2.1/../../../../arm-none-eabi/lib/thumb/v7e-m+fp/hard\libcr_c.a(setvbuf.o)
 .comment       0x00000045       0x46 c:/nxp/mcuxpressoide_11.8.0_1165/ide/plugins/com.nxp.mcuxpresso.tools.win32_11.8.0.202306131047/tools/bin/../lib/gcc/arm-none-eabi/12.2.1/../../../../arm-none-eabi/lib/thumb/v7e-m+fp/hard\libcr_c.a(strlen.o)
 .comment       0x00000045       0x46 c:/nxp/mcuxpressoide_11.8.0_1165/ide/plugins/com.nxp.mcuxpresso.tools.win32_11.8.0.202306131047/tools/bin/../lib/gcc/arm-none-eabi/12.2.1/../../../../arm-none-eabi/lib/thumb/v7e-m+fp/hard\libcr_c.a(_deferredlazyseek.o)
 .comment       0x00000045       0x46 c:/nxp/mcuxpressoide_11.8.0_1165/ide/plugins/com.nxp.mcuxpresso.tools.win32_11.8.0.202306131047/tools/bin/../lib/gcc/arm-none-eabi/12.2.1/../../../../arm-none-eabi/lib/thumb/v7e-m+fp/hard\libcr_c.a(_fdopen.o)
 .comment       0x00000045       0x46 c:/nxp/mcuxpressoide_11.8.0_1165/ide/plugins/com.nxp.mcuxpresso.tools.win32_11.8.0.202306131047/tools/bin/../lib/gcc/arm-none-eabi/12.2.1/../../../../arm-none-eabi/lib/thumb/v7e-m+fp/hard\libcr_c.a(_fflush.o)