Archive member included to satisfy reference by file (symbol)

c:/nxp/mcuxpressoide_11.1.0_3209/ide/plugins/com.nxp.mcuxpresso.tools.win32_11.1.0.201909161352/tools/bin/../lib/gcc/arm-none-eabi/8.3.1/../../../../arm-none-eabi/lib/thumb/v7e-m+fp/hard\libcr_nohost_nf.a(_cr__main.o)
                              ./startup/startup_mk64f12.o (__main)
c:/nxp/mcuxpressoide_11.1.0_3209/ide/plugins/com.nxp.mcuxpresso.tools.win32_11.1.0.201909161352/tools/bin/../lib/gcc/arm-none-eabi/8.3.1/../../../../arm-none-eabi/lib/thumb/v7e-m+fp/hard\libcr_nohost_nf.a(_cr_assert.o)
                              ./utilities/fsl_debug_console.o (__assertion_failed)
c:/nxp/mcuxpressoide_11.1.0_3209/ide/plugins/com.nxp.mcuxpresso.tools.win32_11.1.0.201909161352/tools/bin/../lib/gcc/arm-none-eabi/8.3.1/../../../../arm-none-eabi/lib/thumb/v7e-m+fp/hard\libcr_nohost_nf.a(__ciob.o)
                              c:/nxp/mcuxpressoide_11.1.0_3209/ide/plugins/com.nxp.mcuxpresso.tools.win32_11.1.0.201909161352/tools/bin/../lib/gcc/arm-none-eabi/8.3.1/../../../../arm-none-eabi/lib/thumb/v7e-m+fp/hard\libcr_nohost_nf.a(_cr_assert.o) (__Ciob)
c:/nxp/mcuxpressoide_11.1.0_3209/ide/plugins/com.nxp.mcuxpresso.tools.win32_11.1.0.201909161352/tools/bin/../lib/gcc/arm-none-eabi/8.3.1/../../../../arm-none-eabi/lib/thumb/v7e-m+fp/hard\libcr_nohost_nf.a(__sys_appexit.o)
                              c:/nxp/mcuxpressoide_11.1.0_3209/ide/plugins/com.nxp.mcuxpresso.tools.win32_11.1.0.201909161352/tools/bin/../lib/gcc/arm-none-eabi/8.3.1/../../../../arm-none-eabi/lib/thumb/v7e-m+fp/hard\libcr_nohost_nf.a(_cr_assert.o) (__sys_appexit)
c:/nxp/mcuxpressoide_11.1.0_3209/ide/plugins/com.nxp.mcuxpresso.tools.win32_11.1.0.201909161352/tools/bin/../lib/gcc/arm-none-eabi/8.3.1/../../../../arm-none-eabi/lib/thumb/v7e-m+fp/hard\libcr_c.a(memcpy.o)
                              ./drivers/fsl_flash.o (memcpy)
c:/nxp/mcuxpressoide_11.1.0_3209/ide/plugins/com.nxp.mcuxpresso.tools.win32_11.1.0.201909161352/tools/bin/../lib/gcc/arm-none-eabi/8.3.1/../../../../arm-none-eabi/lib/thumb/v7e-m+fp/hard\libcr_c.a(memset.o)
                              ./utilities/fsl_debug_console.o (memset)
c:/nxp/mcuxpressoide_11.1.0_3209/ide/plugins/com.nxp.mcuxpresso.tools.win32_11.1.0.201909161352/tools/bin/../lib/gcc/arm-none-eabi/8.3.1/../../../../arm-none-eabi/lib/thumb/v7e-m+fp/hard\libcr_c.a(_deferredlazyseek.o)
                              c:/nxp/mcuxpressoide_11.1.0_3209/ide/plugins/com.nxp.mcuxpresso.tools.win32_11.1.0.201909161352/tools/bin/../lib/gcc/arm-none-eabi/8.3.1/../../../../arm-none-eabi/lib/thumb/v7e-m+fp/hard\libcr_nohost_nf.a(_cr_assert.o) (__flsbuf)
c:/nxp/mcuxpressoide_11.1.0_3209/ide/plugins/com.nxp.mcuxpresso.tools.win32_11.1.0.201909161352/tools/bin/../lib/gcc/arm-none-eabi/8.3.1/../../../../arm-none-eabi/lib/thumb/v7e-m+fp/hard\libcr_c.a(_fflush.o)
                              c:/nxp/mcuxpressoide_11.1.0_3209/ide/plugins/com.nxp.mcuxpresso.tools.win32_11.1.0.201909161352/tools/bin/../lib/gcc/arm-none-eabi/8.3.1/../../../../arm-none-eabi/lib/thumb/v7e-m+fp/hard\libcr_c.a(_deferredlazyseek.o) (_fflush)
c:/nxp/mcuxpressoide_11.1.0_3209/ide/plugins/com.nxp.mcuxpresso.tools.win32_11.1.0.201909161352/tools/bin/../lib/gcc/arm-none-eabi/8.3.1/../../../../arm-none-eabi/lib/thumb/v7e-m+fp/hard\libcr_c.a(_writebuf.o)
                              c:/nxp/mcuxpressoide_11.1.0_3209/ide/plugins/com.nxp.mcuxpresso.tools.win32_11.1.0.201909161352/tools/bin/../lib/gcc/arm-none-eabi/8.3.1/../../../../arm-none-eabi/lib/thumb/v7e-m+fp/hard\libcr_c.a(_deferredlazyseek.o) (_Cwritebuf)
c:/nxp/mcuxpressoide_11.1.0_3209/ide/plugins/com.nxp.mcuxpresso.tools.win32_11.1.0.201909161352/tools/bin/../lib/gcc/arm-none-eabi/8.3.1/../../../../arm-none-eabi/lib/thumb/v7e-m+fp/hard\libcr_c.a(alloc.o)
                              ./source/tasks.o (malloc)
c:/nxp/mcuxpressoide_11.1.0_3209/ide/plugins/com.nxp.mcuxpresso.tools.win32_11.1.0.201909161352/tools/bin/../lib/gcc/arm-none-eabi/8.3.1/../../../../arm-none-eabi/lib/thumb/v7e-m+fp/hard\libcr_c.a(fputs.o)
                              c:/nxp/mcuxpressoide_11.1.0_3209/ide/plugins/com.nxp.mcuxpresso.tools.win32_11.1.0.201909161352/tools/bin/../lib/gcc/arm-none-eabi/8.3.1/../../../../arm-none-eabi/lib/thumb/v7e-m+fp/hard\libcr_nohost_nf.a(_cr_assert.o) (fputs)
c:/nxp/mcuxpressoide_11.1.0_3209/ide/plugins/com.nxp.mcuxpresso.tools.win32_11.1.0.201909161352/tools/bin/../lib/gcc/arm-none-eabi/8.3.1/../../../../arm-none-eabi/lib/thumb/v7e-m+fp/hard\libcr_c.a(fseek.o)
                              c:/nxp/mcuxpressoide_11.1.0_3209/ide/plugins/com.nxp.mcuxpresso.tools.win32_11.1.0.201909161352/tools/bin/../lib/gcc/arm-none-eabi/8.3.1/../../../../arm-none-eabi/lib/thumb/v7e-m+fp/hard\libcr_c.a(_deferredlazyseek.o) (fseek)
c:/nxp/mcuxpressoide_11.1.0_3209/ide/plugins/com.nxp.mcuxpresso.tools.win32_11.1.0.201909161352/tools/bin/../lib/gcc/arm-none-eabi/8.3.1/../../../../arm-none-eabi/lib/thumb/v7e-m+fp/hard\libcr_c.a(ftell.o)
[...]
Memory Configuration

Name             Origin             Length             Attributes
PROGRAM_FLASH    0x00000000         0x00100000         xr
SRAM_UPPER       0x20000000         0x00030000         xrw
SRAM_LOWER       0x1fff0000         0x00010000         xrw
FLEX_RAM         0x14000000         0x00001000         xrw
*default*        0x00000000         0xffffffff

Linker script and memory map

LOAD ./utilities/fsl_debug_console.o
LOAD ./utilities/fsl_io.o
LOAD ./utilities/fsl_log.o
LOAD ./utilities/fsl_str.o
LOAD ./startup/startup_mk64f12.o
LOAD ./source/main.o
LOAD ./source/queuelib.o
LOAD ./source/semihost_hardfault.o
LOAD ./source/tasks.o
LOAD ./drivers/fsl_clock.o
LOAD ./drivers/fsl_common.o
LOAD ./drivers/fsl_flash.o
LOAD ./drivers/fsl_gpio.o
LOAD ./drivers/fsl_smc.o
LOAD ./drivers/fsl_uart.o
LOAD ./board/board.o
LOAD ./board/clock_config.o
LOAD ./board/peripherals.o
LOAD ./board/pin_mux.o
LOAD ./CMSIS/system_MK64F12.o
START GROUP
LOAD c:/nxp/mcuxpressoide_11.1.0_3209/ide/plugins/com.nxp.mcuxpresso.tools.win32_11.1.0.201909161352/tools/bin/../lib/gcc/arm-none-eabi/8.3.1/../../../../arm-none-eabi/lib/thumb/v7e-m+fp/hard\libcr_nohost_nf.a
LOAD c:/nxp/mcuxpressoide_11.1.0_3209/ide/plugins/com.nxp.mcuxpresso.tools.win32_11.1.0.201909161352/tools/bin/../lib/gcc/arm-none-eabi/8.3.1/../../../../arm-none-eabi/lib/thumb/v7e-m+fp/hard\libcr_c.a
LOAD c:/nxp/mcuxpressoide_11.1.0_3209/ide/plugins/com.nxp.mcuxpresso.tools.win32_11.1.0.201909161352/tools/bin/../lib/gcc/arm-none-eabi/8.3.1/thumb/v7e-m+fp/hard\libcr_eabihelpers.a
LOAD c:/nxp/mcuxpressoide_11.1.0_3209/ide/plugins/com.nxp.mcuxpresso.tools.win32_11.1.0.201909161352/tools/bin/../lib/gcc/arm-none-eabi/8.3.1/thumb/v7e-m+fp/hard\libgcc.a
END GROUP
                0x00000000                __base_PROGRAM_FLASH = 0x0
                0x00000000                __base_Flash = 0x0
                0x00100000                __top_PROGRAM_FLASH = 0x100000
                0x00100000                __top_Flash = 0x100000
                0x20000000                __base_SRAM_UPPER = 0x20000000
                0x20000000                __base_RAM = 0x20000000
                0x20030000                __top_SRAM_UPPER = 0x20030000
                0x20030000                __top_RAM = 0x20030000
                0x1fff0000                __base_SRAM_LOWER = 0x1fff0000
                0x1fff0000                __base_RAM2 = 0x1fff0000
                0x20000000                __top_SRAM_LOWER = 0x20000000
                0x20000000                __top_RAM2 = 0x20000000
                0x14000000                __base_FLEX_RAM = 0x14000000
                0x14000000                __base_RAM3 = 0x14000000
                0x14001000                __top_FLEX_RAM = 0x14001000
                0x14001000                __top_RAM3 = 0x14001000

.text           0x00000000     0x7dd0
 FILL mask 0xff
                0x00000000                __vectors_start__ = ABSOLUTE (.)
 *(.isr_vector)
 .isr_vector    0x00000000      0x198 ./startup/startup_mk64f12.o
                0x00000000                g_pfnVectors
                0x00000000                __Vectors
                0x00000198                . = ALIGN (0x4)
                0x00000198                __section_table_start = .
                0x00000198                __data_section_table = .
                0x00000198        0x4 LONG 0x7dd0 LOADADDR (.data)
                0x0000019c        0x4 LONG 0x20000000 ADDR (.data)
                0x000001a0        0x4 LONG 0x10 SIZEOF (.data)
                0x000001a4        0x4 LONG 0x7dd0 LOADADDR (.data_RAM2)
                0x000001a8        0x4 LONG 0x1fff0000 ADDR (.data_RAM2)
                0x000001ac        0x4 LONG 0x0 SIZEOF (.data_RAM2)
                0x000001b0        0x4 LONG 0x7dd0 LOADADDR (.data_RAM3)
                0x000001b4        0x4 LONG 0x14000000 ADDR (.data_RAM3)
                0x000001b8        0x4 LONG 0x0 SIZEOF (.data_RAM3)
                0x000001bc                __data_section_table_end = .
                0x000001bc                __bss_section_table = .
                0x000001bc        0x4 LONG 0x20000010 ADDR (.bss)
                0x000001c0        0x4 LONG 0x200 SIZEOF (.bss)
                0x000001c4        0x4 LONG 0x1fff0000 ADDR (.bss_RAM2)
                0x000001c8        0x4 LONG 0x0 SIZEOF (.bss_RAM2)
                0x000001cc        0x4 LONG 0x14000000 ADDR (.bss_RAM3)
                0x000001d0        0x4 LONG 0x0 SIZEOF (.bss_RAM3)
                0x000001d4                __bss_section_table_end = .
                0x000001d4                __section_table_end = .
 *(.after_vectors*)
 .after_vectors.init_data
                0x000001d4       0x1e ./startup/startup_mk64f12.o
                0x000001d4                data_init
 .after_vectors.init_bss
                0x000001f2       0x12 ./startup/startup_mk64f12.o
                0x000001f2                bss_init
 .after_vectors.reset
                0x00000204       0x4c ./startup/startup_mk64f12.o
                0x00000204                ResetISR
 .after_vectors
                0x00000250       0x12 ./startup/startup_mk64f12.o
                0x00000250                NMI_Handler
                0x00000254                MemManage_Handler
                0x00000256                BusFault_Handler
                0x00000258                UsageFault_Handler
                0x0000025a                SVC_Handler
                0x0000025c                DebugMon_Handler
                0x00000260                DMA_Error_DriverIRQHandler
                0x00000260                LPTMR0_DriverIRQHandler
                0x00000260                FTM1_DriverIRQHandler
                0x00000260                FTM2_DriverIRQHandler
                0x00000260                PIT2_DriverIRQHandler
                0x00000260                SDHC_DriverIRQHandler
                0x00000260                I2S0_Tx_DriverIRQHandler
                0x00000260                RTC_Seconds_DriverIRQHandler
                0x00000260                DMA6_DriverIRQHandler
                0x00000260                LLWU_DriverIRQHandler
                0x00000260                MCM_DriverIRQHandler
                0x00000260                MCG_DriverIRQHandler
                0x00000260                ENET_1588_Timer_DriverIRQHandler
                0x00000260                I2C2_DriverIRQHandler
                0x00000260                DAC1_DriverIRQHandler
                0x00000260                SPI1_DriverIRQHandler
                0x00000260                CMP1_DriverIRQHandler
                0x00000260                FTM0_DriverIRQHandler
                0x00000260                IntDefaultHandler
                0x00000260                USB0_DriverIRQHandler
                0x00000260                UART5_ERR_DriverIRQHandler
                0x00000260                PORTC_DriverIRQHandler
                0x00000260                DMA11_DriverIRQHandler
                0x00000260                DAC0_DriverIRQHandler
                0x00000260                DMA10_DriverIRQHandler
                0x00000260                CMP2_DriverIRQHandler
                0x00000260                UART2_ERR_DriverIRQHandler
                0x00000260                SPI2_DriverIRQHandler
                0x00000260                LVD_LVW_DriverIRQHandler
                0x00000260                PIT0_DriverIRQHandler
                0x00000260                RNG_DriverIRQHandler
                0x00000260                DMA12_DriverIRQHandler
                0x00000260                DMA4_DriverIRQHandler
                0x00000260                USBDCD_DriverIRQHandler
                0x00000260                UART3_ERR_DriverIRQHandler
                0x00000260                DMA3_DriverIRQHandler
                0x00000260                DMA8_DriverIRQHandler
                0x00000260                DMA9_DriverIRQHandler
                0x00000260                UART0_ERR_DriverIRQHandler
                0x00000260                CMT_DriverIRQHandler
                0x00000260                Reserved71_DriverIRQHandler
                0x00000260                ADC1_DriverIRQHandler
                0x00000260                PORTA_DriverIRQHandler
                0x00000260                DMA14_DriverIRQHandler
                0x00000260                PIT3_DriverIRQHandler
                0x00000260                PIT1_DriverIRQHandler
                0x00000260                WDOG_EWM_DriverIRQHandler
                0x00000260                PDB0_DriverIRQHandler
                0x00000260                RTC_DriverIRQHandler
                0x00000260                I2S0_Rx_DriverIRQHandler
                0x00000260                Read_Collision_DriverIRQHandler
                0x00000260                SWI_DriverIRQHandler
                0x00000260                UART4_ERR_DriverIRQHandler
                0x00000260                PORTB_DriverIRQHandler
                0x00000260                UART0_LON_DriverIRQHandler
                0x00000260                DMA0_DriverIRQHandler
                0x00000260                DMA1_DriverIRQHandler
                0x00000260                I2C1_DriverIRQHandler
                0x00000260                ENET_Receive_DriverIRQHandler
                0x00000260                DMA13_DriverIRQHandler
                0x00000260                ENET_Error_DriverIRQHandler
                0x00000260                DMA15_DriverIRQHandler
                0x00000260                SPI0_DriverIRQHandler
                0x00000260                ADC0_DriverIRQHandler
                0x00000260                CMP0_DriverIRQHandler
                0x00000260                CAN0_DriverIRQHandler
                0x00000260                FTM3_DriverIRQHandler
                0x00000260                DMA5_DriverIRQHandler
                0x00000260                UART1_ERR_DriverIRQHandler
                0x00000260                DMA2_DriverIRQHandler
                0x00000260                ENET_Transmit_DriverIRQHandler
                0x00000260                PORTD_DriverIRQHandler
                0x00000260                PORTE_DriverIRQHandler
                0x00000260                FTFE_DriverIRQHandler
                0x00000260                I2C0_DriverIRQHandler
                0x00000260                DMA7_DriverIRQHandler
                0x00000400                . = 0x400
 *fill*         0x00000262      0x19e ff
                0x00000400                PROVIDE (__FLASH_CONFIG_START__ = .)
 *(.FlashConfig)
 .FlashConfig   0x00000400       0x10 ./startup/startup_mk64f12.o
                0x00000400                Flash_Config
                0x00000410                PROVIDE (__FLASH_CONFIG_END__ = .)
                0x00000001                ASSERT (! ((__FLASH_CONFIG_START__ == __FLASH_CONFIG_END__)), Linker Flash Config Support Enabled, but no .FlashConfig section provided within application)
 *(.text*)
 .text          0x00000410      0x198 ./utilities/fsl_debug_console.o
                0x00000410                DbgConsole_Init
                0x00000448                DbgConsole_Deinit
                0x00000456                DbgConsole_Flush
                0x00000464                DbgConsole_Printf
                0x000004c8                DbgConsole_Putchar
                0x000004e4                DbgConsole_Scanf
                0x0000052a                DbgConsole_Getchar
 .text          0x000005a8      0x1cc ./utilities/fsl_io.o
                0x00000628                IO_Init
                0x000006a8                IO_Deinit
                0x000006e8                IO_WaitIdle
                0x00000718                IO_Transfer
 .text          0x00000774      0x1c8 ./utilities/fsl_log.o
                0x00000774                LOG_Init
                0x000007a4                LOG_Deinit
                0x000007b0                LOG_WaitIdle
                0x000007be                LOG_Push
                0x000007ec                LOG_Pop
                0x0000082e                LOG_ReadLine
                0x000008d4                LOG_ReadCharacter
 .text          0x0000093c      0xab4 ./utilities/fsl_str.o
                0x00000ab0                StrFormatPrintf
                0x00000e0a                StrFormatScanf
 .text          0x000013f0      0x2b0 ./startup/startup_mk64f12.o
                0x000013f0                DMA0_IRQHandler
                0x000013f8                DMA1_IRQHandler
                0x00001400                DMA2_IRQHandler
                0x00001408                DMA3_IRQHandler
                0x00001410                DMA4_IRQHandler
                0x00001418                DMA5_IRQHandler
                0x00001420                DMA6_IRQHandler
                0x00001428                DMA7_IRQHandler
                0x00001430                DMA8_IRQHandler
                0x00001438                DMA9_IRQHandler
                0x00001440                DMA10_IRQHandler
                0x00001448                DMA11_IRQHandler
                0x00001450                DMA12_IRQHandler
                0x00001458                DMA13_IRQHandler
                0x00001460                DMA14_IRQHandler
                0x00001468                DMA15_IRQHandler
                0x00001470                DMA_Error_IRQHandler
                0x00001478                MCM_IRQHandler
                0x00001480                FTFE_IRQHandler
                0x00001488                Read_Collision_IRQHandler
                0x00001490                LVD_LVW_IRQHandler
                0x00001498                LLWU_IRQHandler
                0x000014a0                WDOG_EWM_IRQHandler
                0x000014a8                RNG_IRQHandler
                0x000014b0                I2C0_IRQHandler
                0x000014b8                I2C1_IRQHandler
                0x000014c0                SPI0_IRQHandler
                0x000014c8                SPI1_IRQHandler
                0x000014d0                I2S0_Tx_IRQHandler
                0x000014d8                I2S0_Rx_IRQHandler
                0x000014e0                UART0_LON_IRQHandler
                0x000014e8                UART0_RX_TX_IRQHandler
                0x000014f0                UART0_ERR_IRQHandler
                0x000014f8                UART1_RX_TX_IRQHandler
                0x00001500                UART1_ERR_IRQHandler
                0x00001508                UART2_RX_TX_IRQHandler
                0x00001510                UART2_ERR_IRQHandler
                0x00001518                UART3_RX_TX_IRQHandler
                0x00001520                UART3_ERR_IRQHandler
                0x00001528                ADC0_IRQHandler
                0x00001530                CMP0_IRQHandler
                0x00001538                CMP1_IRQHandler
                0x00001540                FTM0_IRQHandler
                0x00001548                FTM1_IRQHandler
                0x00001550                FTM2_IRQHandler
                0x00001558                CMT_IRQHandler
                0x00001560                RTC_IRQHandler
                0x00001568                RTC_Seconds_IRQHandler
                0x00001570                PIT0_IRQHandler
                0x00001578                PIT1_IRQHandler
                0x00001580                PIT2_IRQHandler
                0x00001588                PIT3_IRQHandler
                0x00001590                PDB0_IRQHandler
                0x00001598                USB0_IRQHandler
                0x000015a0                USBDCD_IRQHandler
                0x000015a8                Reserved71_IRQHandler
                0x000015b0                DAC0_IRQHandler
                0x000015b8                MCG_IRQHandler
                0x000015c0                LPTMR0_IRQHandler
                0x000015c8                PORTA_IRQHandler
                0x000015d0                PORTB_IRQHandler
                0x000015d8                PORTC_IRQHandler
                0x000015e0                PORTD_IRQHandler
                0x000015e8                PORTE_IRQHandler
                0x000015f0                SWI_IRQHandler
                0x000015f8                SPI2_IRQHandler
                0x00001600                UART4_RX_TX_IRQHandler
                0x00001608                UART4_ERR_IRQHandler
                0x00001610                UART5_RX_TX_IRQHandler
                0x00001618                UART5_ERR_IRQHandler
                0x00001620                CMP2_IRQHandler
                0x00001628                FTM3_IRQHandler
                0x00001630                DAC1_IRQHandler
                0x00001638                ADC1_IRQHandler
                0x00001640                I2C2_IRQHandler
                0x00001648                CAN0_ORed_Message_buffer_IRQHandler
                0x00001650                CAN0_Bus_Off_IRQHandler
                0x00001658                CAN0_Error_IRQHandler
                0x00001660                CAN0_Tx_Warning_IRQHandler
                0x00001668                CAN0_Rx_Warning_IRQHandler
                0x00001670                CAN0_Wake_Up_IRQHandler
                0x00001678                SDHC_IRQHandler
                0x00001680                ENET_1588_Timer_IRQHandler
                0x00001688                ENET_Transmit_IRQHandler
                0x00001690                ENET_Receive_IRQHandler
                0x00001698                ENET_Error_IRQHandler
 .text          0x000016a0      0x3f0 ./source/main.o
                0x0000179c                task1
                0x000017e0                task2
                0x00001824                task3
                0x00001868                task4
                0x000018c4                task5
                0x0000191c                main
 .text          0x00001a90       0xe8 ./source/queuelib.o
                0x00001a90                _initqueue
                0x00001ab0                _enqueue
                0x00001b00                _dequeue
                0x00001b50                _isqueueempty
 .text          0x00001b78       0x2a ./source/semihost_hardfault.o
                0x00001b78                HardFault_Handler
 *fill*         0x00001ba2        0x2 ff
 .text          0x00001ba4      0x2c0 ./source/tasks.o
                0x00001ba4                PendSV_Handler
                0x00001c2c                SysTick_Handler
                0x00001c6c                task_start
                0x00001ce4                task_create
                0x00001e0c                task_kill
                0x00001e4c                task_self_terminal
 .text          0x00001e64     0x1ab8 ./drivers/fsl_clock.o
                0x00001fa4                CLOCK_FllStableDelay
                0x000021d0                CLOCK_GetOsc0ErClkFreq
                0x00002208                CLOCK_GetEr32kClkFreq
                0x00002278                CLOCK_GetPllFllSelClkFreq
                0x000022cc                CLOCK_GetPlatClkFreq
                0x000022f4                CLOCK_GetFlashClkFreq
                0x0000231c                CLOCK_GetFlexBusClkFreq
                0x00002344                CLOCK_GetBusClkFreq
                0x0000236c                CLOCK_GetCoreSysClkFreq
                0x00002394                CLOCK_GetFreq
                0x000024dc                CLOCK_SetSimConfig
                0x00002514                CLOCK_EnableUsbfs0Clock
                0x0000261c                CLOCK_GetOutClkFreq
                0x00002680                CLOCK_GetFllFreq
                0x000026fc                CLOCK_GetInternalRefClkFreq
                0x00002720                CLOCK_GetFixedFreqClkFreq
                0x0000274e                CLOCK_GetPll0Freq
                0x000027b4                CLOCK_SetExternalRefClkConfig
                0x00002820                CLOCK_SetInternalRefClkConfig
                0x00002924                CLOCK_CalcPllDiv
                0x00002a90                CLOCK_EnablePll0
                0x00002b14                CLOCK_SetOsc0MonitorMode
                0x00002b90                CLOCK_SetRtcOscMonitorMode
                0x00002bdc                CLOCK_SetPll0MonitorMode
                0x00002c50                CLOCK_GetStatusFlags
                0x00002cd4                CLOCK_ClearStatusFlags
                0x00002d2c                CLOCK_InitOsc0
                0x00002db8                CLOCK_DeinitOsc0
                0x00002de4                CLOCK_TrimInternalRefClk
                0x00002f1c                CLOCK_GetMode
                0x00002fd8                CLOCK_SetFeiMode
                0x00003098                CLOCK_SetFeeMode
                0x000031a4                CLOCK_SetFbiMode
                0x00003274                CLOCK_SetFbeMode
                0x000033a0                CLOCK_SetBlpiMode
                0x000033c4                CLOCK_SetBlpeMode
                0x000033e8                CLOCK_SetPbeMode
                0x00003490                CLOCK_SetPeeMode
                0x000034c8                CLOCK_ExternalModeToFbeModeQuick
                0x00003534                CLOCK_InternalModeToFbiModeQuick
                0x00003580                CLOCK_BootToFeiMode
                0x000035a6                CLOCK_BootToFeeMode
                0x000035e2                CLOCK_BootToBlpiMode
                0x00003648                CLOCK_BootToBlpeMode
                0x000036cc                CLOCK_BootToPeeMode
                0x00003730                CLOCK_SetMcgConfig
 .text          0x0000391c     0x146c ./drivers/fsl_flash.o
                0x0000391c                FLASH_Init
                0x000039dc                FLASH_PrepareExecuteInRamFunctions
                0x00003a20                FLASH_EraseAll
                0x00003a74                FLASH_Erase
                0x00003b48                FLASH_EraseAllExecuteOnlySegments
                0x00003b9c                FLASH_Program
                0x00003c6c                FLASH_ProgramOnce
                0x00003cd8                FLASH_ProgramSection
                0x00003e24                FLASH_ReadResource
                0x00003efc                FLASH_ReadOnce
                0x00003f5c                FLASH_GetSecurityState
                0x00003fc4                FLASH_SecurityBypass
                0x0000406c                FLASH_VerifyEraseAll
                0x000040a8                FLASH_VerifyErase
                0x00004198                FLASH_VerifyProgram
                0x00004260                FLASH_VerifyEraseAllExecuteOnlySegments
                0x0000429c                FLASH_IsProtected
                0x000044e8                FLASH_IsExecuteOnly
                0x00004528                FLASH_GetProperty
                0x000045fa                FLASH_SetProperty
                0x00004636                FLASH_SwapControl
                0x000046ec                FLASH_Swap
                0x00004808                FLASH_PflashSetProtection
                0x00004848                FLASH_PflashGetProtection
                0x0000487c                FLASH_PflashSetPrefetchSpeculation
                0x000048fc                FLASH_PflashGetPrefetchSpeculation
                0x00004a1c                fmc_flash_cache_clear
                0x00004a4c                fmc_flash_prefetch_speculation_clear
                0x00004a7c                flash_cache_clear
 .text          0x00004d88      0x16c ./drivers/fsl_gpio.o
                0x00004e2c                GPIO_PinInit
                0x00004e90                GPIO_PortGetInterruptFlags
                0x00004ec0                GPIO_PortClearInterruptFlags
 .text          0x00004ef4      0x394 ./drivers/fsl_smc.o
                0x00004f32                SMC_PreEnterStopModes
                0x00004f64                SMC_PostExitStopModes
                0x00004f94                SMC_PreEnterWaitModes
                0x00004fb0                SMC_PostExitWaitModes
                0x00004fcc                SMC_SetPowerModeRun
                0x00004ff6                SMC_SetPowerModeWait
                0x00005028                SMC_SetPowerModeStop
                0x00005088                SMC_SetPowerModeVlpr
                0x000050d6                SMC_SetPowerModeVlpw
                0x00005108                SMC_SetPowerModeVlps
                0x0000516c                SMC_SetPowerModeLls
                0x000051d0                SMC_SetPowerModeVlls
 .text          0x00005288     0x152c ./drivers/fsl_uart.o
                0x0000535c                UART_GetInstance
                0x000053b0                UART_TransferGetRxRingBufferLength
                0x00005450                UART_Init
                0x00005728                UART_Deinit
                0x00005774                UART_GetDefaultConfig
                0x000057d4                UART_SetBaudRate
                0x000058dc                UART_EnableInterrupts
                0x0000594c                UART_DisableInterrupts
                0x000059cc                UART_GetEnabledInterrupts
                0x00005a18                UART_GetStatusFlags
                0x00005a5e                UART_ClearStatusFlags
                0x00005aea                UART_WriteBlocking
                0x00005b6c                UART_ReadBlocking
                0x00005c44                UART_TransferCreateHandle
                0x00005cc8                UART_TransferStartRingBuffer
                0x00005d3c                UART_TransferStopRingBuffer
                0x00005da8                UART_TransferSendNonBlocking
                0x00005e44                UART_TransferAbortSend
                0x00005e80                UART_TransferGetSendCount
                0x00005ed4                UART_TransferReceiveNonBlocking
                0x00006084                UART_TransferAbortReceive
                0x000060e0                UART_TransferGetReceiveCount
                0x00006140                UART_TransferHandleIRQ
                0x00006650                UART_TransferHandleErrorIRQ
                0x00006666                UART0_DriverIRQHandler
                0x0000668c                UART0_RX_TX_DriverIRQHandler
                0x0000669c                UART1_DriverIRQHandler
                0x000066c4                UART1_RX_TX_DriverIRQHandler
                0x000066d4                UART2_DriverIRQHandler
                0x000066fc                UART2_RX_TX_DriverIRQHandler
                0x0000670c                UART3_DriverIRQHandler
                0x00006734                UART3_RX_TX_DriverIRQHandler
                0x00006744                UART4_DriverIRQHandler
                0x0000676c                UART4_RX_TX_DriverIRQHandler
                0x0000677c                UART5_DriverIRQHandler
                0x000067a4                UART5_RX_TX_DriverIRQHandler
 .text          0x000067b4       0x28 ./board/board.o
                0x000067b4                BOARD_InitDebugConsole
 .text          0x000067dc      0x174 ./board/clock_config.o
                0x00006854                BOARD_InitBootClocks
                0x0000689c                BOARD_BootClockRUN
                0x000068fc                BOARD_BootClockVLPR
 .text          0x00006950       0xc0 ./board/pin_mux.o
                0x000069be                BOARD_InitBootPins
                0x000069ca                BOARD_InitPins
 .text          0x00006a10      0x2b8 ./CMSIS/system_MK64F12.o
                0x00006a10                SystemInit
                0x00006a50                SystemCoreClockUpdate
 .text.__main   0x00006cc8        0xe c:/nxp/mcuxpressoide_11.1.0_3209/ide/plugins/com.nxp.mcuxpresso.tools.win32_11.1.0.201909161352/tools/bin/../lib/gcc/arm-none-eabi/8.3.1/../../../../arm-none-eabi/lib/thumb/v7e-m+fp/hard\libcr_nohost_nf.a(_cr__main.o)
                0x00006cc8                __main
 *fill*         0x00006cd6        0x2 ff
 .text.__assertion_failed
                0x00006cd8       0x4c c:/nxp/mcuxpressoide_11.1.0_3209/ide/plugins/com.nxp.mcuxpresso.tools.win32_11.1.0.201909161352/tools/bin/../lib/gcc/arm-none-eabi/8.3.1/../../../../arm-none-eabi/lib/thumb/v7e-m+fp/hard\libcr_nohost_nf.a(_cr_assert.o)
                0x00006cd8                __assertion_failed
 .text.__sys_appexit
                0x00006d24        0x2 c:/nxp/mcuxpressoide_11.1.0_3209/ide/plugins/com.nxp.mcuxpresso.tools.win32_11.1.0.201909161352/tools/bin/../lib/gcc/arm-none-eabi/8.3.1/../../../../arm-none-eabi/lib/thumb/v7e-m+fp/hard\libcr_nohost_nf.a(__sys_appexit.o)
                0x00006d24                __sys_appexit
                0x00006d24                __exit
 .text.memcpy   0x00006d26        0x4 c:/nxp/mcuxpressoide_11.1.0_3209/ide/plugins/com.nxp.mcuxpresso.tools.win32_11.1.0.201909161352/tools/bin/../lib/gcc/arm-none-eabi/8.3.1/../../../../arm-none-eabi/lib/thumb/v7e-m+fp/hard\libcr_c.a(memcpy.o)
                0x00006d26                memcpy
 .text.memset   0x00006d2a        0x4 c:/nxp/mcuxpressoide_11.1.0_3209/ide/plugins/com.nxp.mcuxpresso.tools.win32_11.1.0.201909161352/tools/bin/../lib/gcc/arm-none-eabi/8.3.1/../../../../arm-none-eabi/lib/thumb/v7e-m+fp/hard\libcr_c.a(memset.o)
                0x00006d2a                memset
 .text._deferredlazyseek
                0x00006d2e       0x40 c:/nxp/mcuxpressoide_11.1.0_3209/ide/plugins/com.nxp.mcuxpresso.tools.win32_11.1.0.201909161352/tools/bin/../lib/gcc/arm-none-eabi/8.3.1/../../../../arm-none-eabi/lib/thumb/v7e-m+fp/hard\libcr_c.a(_deferredlazyseek.o)
                0x00006d2e                _deferredlazyseek
 .text.__flsbuf
                0x00006d6e      0x140 c:/nxp/mcuxpressoide_11.1.0_3209/ide/plugins/com.nxp.mcuxpresso.tools.win32_11.1.0.201909161352/tools/bin/../lib/gcc/arm-none-eabi/8.3.1/../../../../arm-none-eabi/lib/thumb/v7e-m+fp/hard\libcr_c.a(_deferredlazyseek.o)
                0x00006d6e                __flsbuf
 .text._fflush  0x00006eae       0x52 c:/nxp/mcuxpressoide_11.1.0_3209/ide/plugins/com.nxp.mcuxpresso.tools.win32_11.1.0.201909161352/tools/bin/../lib/gcc/arm-none-eabi/8.3.1/../../../../arm-none-eabi/lib/thumb/v7e-m+fp/hard\libcr_c.a(_fflush.o)
                0x00006eae                _fflush
 .text._Cwritebuf
                0x00006f00       0x6c c:/nxp/mcuxpressoide_11.1.0_3209/ide/plugins/com.nxp.mcuxpresso.tools.win32_11.1.0.201909161352/tools/bin/../lib/gcc/arm-none-eabi/8.3.1/../../../../arm-none-eabi/lib/thumb/v7e-m+fp/hard\libcr_c.a(_writebuf.o)
                0x00006f00                _Cwritebuf
 .text.malloc   0x00006f6c       0xc8 c:/nxp/mcuxpressoide_11.1.0_3209/ide/plugins/com.nxp.mcuxpresso.tools.win32_11.1.0.201909161352/tools/bin/../lib/gcc/arm-none-eabi/8.3.1/../../../../arm-none-eabi/lib/thumb/v7e-m+fp/hard\libcr_c.a(alloc.o)
                0x00006f6c                malloc
 .text.free     0x00007034       0x30 c:/nxp/mcuxpressoide_11.1.0_3209/ide/plugins/com.nxp.mcuxpresso.tools.win32_11.1.0.201909161352/tools/bin/../lib/gcc/arm-none-eabi/8.3.1/../../../../arm-none-eabi/lib/thumb/v7e-m+fp/hard\libcr_c.a(alloc.o)
                0x00007034                free
 .text._Csys_alloc
                0x00007064       0x20 c:/nxp/mcuxpressoide_11.1.0_3209/ide/plugins/com.nxp.mcuxpresso.tools.win32_11.1.0.201909161352/tools/bin/../lib/gcc/arm-none-eabi/8.3.1/../../../../arm-none-eabi/lib/thumb/v7e-m+fp/hard\libcr_c.a(alloc.o)
                0x00007064                _Csys_alloc
 .text.fputs    0x00007084       0x2c c:/nxp/mcuxpressoide_11.1.0_3209/ide/plugins/com.nxp.mcuxpresso.tools.win32_11.1.0.201909161352/tools/bin/../lib/gcc/arm-none-eabi/8.3.1/../../../../arm-none-eabi/lib/thumb/v7e-m+fp/hard\libcr_c.a(fputs.o)
                0x00007084                fputs
 .text.fseek    0x000070b0      0x100 c:/nxp/mcuxpressoide_11.1.0_3209/ide/plugins/com.nxp.mcuxpresso.tools.win32_11.1.0.201909161352/tools/bin/../lib/gcc/arm-none-eabi/8.3.1/../../../../arm-none-eabi/lib/thumb/v7e-m+fp/hard\libcr_c.a(fseek.o)
                0x000070b0                fseek
 .text.ftell    0x000071b0       0x48 c:/nxp/mcuxpressoide_11.1.0_3209/ide/plugins/com.nxp.mcuxpresso.tools.win32_11.1.0.201909161352/tools/bin/../lib/gcc/arm-none-eabi/8.3.1/../../../../arm-none-eabi/lib/thumb/v7e-m+fp/hard\libcr_c.a(ftell.o)
                0x000071b0                ftell
 .text._initio  0x000071f8       0x78 c:/nxp/mcuxpressoide_11.1.0_3209/ide/plugins/com.nxp.mcuxpresso.tools.win32_11.1.0.201909161352/tools/bin/../lib/gcc/arm-none-eabi/8.3.1/../../../../arm-none-eabi/lib/thumb/v7e-m+fp/hard\libcr_c.a(initio.o)
                0x000071f8                _initio
 .text.setvbuf  0x00007270       0x40 c:/nxp/mcuxpressoide_11.1.0_3209/ide/plugins/com.nxp.mcuxpresso.tools.win32_11.1.0.201909161352/tools/bin/../lib/gcc/arm-none-eabi/8.3.1/../../../../arm-none-eabi/lib/thumb/v7e-m+fp/hard\libcr_c.a(setvbuf.o)
                0x00007270                setvbuf
 .text.strlen   0x000072b0       0x4c c:/nxp/mcuxpressoide_11.1.0_3209/ide/plugins/com.nxp.mcuxpresso.tools.win32_11.1.0.201909161352/tools/bin/../lib/gcc/arm-none-eabi/8.3.1/../../../../arm-none-eabi/lib/thumb/v7e-m+fp/hard\libcr_c.a(strlen.o)
                0x000072b0                strlen
 .text._sbrk    0x000072fc       0x3c c:/nxp/mcuxpressoide_11.1.0_3209/ide/plugins/com.nxp.mcuxpresso.tools.win32_11.1.0.201909161352/tools/bin/../lib/gcc/arm-none-eabi/8.3.1/../../../../arm-none-eabi/lib/thumb/v7e-m+fp/hard\libcr_c.a(_cr_sbrk.o)
                0x000072fc                _sbrk
 .text._fdopen  0x00007338       0x68 c:/nxp/mcuxpressoide_11.1.0_3209/ide/plugins/com.nxp.mcuxpresso.tools.win32_11.1.0.201909161352/tools/bin/../lib/gcc/arm-none-eabi/8.3.1/../../../../arm-none-eabi/lib/thumb/v7e-m+fp/hard\libcr_c.a(_fdopen.o)
                0x00007338                _fdopen
 .text.fclose   0x000073a0       0x58 c:/nxp/mcuxpressoide_11.1.0_3209/ide/plugins/com.nxp.mcuxpresso.tools.win32_11.1.0.201909161352/tools/bin/../lib/gcc/arm-none-eabi/8.3.1/../../../../arm-none-eabi/lib/thumb/v7e-m+fp/hard\libcr_c.a(fclose.o)
                0x000073a0                fclose
 .text.fflush   0x000073f8       0x44 c:/nxp/mcuxpressoide_11.1.0_3209/ide/plugins/com.nxp.mcuxpresso.tools.win32_11.1.0.201909161352/tools/bin/../lib/gcc/arm-none-eabi/8.3.1/../../../../arm-none-eabi/lib/thumb/v7e-m+fp/hard\libcr_c.a(fflush.o)
                0x000073f8                fflush
 .text.remove   0x0000743c       0x14 c:/nxp/mcuxpressoide_11.1.0_3209/ide/plugins/com.nxp.mcuxpresso.tools.win32_11.1.0.201909161352/tools/bin/../lib/gcc/arm-none-eabi/8.3.1/../../../../arm-none-eabi/lib/thumb/v7e-m+fp/hard\libcr_c.a(remove.o)
                0x0000743c                remove
 .text.__check_heap_overflow
                0x00007450       0x18 c:/nxp/mcuxpressoide_11.1.0_3209/ide/plugins/com.nxp.mcuxpresso.tools.win32_11.1.0.201909161352/tools/bin/../lib/gcc/arm-none-eabi/8.3.1/../../../../arm-none-eabi/lib/thumb/v7e-m+fp/hard\libcr_c.a(_cr_check_heap.o)
                0x00007450                __check_heap_overflow
 .text._do_fflush
                0x00007468       0x40 c:/nxp/mcuxpressoide_11.1.0_3209/ide/plugins/com.nxp.mcuxpresso.tools.win32_11.1.0.201909161352/tools/bin/../lib/gcc/arm-none-eabi/8.3.1/../../../../arm-none-eabi/lib/thumb/v7e-m+fp/hard\libcr_c.a(_do_fflush.o)
                0x00007468                _do_fflush
 .text.__aeabi_memcpy
                0x000074a8       0x34 c:/nxp/mcuxpressoide_11.1.0_3209/ide/plugins/com.nxp.mcuxpresso.tools.win32_11.1.0.201909161352/tools/bin/../lib/gcc/arm-none-eabi/8.3.1/thumb/v7e-m+fp/hard\libcr_eabihelpers.a(memcpy.o)
                0x000074a8                __aeabi_memcpy
                0x000074b2                __aeabi_memcpy8
                0x000074b2                __aeabi_memcpy4
 .text.__aeabi_memset_lowlevel
                0x000074dc       0x32 c:/nxp/mcuxpressoide_11.1.0_3209/ide/plugins/com.nxp.mcuxpresso.tools.win32_11.1.0.201909161352/tools/bin/../lib/gcc/arm-none-eabi/8.3.1/thumb/v7e-m+fp/hard\libcr_eabihelpers.a(memcpy.o)
                0x000074dc                __aeabi_lowlevel_memset
 .text.__sys_close
                0x0000750e        0x6 c:/nxp/mcuxpressoide_11.1.0_3209/ide/plugins/com.nxp.mcuxpresso.tools.win32_11.1.0.201909161352/tools/bin/../lib/gcc/arm-none-eabi/8.3.1/../../../../arm-none-eabi/lib/thumb/v7e-m+fp/hard\libcr_nohost_nf.a(__sys_close.o)
                0x0000750e                __sys_close
 .text.__sys_flen
                0x00007514        0x6 c:/nxp/mcuxpressoide_11.1.0_3209/ide/plugins/com.nxp.mcuxpresso.tools.win32_11.1.0.201909161352/tools/bin/../lib/gcc/arm-none-eabi/8.3.1/../../../../arm-none-eabi/lib/thumb/v7e-m+fp/hard\libcr_nohost_nf.a(__sys_flen.o)
                0x00007514                __sys_flen
 .text.__sys_istty
                0x0000751a        0x6 c:/nxp/mcuxpressoide_11.1.0_3209/ide/plugins/com.nxp.mcuxpresso.tools.win32_11.1.0.201909161352/tools/bin/../lib/gcc/arm-none-eabi/8.3.1/../../../../arm-none-eabi/lib/thumb/v7e-m+fp/hard\libcr_nohost_nf.a(__sys_istty.o)
                0x0000751a                __sys_istty
 .text.__sys_remove
                0x00007520        0x6 c:/nxp/mcuxpressoide_11.1.0_3209/ide/plugins/com.nxp.mcuxpresso.tools.win32_11.1.0.201909161352/tools/bin/../lib/gcc/arm-none-eabi/8.3.1/../../../../arm-none-eabi/lib/thumb/v7e-m+fp/hard\libcr_nohost_nf.a(__sys_remove.o)
                0x00007520                __sys_remove
 .text.__sys_seek
                0x00007526        0x6 c:/nxp/mcuxpressoide_11.1.0_3209/ide/plugins/com.nxp.mcuxpresso.tools.win32_11.1.0.201909161352/tools/bin/../lib/gcc/arm-none-eabi/8.3.1/../../../../arm-none-eabi/lib/thumb/v7e-m+fp/hard\libcr_nohost_nf.a(__sys_seek.o)
                0x00007526                __sys_seek
 .text.__sys_tmpnam
                0x0000752c        0x6 c:/nxp/mcuxpressoide_11.1.0_3209/ide/plugins/com.nxp.mcuxpresso.tools.win32_11.1.0.201909161352/tools/bin/../lib/gcc/arm-none-eabi/8.3.1/../../../../arm-none-eabi/lib/thumb/v7e-m+fp/hard\libcr_nohost_nf.a(__sys_tmpnam.o)
                0x0000752c                __sys_tmpnam
 .text.__sys_write
                0x00007532        0x4 c:/nxp/mcuxpressoide_11.1.0_3209/ide/plugins/com.nxp.mcuxpresso.tools.win32_11.1.0.201909161352/tools/bin/../lib/gcc/arm-none-eabi/8.3.1/../../../../arm-none-eabi/lib/thumb/v7e-m+fp/hard\libcr_nohost_nf.a(__sys_write.o)
                0x00007532                __sys_write
 *(.rodata .rodata.* .constdata .constdata.*)
 *fill*         0x00007536        0x2 ff
 .rodata.str1.4
                0x00007538       0x44 ./utilities/fsl_debug_console.o
 .rodata.str1.4
                0x0000757c       0x1b ./utilities/fsl_io.o
 *fill*         0x00007597        0x1 ff
 .rodata.str1.4
                0x00007598       0x5c ./utilities/fsl_log.o
 .rodata.str1.4
                0x000075f4      0x12c ./source/main.o
 .rodata.str1.4
                0x00007720       0xf3 ./drivers/fsl_clock.o
 *fill*         0x00007813        0x1 ff
 .rodata        0x00007814       0x60 ./drivers/fsl_clock.o
 .rodata        0x00007874       0x4e ./drivers/fsl_flash.o
                0x00007874                kFCCOBx
                0x00007878                kFPROTL
                0x000078a4                kPFlashDensities
 *fill*         0x000078c2        0x2 ff
 .rodata        0x000078c4       0x28 ./drivers/fsl_gpio.o
 .rodata.str1.4
                0x000078ec       0x4c ./drivers/fsl_gpio.o
 .rodata        0x00007938        0x2 ./drivers/fsl_smc.o
 *fill*         0x0000793a        0x2 ff
 .rodata        0x0000793c       0x38 ./drivers/fsl_uart.o
 .rodata.str1.4
                0x00007974      0x3ec ./drivers/fsl_uart.o
                                0x3e9 (size before relaxing)
 .rodata        0x00007d60       0x38 ./board/clock_config.o
                0x00007d60                mcgConfig_BOARD_BootClockRUN
                0x00007d6c                simConfig_BOARD_BootClockRUN
                0x00007d74                oscConfig_BOARD_BootClockRUN
                0x00007d7c                mcgConfig_BOARD_BootClockVLPR
                0x00007d88                simConfig_BOARD_BootClockVLPR
                0x00007d90                oscConfig_BOARD_BootClockVLPR
 .rodata.__assertion_failed.str1.1
                0x00007d98       0x15 c:/nxp/mcuxpressoide_11.1.0_3209/ide/plugins/com.nxp.mcuxpresso.tools.win32_11.1.0.201909161352/tools/bin/../lib/gcc/arm-none-eabi/8.3.1/../../../../arm-none-eabi/lib/thumb/v7e-m+fp/hard\libcr_nohost_nf.a(_cr_assert.o)
 *fill*         0x00007dad        0x3 ff
 .rodata.__num_Ciob_streams
                0x00007db0        0x4 c:/nxp/mcuxpressoide_11.1.0_3209/ide/plugins/com.nxp.mcuxpresso.tools.win32_11.1.0.201909161352/tools/bin/../lib/gcc/arm-none-eabi/8.3.1/../../../../arm-none-eabi/lib/thumb/v7e-m+fp/hard\libcr_nohost_nf.a(__ciob.o)
                0x00007db0                __num_Ciob_streams
 .rodata._Csys_alloc.str1.1
                0x00007db4       0x18 c:/nxp/mcuxpressoide_11.1.0_3209/ide/plugins/com.nxp.mcuxpresso.tools.win32_11.1.0.201909161352/tools/bin/../lib/gcc/arm-none-eabi/8.3.1/../../../../arm-none-eabi/lib/thumb/v7e-m+fp/hard\libcr_c.a(alloc.o)
 .rodata._initio.str1.1
                0x00007dcc        0x4 c:/nxp/mcuxpressoide_11.1.0_3209/ide/plugins/com.nxp.mcuxpresso.tools.win32_11.1.0.201909161352/tools/bin/../lib/gcc/arm-none-eabi/8.3.1/../../../../arm-none-eabi/lib/thumb/v7e-m+fp/hard\libcr_c.a(initio.o)
                0x00007dd0                . = ALIGN (0x8)

.glue_7         0x00007dd0        0x0
 .glue_7        0x00007dd0        0x0 linker stubs

.glue_7t        0x00007dd0        0x0
 .glue_7t       0x00007dd0        0x0 linker stubs

.vfp11_veneer   0x00007dd0        0x0
 .vfp11_veneer  0x00007dd0        0x0 linker stubs

.v4_bx          0x00007dd0        0x0
 .v4_bx         0x00007dd0        0x0 linker stubs

.iplt           0x00007dd0        0x0
 .iplt          0x00007dd0        0x0 ./utilities/fsl_debug_console.o

.rel.dyn        0x00007dd0        0x0
 .rel.iplt      0x00007dd0        0x0 ./utilities/fsl_debug_console.o

.ARM.extab
 *(.ARM.extab* .gnu.linkonce.armextab.*)
                0x00007dd0                __exidx_start = .

.ARM.exidx
 *(.ARM.exidx* .gnu.linkonce.armexidx.*)
                0x00007dd0                __exidx_end = .
                0x00007dd0                _etext = .

.m_usb_data
 *(m_usb_bdt)

.data_RAM2      0x1fff0000        0x0 load address 0x00007dd0
 FILL mask 0xff
                [!provide]                PROVIDE (__start_data_RAM2 = .)
                [!provide]                PROVIDE (__start_data_SRAM_LOWER = .)
 *(.ramfunc.$RAM2)
 *(.ramfunc.$SRAM_LOWER)
 *(.data.$RAM2)
 *(.data.$SRAM_LOWER)
 *(.data.$RAM2.*)
 *(.data.$SRAM_LOWER.*)
                0x1fff0000                . = ALIGN (0x8)
                [!provide]                PROVIDE (__end_data_RAM2 = .)
                [!provide]                PROVIDE (__end_data_SRAM_LOWER = .)

.data_RAM3      0x14000000        0x0 load address 0x00007dd0
 FILL mask 0xff
                [!provide]                PROVIDE (__start_data_RAM3 = .)
                [!provide]                PROVIDE (__start_data_FLEX_RAM = .)
 *(.ramfunc.$RAM3)
 *(.ramfunc.$FLEX_RAM)
 *(.data.$RAM3)
 *(.data.$FLEX_RAM)
 *(.data.$RAM3.*)
 *(.data.$FLEX_RAM.*)
                0x14000000                . = ALIGN (0x8)
                [!provide]                PROVIDE (__end_data_RAM3 = .)
                [!provide]                PROVIDE (__end_data_FLEX_RAM = .)

.uninit_RESERVED
                0x20000000        0x0
                0x20000000                _start_uninit_RESERVED = .
 *(.bss.$RESERVED*)
                0x20000000                . = ALIGN (0x8)
                0x20000000                _end_uninit_RESERVED = .

.data           0x20000000       0x10 load address 0x00007dd0
 FILL mask 0xff
                0x20000000                _data = .
                [!provide]                PROVIDE (__start_data_RAM = .)
                [!provide]                PROVIDE (__start_data_SRAM_UPPER = .)
 *(vtable)
 *(.ramfunc*)
 *(CodeQuickAccess)
 *(DataQuickAccess)
 *(RamFunction)
 *(.data*)
 .data          0x20000000        0x4 ./source/tasks.o
 .data          0x20000004        0x8 ./drivers/fsl_clock.o
 .data          0x2000000c        0x4 ./CMSIS/system_MK64F12.o
                0x2000000c                SystemCoreClock
                0x20000010                . = ALIGN (0x8)
                0x20000010                _edata = .
                [!provide]                PROVIDE (__end_data_RAM = .)
                [!provide]                PROVIDE (__end_data_SRAM_UPPER = .)

.igot.plt       0x20000010        0x0 load address 0x00007de0
 .igot.plt      0x20000010        0x0 ./utilities/fsl_debug_console.o

.bss_RAM2       0x1fff0000        0x0
                [!provide]                PROVIDE (__start_bss_RAM2 = .)
                [!provide]                PROVIDE (__start_bss_SRAM_LOWER = .)
 *(.bss.$RAM2)
 *(.bss.$SRAM_LOWER)
 *(.bss.$RAM2.*)
 *(.bss.$SRAM_LOWER.*)
                0x1fff0000                . = ALIGN ((. != 0x0)?0x8:0x1)
                [!provide]                PROVIDE (__end_bss_RAM2 = .)
                [!provide]                PROVIDE (__end_bss_SRAM_LOWER = .)

.bss_RAM3       0x14000000        0x0
                [!provide]                PROVIDE (__start_bss_RAM3 = .)
                [!provide]                PROVIDE (__start_bss_FLEX_RAM = .)
 *(.bss.$RAM3)
 *(.bss.$FLEX_RAM)
 *(.bss.$RAM3.*)
 *(.bss.$FLEX_RAM.*)
                0x14000000                . = ALIGN ((. != 0x0)?0x8:0x1)
                [!provide]                PROVIDE (__end_bss_RAM3 = .)
                [!provide]                PROVIDE (__end_bss_FLEX_RAM = .)

.bss            0x20000010      0x200
                0x20000010                _bss = .
                [!provide]                PROVIDE (__start_bss_RAM = .)
                [!provide]                PROVIDE (__start_bss_SRAM_UPPER = .)
 *(.bss*)
 .bss           0x20000010        0x8 ./utilities/fsl_io.o
 .bss           0x20000018       0x78 ./source/tasks.o
                0x20000018                ready
 .bss           0x20000090        0x8 ./drivers/fsl_clock.o
                0x20000090                g_xtal0Freq
                0x20000094                g_xtal32Freq
 .bss           0x20000098       0x94 ./drivers/fsl_flash.o
 .bss           0x2000012c        0x4 ./drivers/fsl_smc.o
 .bss           0x20000130       0x1c ./drivers/fsl_uart.o
 .bss.__Ciob    0x2000014c       0xb4 c:/nxp/mcuxpressoide_11.1.0_3209/ide/plugins/com.nxp.mcuxpresso.tools.win32_11.1.0.201909161352/tools/bin/../lib/gcc/arm-none-eabi/8.3.1/../../../../arm-none-eabi/lib/thumb/v7e-m+fp/hard\libcr_nohost_nf.a(__ciob.o)
                0x2000014c                __Ciob
 .bss.__end_of_heap
                0x20000200        0x4 c:/nxp/mcuxpressoide_11.1.0_3209/ide/plugins/com.nxp.mcuxpresso.tools.win32_11.1.0.201909161352/tools/bin/../lib/gcc/arm-none-eabi/8.3.1/../../../../arm-none-eabi/lib/thumb/v7e-m+fp/hard\libcr_c.a(__init_alloc.o)
                0x20000200                __end_of_heap
 .bss.__heaps   0x20000204        0x4 c:/nxp/mcuxpressoide_11.1.0_3209/ide/plugins/com.nxp.mcuxpresso.tools.win32_11.1.0.201909161352/tools/bin/../lib/gcc/arm-none-eabi/8.3.1/../../../../arm-none-eabi/lib/thumb/v7e-m+fp/hard\libcr_c.a(__init_alloc.o)
                0x20000204                __heaps
 .bss.errno     0x20000208        0x4 c:/nxp/mcuxpressoide_11.1.0_3209/ide/plugins/com.nxp.mcuxpresso.tools.win32_11.1.0.201909161352/tools/bin/../lib/gcc/arm-none-eabi/8.3.1/../../../../arm-none-eabi/lib/thumb/v7e-m+fp/hard\libcr_c.a(errno.o)
                0x20000208                errno
 *(COMMON)
                0x20000210                . = ALIGN (0x8)
 *fill*         0x2000020c        0x4 
                0x20000210                _ebss = .
                [!provide]                PROVIDE (__end_bss_RAM = .)
                [!provide]                PROVIDE (__end_bss_SRAM_UPPER = .)
                [!provide]                PROVIDE (end = .)

.noinit_RAM2    0x1fff0000        0x0
                [!provide]                PROVIDE (__start_noinit_RAM2 = .)
                [!provide]                PROVIDE (__start_noinit_SRAM_LOWER = .)
 *(.noinit.$RAM2)
 *(.noinit.$SRAM_LOWER)
 *(.noinit.$RAM2.*)
 *(.noinit.$SRAM_LOWER.*)
                0x1fff0000                . = ALIGN (0x8)
                [!provide]                PROVIDE (__end_noinit_RAM2 = .)
                [!provide]                PROVIDE (__end_noinit_SRAM_LOWER = .)

.noinit_RAM3    0x14000000        0x0
                [!provide]                PROVIDE (__start_noinit_RAM3 = .)
                [!provide]                PROVIDE (__start_noinit_FLEX_RAM = .)
 *(.noinit.$RAM3)
 *(.noinit.$FLEX_RAM)
 *(.noinit.$RAM3.*)
 *(.noinit.$FLEX_RAM.*)
                0x14000000                . = ALIGN (0x8)
                [!provide]                PROVIDE (__end_noinit_RAM3 = .)
                [!provide]                PROVIDE (__end_noinit_FLEX_RAM = .)

.noinit         0x20000210        0x0
                0x20000210                _noinit = .
                [!provide]                PROVIDE (__start_noinit_RAM = .)
                [!provide]                PROVIDE (__start_noinit_SRAM_UPPER = .)
 *(.noinit*)
                0x20000210                . = ALIGN (0x8)
                0x20000210                _end_noinit = .
                [!provide]                PROVIDE (__end_noinit_RAM = .)
                [!provide]                PROVIDE (__end_noinit_SRAM_UPPER = .)
                0x00001000                _HeapSize = 0x1000

.heap           0x20000210     0x1000
                0x20000210                _pvHeapStart = .
                0x20001210                . = (. + _HeapSize)
 *fill*         0x20000210     0x1000 
                0x20001210                . = ALIGN (0x8)
                0x20001210                _pvHeapLimit = .
                0x00001000                _StackSize = 0x1000

.heap2stackfill
                0x20001210     0x1000
                0x20002210                . = (. + _StackSize)
 *fill*         0x20001210     0x1000 

.stack          0x2002f000        0x0
                0x2002f000                _vStackBase = .
                0x2002f000                . = ALIGN (0x8)
                0x20030000                _vStackTop = (. + _StackSize)
                0x00000000                _image_start = LOADADDR (.text)
                0x00007de0                _image_end = (LOADADDR (.data) + SIZEOF (.data))
                0x00007de0                _image_size = (_image_end - _image_start)
OUTPUT(frdmk64f_demo_apps_ContextSwitch-3.axf elf32-littlearm)

.debug_info     0x00000000     0xbc4b
 .debug_info    0x00000000      0x39d ./utilities/fsl_debug_console.o
 .debug_info    0x0000039d      0x87a ./utilities/fsl_io.o
 .debug_info    0x00000c17      0x363 ./utilities/fsl_log.o
 .debug_info    0x00000f7a      0x559 ./utilities/fsl_str.o
 .debug_info    0x000014d3      0x91b ./startup/startup_mk64f12.o
 .debug_info    0x00001dee      0xcfd ./source/main.o
 .debug_info    0x00002aeb      0x149 ./source/queuelib.o
 .debug_info    0x00002c34       0x3c ./source/semihost_hardfault.o
 .debug_info    0x00002c70      0x4c3 ./source/tasks.o
 .debug_info    0x00003133     0x2012 ./drivers/fsl_clock.o
 .debug_info    0x00005145     0x2014 ./drivers/fsl_flash.o
 .debug_info    0x00007159      0x652 ./drivers/fsl_gpio.o
 .debug_info    0x000077ab      0xaed ./drivers/fsl_smc.o
 .debug_info    0x00008298     0x1aea ./drivers/fsl_uart.o
 .debug_info    0x00009d82      0x673 ./board/board.o
 .debug_info    0x0000a3f5      0xb38 ./board/clock_config.o
 .debug_info    0x0000af2d      0x6a0 ./board/pin_mux.o
 .debug_info    0x0000b5cd      0x67e ./CMSIS/system_MK64F12.o

.debug_abbrev   0x00000000     0x22a7
 .debug_abbrev  0x00000000      0x191 ./utilities/fsl_debug_console.o
 .debug_abbrev  0x00000191      0x24e ./utilities/fsl_io.o
 .debug_abbrev  0x000003df      0x19e ./utilities/fsl_log.o
 .debug_abbrev  0x0000057d      0x1b3 ./utilities/fsl_str.o
 .debug_abbrev  0x00000730      0x17a ./startup/startup_mk64f12.o
 .debug_abbrev  0x000008aa      0x242 ./source/main.o
 .debug_abbrev  0x00000aec       0xef ./source/queuelib.o
 .debug_abbrev  0x00000bdb       0x31 ./source/semihost_hardfault.o
 .debug_abbrev  0x00000c0c      0x212 ./source/tasks.o
 .debug_abbrev  0x00000e1e      0x34b ./drivers/fsl_clock.o
 .debug_abbrev  0x00001169      0x29b ./drivers/fsl_flash.o
 .debug_abbrev  0x00001404      0x1d2 ./drivers/fsl_gpio.o
 .debug_abbrev  0x000015d6      0x303 ./drivers/fsl_smc.o
 .debug_abbrev  0x000018d9      0x345 ./drivers/fsl_uart.o
 .debug_abbrev  0x00001c1e      0x158 ./board/board.o
 .debug_abbrev  0x00001d76      0x220 ./board/clock_config.o
 .debug_abbrev  0x00001f96      0x1bb ./board/pin_mux.o
 .debug_abbrev  0x00002151      0x156 ./CMSIS/system_MK64F12.o

.debug_aranges  0x00000000      0x2a0
 .debug_aranges
                0x00000000       0x20 ./utilities/fsl_debug_console.o
 .debug_aranges
                0x00000020       0x20 ./utilities/fsl_io.o
 .debug_aranges
                0x00000040       0x20 ./utilities/fsl_log.o
 .debug_aranges
                0x00000060       0x20 ./utilities/fsl_str.o
 .debug_aranges
                0x00000080       0x80 ./startup/startup_mk64f12.o
 .debug_aranges
                0x00000100       0x20 ./source/main.o
 .debug_aranges
                0x00000120       0x20 ./source/queuelib.o
 .debug_aranges
                0x00000140       0x20 ./source/semihost_hardfault.o
 .debug_aranges
                0x00000160       0x20 ./source/tasks.o
 .debug_aranges
                0x00000180       0x20 ./drivers/fsl_clock.o
 .debug_aranges
                0x000001a0       0x20 ./drivers/fsl_flash.o
 .debug_aranges
                0x000001c0       0x20 ./drivers/fsl_gpio.o
 .debug_aranges
                0x000001e0       0x20 ./drivers/fsl_smc.o
 .debug_aranges
                0x00000200       0x20 ./drivers/fsl_uart.o
 .debug_aranges
                0x00000220       0x20 ./board/board.o
 .debug_aranges
                0x00000240       0x20 ./board/clock_config.o
 .debug_aranges
                0x00000260       0x20 ./board/pin_mux.o
 .debug_aranges
                0x00000280       0x20 ./CMSIS/system_MK64F12.o

.debug_macro    0x00000000    0x12ff0
 .debug_macro   0x00000000      0x127 ./utilities/fsl_debug_console.o
 .debug_macro   0x00000127      0xad2 ./utilities/fsl_debug_console.o
 .debug_macro   0x00000bf9       0x10 ./utilities/fsl_debug_console.o
 .debug_macro   0x00000c09       0x16 ./utilities/fsl_debug_console.o
 .debug_macro   0x00000c1f       0x10 ./utilities/fsl_debug_console.o
 .debug_macro   0x00000c2f      0x12e ./utilities/fsl_debug_console.o
 .debug_macro   0x00000d5d       0x28 ./utilities/fsl_debug_console.o
 .debug_macro   0x00000d85       0x16 ./utilities/fsl_debug_console.o
 .debug_macro   0x00000d9b       0x22 ./utilities/fsl_debug_console.o
 .debug_macro   0x00000dbd      0x5b3 ./utilities/fsl_debug_console.o
 .debug_macro   0x00001370       0x10 ./utilities/fsl_debug_console.o
 .debug_macro   0x00001380       0x5b ./utilities/fsl_debug_console.o
 .debug_macro   0x000013db       0x1c ./utilities/fsl_debug_console.o
 .debug_macro   0x000013f7       0x22 ./utilities/fsl_debug_console.o
 .debug_macro   0x00001419       0xd9 ./utilities/fsl_debug_console.o
 .debug_macro   0x000014f2      0xec1 ./utilities/fsl_debug_console.o
 .debug_macro   0x000023b3       0x44 ./utilities/fsl_debug_console.o
 .debug_macro   0x000023f7     0xe07b ./utilities/fsl_debug_console.o
 .debug_macro   0x00010472     0x143f ./utilities/fsl_debug_console.o
 .debug_macro   0x000118b1       0x46 ./utilities/fsl_debug_console.o
 .debug_macro   0x000118f7      0x171 ./utilities/fsl_debug_console.o
 .debug_macro   0x00011a68       0x5f ./utilities/fsl_debug_console.o
 .debug_macro   0x00011ac7       0x1c ./utilities/fsl_debug_console.o
 .debug_macro   0x00011ae3       0x43 ./utilities/fsl_debug_console.o
 .debug_macro   0x00011b26      0x102 ./utilities/fsl_io.o
 .debug_macro   0x00011c28       0x1c ./utilities/fsl_io.o
 .debug_macro   0x00011c44       0x10 ./utilities/fsl_io.o
 .debug_macro   0x00011c54      0x135 ./utilities/fsl_log.o
 .debug_macro   0x00011d89      0x118 ./utilities/fsl_str.o
 .debug_macro   0x00011ea1       0xc4 ./utilities/fsl_str.o
 .debug_macro   0x00011f65       0x1c ./utilities/fsl_str.o
 .debug_macro   0x00011f81       0x29 ./startup/startup_mk64f12.o
 .debug_macro   0x00011faa      0x140 ./source/main.o
 .debug_macro   0x000120ea       0x1c ./source/main.o
 .debug_macro   0x00012106       0x10 ./source/main.o
 .debug_macro   0x00012116      0x15e ./source/main.o
 .debug_macro   0x00012274       0x1b ./source/queuelib.o
 .debug_macro   0x0001228f       0x11 ./source/semihost_hardfault.o
 .debug_macro   0x000122a0       0xc2 ./source/tasks.o
 .debug_macro   0x00012362       0x16 ./source/tasks.o
 .debug_macro   0x00012378      0x1a6 ./drivers/fsl_clock.o
 .debug_macro   0x0001251e      0x34b ./drivers/fsl_flash.o
 .debug_macro   0x00012869       0x43 ./drivers/fsl_flash.o
 .debug_macro   0x000128ac       0xf0 ./drivers/fsl_gpio.o
 .debug_macro   0x0001299c       0xf9 ./drivers/fsl_smc.o
 .debug_macro   0x00012a95       0x49 ./drivers/fsl_smc.o
 .debug_macro   0x00012ade       0xf6 ./drivers/fsl_uart.o
 .debug_macro   0x00012bd4      0x110 ./board/board.o
 .debug_macro   0x00012ce4       0x22 ./board/board.o
 .debug_macro   0x00012d06      0x127 ./board/clock_config.o
 .debug_macro   0x00012e2d       0x16 ./board/clock_config.o
 .debug_macro   0x00012e43      0x105 ./board/pin_mux.o
 .debug_macro   0x00012f48       0x10 ./board/pin_mux.o
 .debug_macro   0x00012f58       0x98 ./CMSIS/system_MK64F12.o

.debug_line     0x00000000     0x68a7
 .debug_line    0x00000000      0x455 ./utilities/fsl_debug_console.o
 .debug_line    0x00000455      0x44b ./utilities/fsl_io.o
 .debug_line    0x000008a0      0x44f ./utilities/fsl_log.o
 .debug_line    0x00000cef      0x9dd ./utilities/fsl_str.o
 .debug_line    0x000016cc      0x36c ./startup/startup_mk64f12.o
 .debug_line    0x00001a38      0x5d8 ./source/main.o
 .debug_line    0x00002010      0x103 ./source/queuelib.o
 .debug_line    0x00002113       0x5a ./source/semihost_hardfault.o
 .debug_line    0x0000216d      0x3f5 ./source/tasks.o
 .debug_line    0x00002562     0x1033 ./drivers/fsl_clock.o
 .debug_line    0x00003595      0xd49 ./drivers/fsl_flash.o
 .debug_line    0x000042de      0x36c ./drivers/fsl_gpio.o
 .debug_line    0x0000464a      0x4fd ./drivers/fsl_smc.o
 .debug_line    0x00004b47      0xea6 ./drivers/fsl_uart.o
 .debug_line    0x000059ed      0x3d7 ./board/board.o
 .debug_line    0x00005dc4      0x3c7 ./board/clock_config.o
 .debug_line    0x0000618b      0x391 ./board/pin_mux.o
 .debug_line    0x0000651c      0x38b ./CMSIS/system_MK64F12.o

.debug_str      0x00000000    0x82371
 .debug_str     0x00000000    0x7974b ./utilities/fsl_debug_console.o
                              0x79838 (size before relaxing)
 .debug_str     0x0007974b      0xa2a ./utilities/fsl_io.o
                              0x79fea (size before relaxing)
 .debug_str     0x0007a175      0x1d8 ./utilities/fsl_log.o
                              0x797c8 (size before relaxing)
 .debug_str     0x0007a34d      0x6c9 ./utilities/fsl_str.o
                              0x79ce4 (size before relaxing)
 .debug_str     0x0007aa16      0x7ff ./startup/startup_mk64f12.o
                               0x3700 (size before relaxing)
 .debug_str     0x0007b215     0x15bf ./source/main.o
                              0x7aa85 (size before relaxing)
 .debug_str     0x0007c7d4       0x7a ./source/queuelib.o
                               0x2efd (size before relaxing)
 .debug_str     0x0007c84e       0x1f ./source/semihost_hardfault.o
                               0x2ea1 (size before relaxing)
 .debug_str     0x0007c86d      0x11e ./source/tasks.o
                              0x713a6 (size before relaxing)
 .debug_str     0x0007c98b     0x1a39 ./drivers/fsl_clock.o
                              0x7b72d (size before relaxing)
 .debug_str     0x0007e3c4     0x2bdc ./drivers/fsl_flash.o
                              0x7c667 (size before relaxing)
 .debug_str     0x00080fa0       0xe9 ./drivers/fsl_gpio.o
                              0x79ae1 (size before relaxing)
 .debug_str     0x00081089      0x3b1 ./drivers/fsl_smc.o
                              0x7a09c (size before relaxing)
 .debug_str     0x0008143a      0x9ea ./drivers/fsl_uart.o
                              0x7b01e (size before relaxing)
 .debug_str     0x00081e24       0x37 ./board/board.o
                              0x7a39b (size before relaxing)
 .debug_str     0x00081e5b      0x2a3 ./board/clock_config.o
                              0x7a194 (size before relaxing)
 .debug_str     0x000820fe      0x1c6 ./board/pin_mux.o
                              0x7990f (size before relaxing)
 .debug_str     0x000822c4       0xad ./CMSIS/system_MK64F12.o
                              0x7872c (size before relaxing)

.comment        0x00000000       0x76
 .comment       0x00000000       0x76 ./utilities/fsl_debug_console.o
                                 0x77 (size before relaxing)
 .comment       0x00000076       0x77 ./utilities/fsl_io.o
 .comment       0x00000076       0x77 ./utilities/fsl_log.o
 .comment       0x00000076       0x77 ./utilities/fsl_str.o
 .comment       0x00000076       0x77 ./startup/startup_mk64f12.o
 .comment       0x00000076       0x77 ./source/main.o
 .comment       0x00000076       0x77 ./source/queuelib.o
 .comment       0x00000076       0x77 ./source/semihost_hardfault.o
 .comment       0x00000076       0x77 ./source/tasks.o
 .comment       0x00000076       0x77 ./drivers/fsl_clock.o
 .comment       0x00000076       0x77 ./drivers/fsl_flash.o
 .comment       0x00000076       0x77 ./drivers/fsl_gpio.o
 .comment       0x00000076       0x77 ./drivers/fsl_smc.o
 .comment       0x00000076       0x77 ./drivers/fsl_uart.o
 .comment       0x00000076       0x77 ./board/board.o
 .comment       0x00000076       0x77 ./board/clock_config.o
 .comment       0x00000076       0x77 ./board/pin_mux.o
 .comment       0x00000076       0x77 ./CMSIS/system_MK64F12.o
 .comment       0x00000076       0x77 c:/nxp/mcuxpressoide_11.1.0_3209/ide/plugins/com.nxp.mcuxpresso.tools.win32_11.1.0.201909161352/tools/bin/../lib/gcc/arm-none-eabi/8.3.1/../../../../arm-none-eabi/lib/thumb/v7e-m+fp/hard\libcr_nohost_nf.a(_cr__main.o)
 .comment       0x00000076       0x77 c:/nxp/mcuxpressoide_11.1.0_3209/ide/plugins/com.nxp.mcuxpresso.tools.win32_11.1.0.201909161352/tools/bin/../lib/gcc/arm-none-eabi/8.3.1/../../../../arm-none-eabi/lib/thumb/v7e-m+fp/hard\libcr_nohost_nf.a(_cr_assert.o)
 .comment       0x00000076       0x77 c:/nxp/mcuxpressoide_11.1.0_3209/ide/plugins/com.nxp.mcuxpresso.tools.win32_11.1.0.201909161352/tools/bin/../lib/gcc/arm-none-eabi/8.3.1/../../../../arm-none-eabi/lib/thumb/v7e-m+fp/hard\libcr_nohost_nf.a(__ciob.o)
 .comment       0x00000076       0x77 c:/nxp/mcuxpressoide_11.1.0_3209/ide/plugins/com.nxp.mcuxpresso.tools.win32_11.1.0.201909161352/tools/bin/../lib/gcc/arm-none-eabi/8.3.1/../../../../arm-none-eabi/lib/thumb/v7e-m+fp/hard\libcr_nohost_nf.a(__sys_appexit.o)
 .comment       0x00000076       0x77 c:/nxp/mcuxpressoide_11.1.0_3209/ide/plugins/com.nxp.mcuxpresso.tools.win32_11.1.0.201909161352/tools/bin/../lib/gcc/arm-none-eabi/8.3.1/../../../../arm-none-eabi/lib/thumb/v7e-m+fp/hard\libcr_c.a(memcpy.o)
 .comment       0x00000076       0x77 c:/nxp/mcuxpressoide_11.1.0_3209/ide/plugins/com.nxp.mcuxpresso.tools.win32_11.1.0.201909161352/tools/bin/../lib/gcc/arm-none-eabi/8.3.1/../../../../arm-none-eabi/lib/thumb/v7e-m+fp/hard\libcr_c.a(memset.o)
 .comment       0x00000076       0x77 c:/nxp/mcuxpressoide_11.1.0_3209/ide/plugins/com.nxp.mcuxpresso.tools.win32_11.1.0.201909161352/tools/bin/../lib/gcc/arm-none-eabi/8.3.1/../../../../arm-none-eabi/lib/thumb/v7e-m+fp/hard\libcr_c.a(_deferredlazyseek.o)
 .comment       0x00000076       0x77 c:/nxp/mcuxpressoide_11.1.0_3209/ide/plugins/com.nxp.mcuxpresso.tools.win32_11.1.0.201909161352/tools/bin/../lib/gcc/arm-none-eabi/8.3.1/../../../../arm-none-eabi/lib/thumb/v7e-m+fp/hard\libcr_c.a(_fflush.o)
 .comment       0x00000076       0x77 c:/nxp/mcuxpressoide_11.1.0_3209/ide/plugins/com.nxp.mcuxpresso.tools.win32_11.1.0.201909161352/tools/bin/../lib/gcc/arm-none-eabi/8.3.1/../../../../arm-none-eabi/lib/thumb/v7e-m+fp/hard\libcr_c.a(_writebuf.o)
 .comment       0x00000076       0x77 c:/nxp/mcuxpressoide_11.1.0_3209/ide/plugins/com.nxp.mcuxpresso.tools.win32_11.1.0.201909161352/tools/bin/../lib/gcc/arm-none-eabi/8.3.1/../../../../arm-none-eabi/lib/thumb/v7e-m+fp/hard\libcr_c.a(alloc.o)
 .comment       0x00000076       0x77 c:/nxp/mcuxpressoide_11.1.0_3209/ide/plugins/com.nxp.mcuxpresso.tools.win32_11.1.0.201909161352/tools/bin/../lib/gcc/arm-none-eabi/8.3.1/../../../../arm-none-eabi/lib/thumb/v7e-m+fp/hard\libcr_c.a(fputs.o)
 .comment       0x00000076       0x77 c:/nxp/mcuxpressoide_11.1.0_3209/ide/plugins/com.nxp.mcuxpresso.tools.win32_11.1.0.201909161352/tools/bin/../lib/gcc/arm-none-eabi/8.3.1/../../../../arm-none-eabi/lib/thumb/v7e-m+fp/hard\libcr_c.a(fseek.o)
 .comment       0x00000076       0x77 c:/nxp/mcuxpressoide_11.1.0_3209/ide/plugins/com.nxp.mcuxpresso.tools.win32_11.1.0.201909161352/tools/bin/../lib/gcc/arm-none-eabi/8.3.1/../../../../arm-none-eabi/lib/thumb/v7e-m+fp/hard\libcr_c.a(ftell.o)
 .comment       0x00000076       0x77 c:/nxp/mcuxpressoide_11.1.0_3209/ide/plugins/com.nxp.mcuxpresso.tools.win32_11.1.0.201909161352/tools/bin/../lib/gcc/arm-none-eabi/8.3.1/../../../../arm-none-eabi/lib/thumb/v7e-m+fp/hard\libcr_c.a(initio.o)
 .comment       0x00000076       0x77 c:/nxp/mcuxpressoide_11.1.0_3209/ide/plugins/com.nxp.mcuxpresso.tools.win32_11.1.0.201909161352/tools/bin/../lib/gcc/arm-none-eabi/8.3.1/../../../../arm-none-eabi/lib/thumb/v7e-m+fp/hard\libcr_c.a(setvbuf.o)
 .comment       0x00000076       0x77 c:/nxp/mcuxpressoide_11.1.0_3209/ide/plugins/com.nxp.mcuxpresso.tools.win32_11.1.0.201909161352/tools/bin/../lib/gcc/arm-none-eabi/8.3.1/../../../../arm-none-eabi/lib/thumb/v7e-m+fp/hard\libcr_c.a(strlen.o)
 .comment       0x00000076       0x77 c:/nxp/mcuxpressoide_11.1.0_3209/ide/plugins/com.nxp.mcuxpresso.tools.win32_11.1.0.201909161352/tools/bin/../lib/gcc/arm-none-eabi/8.3.1/../../../../arm-none-eabi/lib/thumb/v7e-m+fp/hard\libcr_c.a(__init_alloc.o)
 .comment       0x00000076       0x77 c:/nxp/mcuxpressoide_11.1.0_3209/ide/plugins/com.nxp.mcuxpresso.tools.win32_11.1.0.201909161352/tools/bin/../lib/gcc/arm-none-eabi/8.3.1/../../../../arm-none-eabi/lib/thumb/v7e-m+fp/hard\libcr_c.a(_cr_sbrk.o)
 .comment       0x00000076       0x77 c:/nxp/mcuxpressoide_11.1.0_3209/ide/plugins/com.nxp.mcuxpresso.tools.win32_11.1.0.201909161352/tools/bin/../lib/gcc/arm-none-eabi/8.3.1/../../../../arm-none-eabi/lib/thumb/v7e-m+fp/hard\libcr_c.a(_fdopen.o)
 .comment       0x00000076       0x77 c:/nxp/mcuxpressoide_11.1.0_3209/ide/plugins/com.nxp.mcuxpresso.tools.win32_11.1.0.201909161352/tools/bin/../lib/gcc/arm-none-eabi/8.3.1/../../../../arm-none-eabi/lib/thumb/v7e-m+fp/hard\libcr_c.a(errno.o)
 .comment       0x00000076       0x77 c:/nxp/mcuxpressoide_11.1.0_3209/ide/plugins/com.nxp.mcuxpresso.tools.win32_11.1.0.201909161352/tools/bin/../lib/gcc/arm-none-eabi/8.3.1/../../../../arm-none-eabi/lib/thumb/v7e-m+fp/hard\libcr_c.a(fclose.o)
 .comment       0x00000076       0x77 c:/nxp/mcuxpressoide_11.1.0_3209/ide/plugins/com.nxp.mcuxpresso.tools.win32_11.1.0.201909161352/tools/bin/../lib/gcc/arm-none-eabi/8.3.1/../../../../arm-none-eabi/lib/thumb/v7e-m+fp/hard\libcr_c.a(fflush.o)
 .comment       0x00000076       0x77 c:/nxp/mcuxpressoide_11.1.0_3209/ide/plugins/com.nxp.mcuxpresso.tools.win32_11.1.0.201909161352/tools/bin/../lib/gcc/arm-none-eabi/8.3.1/../../../../arm-none-eabi/lib/thumb/v7e-m+fp/hard\libcr_c.a(remove.o)
 .comment       0x00000076       0x77 c:/nxp/mcuxpressoide_11.1.0_3209/ide/plugins/com.nxp.mcuxpresso.tools.win32_11.1.0.201909161352/tools/bin/../lib/gcc/arm-none-eabi/8.3.1/../../../../arm-none-eabi/lib/thumb/v7e-m+fp/hard\libcr_c.a(_cr_check_heap.o)
 .comment       0x00000076       0x77 c:/nxp/mcuxpressoide_11.1.0_3209/ide/plugins/com.nxp.mcuxpresso.tools.win32_11.1.0.201909161352/tools/bin/../lib/gcc/arm-none-eabi/8.3.1/../../../../arm-none-eabi/lib/thumb/v7e-m+fp/hard\libcr_c.a(_do_fflush.o)
 .comment       0x00000076       0x77 c:/nxp/mcuxpressoide_11.1.0_3209/ide/plugins/com.nxp.mcuxpresso.tools.win32_11.1.0.201909161352/tools/bin/../lib/gcc/arm-none-eabi/8.3.1/../../../../arm-none-eabi/lib/thumb/v7e-m+fp/hard\libcr_nohost_nf.a(__sys_close.o)
 .comment       0x00000076       0x77 c:/nxp/mcuxpressoide_11.1.0_3209/ide/plugins/com.nxp.mcuxpresso.tools.win32_11.1.0.201909161352/tools/bin/../lib/gcc/arm-none-eabi/8.3.1/../../../../arm-none-eabi/lib/thumb/v7e-m+fp/hard\libcr_nohost_nf.a(__sys_flen.o)
 .comment       0x00000076       0x77 c:/nxp/mcuxpressoide_11.1.0_3209/ide/plugins/com.nxp.mcuxpresso.tools.win32_11.1.0.201909161352/tools/bin/../lib/gcc/arm-none-eabi/8.3.1/../../../../arm-none-eabi/lib/thumb/v7e-m+fp/hard\libcr_nohost_nf.a(__sys_istty.o)
 .comment       0x00000076       0x77 c:/nxp/mcuxpressoide_11.1.0_3209/ide/plugins/com.nxp.mcuxpresso.tools.win32_11.1.0.201909161352/tools/bin/../lib/gcc/arm-none-eabi/8.3.1/../../../../arm-none-eabi/lib/thumb/v7e-m+fp/hard\libcr_nohost_nf.a(__sys_remove.o)
 .comment       0x00000076       0x77 c:/nxp/mcuxpressoide_11.1.0_3209/ide/plugins/com.nxp.mcuxpresso.tools.win32_11.1.0.201909161352/tools/bin/../lib/gcc/arm-none-eabi/8.3.1/../../../../arm-none-eabi/lib/thumb/v7e-m+fp/hard\libcr_nohost_nf.a(__sys_seek.o)
 .comment       0x00000076       0x77 c:/nxp/mcuxpressoide_11.1.0_3209/ide/plugins/com.nxp.mcuxpresso.tools.win32_11.1.0.201909161352/tools/bin/../lib/gcc/arm-none-eabi/8.3.1/../../../../arm-none-eabi/lib/thumb/v7e-m+fp/hard\libcr_nohost_nf.a(__sys_tmpnam.o)
 .comment       0x00000076       0x77 c:/nxp/mcuxpressoide_11.1.0_3209/ide/plugins/com.nxp.mcuxpresso.tools.win32_11.1.0.201909161352/tools/bin/../lib/gcc/arm-none-eabi/8.3.1/../../../../arm-none-eabi/lib/thumb/v7e-m+fp/hard\libcr_nohost_nf.a(__sys_write.o)

.ARM.attributes
                0x00000000       0x32
 .ARM.attributes
                0x00000000       0x34 ./utilities/fsl_debug_console.o
 .ARM.attributes
                0x00000034       0x34 ./utilities/fsl_io.o
 .ARM.attributes
                0x00000068       0x34 ./utilities/fsl_log.o
 .ARM.attributes
                0x0000009c       0x34 ./utilities/fsl_str.o
 .ARM.attributes
                0x000000d0       0x34 ./startup/startup_mk64f12.o
 .ARM.attributes
                0x00000104       0x34 ./source/main.o
 .ARM.attributes
                0x00000138       0x34 ./source/queuelib.o
 .ARM.attributes
                0x0000016c       0x34 ./source/semihost_hardfault.o
 .ARM.attributes
                0x000001a0       0x34 ./source/tasks.o
 .ARM.attributes
                0x000001d4       0x34 ./drivers/fsl_clock.o
 .ARM.attributes
                0x00000208       0x34 ./drivers/fsl_flash.o
 .ARM.attributes
                0x0000023c       0x34 ./drivers/fsl_gpio.o
 .ARM.attributes
                0x00000270       0x34 ./drivers/fsl_smc.o
 .ARM.attributes
                0x000002a4       0x34 ./drivers/fsl_uart.o
 .ARM.attributes
                0x000002d8       0x34 ./board/board.o
 .ARM.attributes
                0x0000030c       0x34 ./board/clock_config.o
 .ARM.attributes
                0x00000340       0x34 ./board/pin_mux.o
 .ARM.attributes
                0x00000374       0x34 ./CMSIS/system_MK64F12.o
 .ARM.attributes
                0x000003a8       0x34 c:/nxp/mcuxpressoide_11.1.0_3209/ide/plugins/com.nxp.mcuxpresso.tools.win32_11.1.0.201909161352/tools/bin/../lib/gcc/arm-none-eabi/8.3.1/../../../../arm-none-eabi/lib/thumb/v7e-m+fp/hard\libcr_nohost_nf.a(_cr__main.o)
 .ARM.attributes
                0x000003dc       0x34 c:/nxp/mcuxpressoide_11.1.0_3209/ide/plugins/com.nxp.mcuxpresso.tools.win32_11.1.0.201909161352/tools/bin/../lib/gcc/arm-none-eabi/8.3.1/../../../../arm-none-eabi/lib/thumb/v7e-m+fp/hard\libcr_nohost_nf.a(_cr_assert.o)
 .ARM.attributes
                0x00000410       0x39 c:/nxp/mcuxpressoide_11.1.0_3209/ide/plugins/com.nxp.mcuxpresso.tools.win32_11.1.0.201909161352/tools/bin/../lib/gcc/arm-none-eabi/8.3.1/../../../../arm-none-eabi/lib/thumb/v7e-m+fp/hard\libcr_nohost_nf.a(__ciob.o)
 .ARM.attributes
                0x00000449       0x34 c:/nxp/mcuxpressoide_11.1.0_3209/ide/plugins/com.nxp.mcuxpresso.tools.win32_11.1.0.201909161352/tools/bin/../lib/gcc/arm-none-eabi/8.3.1/../../../../arm-none-eabi/lib/thumb/v7e-m+fp/hard\libcr_nohost_nf.a(__sys_appexit.o)
 .ARM.attributes
                0x0000047d       0x34 c:/nxp/mcuxpressoide_11.1.0_3209/ide/plugins/com.nxp.mcuxpresso.tools.win32_11.1.0.201909161352/tools/bin/../lib/gcc/arm-none-eabi/8.3.1/../../../../arm-none-eabi/lib/thumb/v7e-m+fp/hard\libcr_c.a(memcpy.o)
 .ARM.attributes
                0x000004b1       0x34 c:/nxp/mcuxpressoide_11.1.0_3209/ide/plugins/com.nxp.mcuxpresso.tools.win32_11.1.0.201909161352/tools/bin/../lib/gcc/arm-none-eabi/8.3.1/../../../../arm-none-eabi/lib/thumb/v7e-m+fp/hard\libcr_c.a(memset.o)
 .ARM.attributes
                0x000004e5       0x34 c:/nxp/mcuxpressoide_11.1.0_3209/ide/plugins/com.nxp.mcuxpresso.tools.win32_11.1.0.201909161352/tools/bin/../lib/gcc/arm-none-eabi/8.3.1/../../../../arm-none-eabi/lib/thumb/v7e-m+fp/hard\libcr_c.a(_deferredlazyseek.o)
 .ARM.attributes
                0x00000519       0x34 c:/nxp/mcuxpressoide_11.1.0_3209/ide/plugins/com.nxp.mcuxpresso.tools.win32_11.1.0.201909161352/tools/bin/../lib/gcc/arm-none-eabi/8.3.1/../../../../arm-none-eabi/lib/thumb/v7e-m+fp/hard\libcr_c.a(_fflush.o)
 .ARM.attributes
                0x0000054d       0x34 c:/nxp/mcuxpressoide_11.1.0_3209/ide/plugins/com.nxp.mcuxpresso.tools.win32_11.1.0.201909161352/tools/bin/../lib/gcc/arm-none-eabi/8.3.1/../../../../arm-none-eabi/lib/thumb/v7e-m+fp/hard\libcr_c.a(_writebuf.o)
 .ARM.attributes
                0x00000581       0x34 c:/nxp/mcuxpressoide_11.1.0_3209/ide/plugins/com.nxp.mcuxpresso.tools.win32_11.1.0.201909161352/tools/bin/../lib/gcc/arm-none-eabi/8.3.1/../../../../arm-none-eabi/lib/thumb/v7e-m+fp/hard\libcr_c.a(alloc.o)
 .ARM.attributes
                0x000005b5       0x34 c:/nxp/mcuxpressoide_11.1.0_3209/ide/plugins/com.nxp.mcuxpresso.tools.win32_11.1.0.201909161352/tools/bin/../lib/gcc/arm-none-eabi/8.3.1/../../../../arm-none-eabi/lib/thumb/v7e-m+fp/hard\libcr_c.a(fputs.o)
 .ARM.attributes
                0x000005e9       0x34 c:/nxp/mcuxpressoide_11.1.0_3209/ide/plugins/com.nxp.mcuxpresso.tools.win32_11.1.0.201909161352/tools/bin/../lib/gcc/arm-none-eabi/8.3.1/../../../../arm-none-eabi/lib/thumb/v7e-m+fp/hard\libcr_c.a(fseek.o)
 .ARM.attributes
                0x0000061d       0x34 c:/nxp/mcuxpressoide_11.1.0_3209/ide/plugins/com.nxp.mcuxpresso.tools.win32_11.1.0.201909161352/tools/bin/../lib/gcc/arm-none-eabi/8.3.1/../../../../arm-none-eabi/lib/thumb/v7e-m+fp/hard\libcr_c.a(ftell.o)
 .ARM.attributes
                0x00000651       0x34 c:/nxp/mcuxpressoide_11.1.0_3209/ide/plugins/com.nxp.mcuxpresso.tools.win32_11.1.0.201909161352/tools/bin/../lib/gcc/arm-none-eabi/8.3.1/../../../../arm-none-eabi/lib/thumb/v7e-m+fp/hard\libcr_c.a(initio.o)
 .ARM.attributes
                0x00000685       0x34 c:/nxp/mcuxpressoide_11.1.0_3209/ide/plugins/com.nxp.mcuxpresso.tools.win32_11.1.0.201909161352/tools/bin/../lib/gcc/arm-none-eabi/8.3.1/../../../../arm-none-eabi/lib/thumb/v7e-m+fp/hard\libcr_c.a(setvbuf.o)
 .ARM.attributes
                0x000006b9       0x34 c:/nxp/mcuxpressoide_11.1.0_3209/ide/plugins/com.nxp.mcuxpresso.tools.win32_11.1.0.201909161352/tools/bin/../lib/gcc/arm-none-eabi/8.3.1/../../../../arm-none-eabi/lib/thumb/v7e-m+fp/hard\libcr_c.a(strlen.o)
 .ARM.attributes
                0x000006ed       0x34 c:/nxp/mcuxpressoide_11.1.0_3209/ide/plugins/com.nxp.mcuxpresso.tools.win32_11.1.0.201909161352/tools/bin/../lib/gcc/arm-none-eabi/8.3.1/../../../../arm-none-eabi/lib/thumb/v7e-m+fp/hard\libcr_c.a(__init_alloc.o)
 .ARM.attributes
                0x00000721       0x34 c:/nxp/mcuxpressoide_11.1.0_3209/ide/plugins/com.nxp.mcuxpresso.tools.win32_11.1.0.201909161352/tools/bin/../lib/gcc/arm-none-eabi/8.3.1/../../../../arm-none-eabi/lib/thumb/v7e-m+fp/hard\libcr_c.a(_cr_sbrk.o)
 .ARM.attributes
                0x00000755       0x34 c:/nxp/mcuxpressoide_11.1.0_3209/ide/plugins/com.nxp.mcuxpresso.tools.win32_11.1.0.201909161352/tools/bin/../lib/gcc/arm-none-eabi/8.3.1/../../../../arm-none-eabi/lib/thumb/v7e-m+fp/hard\libcr_c.a(_fdopen.o)
 .ARM.attributes
                0x00000789       0x39 c:/nxp/mcuxpressoide_11.1.0_3209/ide/plugins/com.nxp.mcuxpresso.tools.win32_11.1.0.201909161352/tools/bin/../lib/gcc/arm-none-eabi/8.3.1/../../../../arm-none-eabi/lib/thumb/v7e-m+fp/hard\libcr_c.a(errno.o)
 .ARM.attributes
                0x000007c2       0x34 c:/nxp/mcuxpressoide_11.1.0_3209/ide/plugins/com.nxp.mcuxpresso.tools.win32_11.1.0.201909161352/tools/bin/../lib/gcc/arm-none-eabi/8.3.1/../../../../arm-none-eabi/lib/thumb/v7e-m+fp/hard\libcr_c.a(fclose.o)
 .ARM.attributes
                0x000007f6       0x34 c:/nxp/mcuxpressoide_11.1.0_3209/ide/plugins/com.nxp.mcuxpresso.tools.win32_11.1.0.201909161352/tools/bin/../lib/gcc/arm-none-eabi/8.3.1/../../../../arm-none-eabi/lib/thumb/v7e-m+fp/hard\libcr_c.a(fflush.o)
 .ARM.attributes
                0x0000082a       0x34 c:/nxp/mcuxpressoide_11.1.0_3209/ide/plugins/com.nxp.mcuxpresso.tools.win32_11.1.0.201909161352/tools/bin/../lib/gcc/arm-none-eabi/8.3.1/../../../../arm-none-eabi/lib/thumb/v7e-m+fp/hard\libcr_c.a(remove.o)
 .ARM.attributes
                0x0000085e       0x34 c:/nxp/mcuxpressoide_11.1.0_3209/ide/plugins/com.nxp.mcuxpresso.tools.win32_11.1.0.201909161352/tools/bin/../lib/gcc/arm-none-eabi/8.3.1/../../../../arm-none-eabi/lib/thumb/v7e-m+fp/hard\libcr_c.a(_cr_check_heap.o)
 .ARM.attributes
                0x00000892       0x34 c:/nxp/mcuxpressoide_11.1.0_3209/ide/plugins/com.nxp.mcuxpresso.tools.win32_11.1.0.201909161352/tools/bin/../lib/gcc/arm-none-eabi/8.3.1/../../../../arm-none-eabi/lib/thumb/v7e-m+fp/hard\libcr_c.a(_do_fflush.o)
 .ARM.attributes
                0x000008c6       0x20 c:/nxp/mcuxpressoide_11.1.0_3209/ide/plugins/com.nxp.mcuxpresso.tools.win32_11.1.0.201909161352/tools/bin/../lib/gcc/arm-none-eabi/8.3.1/thumb/v7e-m+fp/hard\libcr_eabihelpers.a(memcpy.o)
 .ARM.attributes
                0x000008e6       0x34 c:/nxp/mcuxpressoide_11.1.0_3209/ide/plugins/com.nxp.mcuxpresso.tools.win32_11.1.0.201909161352/tools/bin/../lib/gcc/arm-none-eabi/8.3.1/../../../../arm-none-eabi/lib/thumb/v7e-m+fp/hard\libcr_nohost_nf.a(__sys_close.o)
 .ARM.attributes
                0x0000091a       0x34 c:/nxp/mcuxpressoide_11.1.0_3209/ide/plugins/com.nxp.mcuxpresso.tools.win32_11.1.0.201909161352/tools/bin/../lib/gcc/arm-none-eabi/8.3.1/../../../../arm-none-eabi/lib/thumb/v7e-m+fp/hard\libcr_nohost_nf.a(__sys_flen.o)
 .ARM.attributes
                0x0000094e       0x34 c:/nxp/mcuxpressoide_11.1.0_3209/ide/plugins/com.nxp.mcuxpresso.tools.win32_11.1.0.201909161352/tools/bin/../lib/gcc/arm-none-eabi/8.3.1/../../../../arm-none-eabi/lib/thumb/v7e-m+fp/hard\libcr_nohost_nf.a(__sys_istty.o)
 .ARM.attributes
                0x00000982       0x34 c:/nxp/mcuxpressoide_11.1.0_3209/ide/plugins/com.nxp.mcuxpresso.tools.win32_11.1.0.201909161352/tools/bin/../lib/gcc/arm-none-eabi/8.3.1/../../../../arm-none-eabi/lib/thumb/v7e-m+fp/hard\libcr_nohost_nf.a(__sys_remove.o)
 .ARM.attributes
                0x000009b6       0x34 c:/nxp/mcuxpressoide_11.1.0_3209/ide/plugins/com.nxp.mcuxpresso.tools.win32_11.1.0.201909161352/tools/bin/../lib/gcc/arm-none-eabi/8.3.1/../../../../arm-none-eabi/lib/thumb/v7e-m+fp/hard\libcr_nohost_nf.a(__sys_seek.o)
 .ARM.attributes
                0x000009ea       0x34 c:/nxp/mcuxpressoide_11.1.0_3209/ide/plugins/com.nxp.mcuxpresso.tools.win32_11.1.0.201909161352/tools/bin/../lib/gcc/arm-none-eabi/8.3.1/../../../../arm-none-eabi/lib/thumb/v7e-m+fp/hard\libcr_nohost_nf.a(__sys_tmpnam.o)
 .ARM.attributes
                0x00000a1e       0x34 c:/nxp/mcuxpressoide_11.1.0_3209/ide/plugins/com.nxp.mcuxpresso.tools.win32_11.1.0.201909161352/tools/bin/../lib/gcc/arm-none-eabi/8.3.1/../../../../arm-none-eabi/lib/thumb/v7e-m+fp/hard\libcr_nohost_nf.a(__sys_write.o)

.debug_frame    0x00000000     0x299c
 .debug_frame   0x00000000      0x150 ./utilities/fsl_debug_console.o
 .debug_frame   0x00000150       0xe0 ./utilities/fsl_io.o
 .debug_frame   0x00000230      0x120 ./utilities/fsl_log.o
 .debug_frame   0x00000350       0xb4 ./utilities/fsl_str.o
 .debug_frame   0x00000404      0x8f4 ./startup/startup_mk64f12.o
 .debug_frame   0x00000cf8      0x1a8 ./source/main.o
 .debug_frame   0x00000ea0       0xb0 ./source/queuelib.o
 .debug_frame   0x00000f50       0x20 ./source/semihost_hardfault.o
 .debug_frame   0x00000f70       0xc0 ./source/tasks.o
 .debug_frame   0x00001030      0x820 ./drivers/fsl_clock.o
 .debug_frame   0x00001850      0x60c ./drivers/fsl_flash.o
 .debug_frame   0x00001e5c       0xec ./drivers/fsl_gpio.o
 .debug_frame   0x00001f48      0x220 ./drivers/fsl_smc.o
 .debug_frame   0x00002168      0x5ec ./drivers/fsl_uart.o
 .debug_frame   0x00002754       0x34 ./board/board.o
 .debug_frame   0x00002788      0x124 ./board/clock_config.o
 .debug_frame   0x000028ac       0x98 ./board/pin_mux.o
 .debug_frame   0x00002944       0x58 ./CMSIS/system_MK64F12.o

.debug_ranges   0x00000000       0x70
 .debug_ranges  0x00000000       0x70 ./startup/startup_mk64f12.o
