../drivers/fsl_enet.h:916:20:ENET_Reset	16	static
../drivers/fsl_enet.h:970:24:ENET_ReadSMIData	16	static
../drivers/fsl_enet.h:1187:20:ENET_ActiveRead	16	static
../drivers/fsl_enet.h:1208:20:ENET_EnableSleepMode	16	static
../drivers/fsl_enet.h:1291:24:ENET_GetInterruptStatus	16	static
../drivers/fsl_enet.h:1310:20:ENET_ClearInterruptStatus	16	static
../drivers/fsl_enet_cmsis.c:88:27:ENETx_GetVersion	16	static
../drivers/fsl_enet_cmsis.c:93:33:ENETx_GetCapabilities	4	static
../drivers/fsl_enet_cmsis.c:98:16:ENET_CommonInitialize	16	static
../drivers/fsl_enet_cmsis.c:109:13:ENET_SetInterruptCallback	32	static
../drivers/fsl_enet_cmsis.c:146:16:ENET_CommonUninitialize	16	static
../drivers/fsl_enet_cmsis.c:152:16:ENET_CommonControl	40	static
../drivers/fsl_enet_cmsis.c:298:16:ENET_CommonPowerControl	96	static
../drivers/fsl_enet_cmsis.c:389:16:ENET_Phy_Write	32	static
../drivers/fsl_enet_cmsis.c:420:16:ENET_Phy_Read	32	static
../drivers/fsl_enet_cmsis.c:456:16:ENET_CommonSendFrame	48	static
../drivers/fsl_enet_cmsis.c:491:17:ENET_CommonGetFrameSize	32	static
../drivers/fsl_enet_cmsis.c:505:16:ENET_CommonReadFrame	40	static
../drivers/fsl_enet_cmsis.c:561:16:ENET0_Initialize	16	static
../drivers/fsl_enet_cmsis.c:568:16:ENET0_Uninitialize	8	static
../drivers/fsl_enet_cmsis.c:574:16:ENET0_PowerControl	16	static
../drivers/fsl_enet_cmsis.c:579:16:ENET0_GetMacAddress	16	static
../drivers/fsl_enet_cmsis.c:586:16:ENET0_SetMacAddress	24	static
../drivers/fsl_enet_cmsis.c:595:16:ENET0_TransmitFrame	24	static
../drivers/fsl_enet_cmsis.c:600:17:ENET0_GetReceiveFrameSize	8	static
../drivers/fsl_enet_cmsis.c:605:16:ENET0_ReceiveFrame	16	static
../drivers/fsl_enet_cmsis.c:610:16:ENET0_Control	16	static
../drivers/fsl_enet_cmsis.c:615:16:ENET0_PhyWrite	16	static
../drivers/fsl_enet_cmsis.c:620:16:ENET0_PhyRead	16	static
../drivers/fsl_enet_cmsis.c:625:16:ENET0_SetAddressFilter	16	static
../drivers/fsl_enet_cmsis.c:630:16:ENET0_GetRxFrameTime	16	static
../drivers/fsl_enet_cmsis.c:635:16:ENET0_GetTxFrameTime	16	static
../drivers/fsl_enet_cmsis.c:640:16:ENET0_ControlTimer	16	static
