../drivers/fsl_clock.h:668:20:CLOCK_EnableClock	24	static
C:\Users\USER\Documents\MCUXpressoIDE_11.8.0_1165\workspace\frdmk64f_cmsis_enet_txrx_transfer\phy/fsl_phy.h:147:24:PHY_Init	16	static
C:\Users\USER\Documents\MCUXpressoIDE_11.8.0_1165\workspace\frdmk64f_cmsis_enet_txrx_transfer\phy/fsl_phy.h:161:24:PHY_Write	24	static
C:\Users\USER\Documents\MCUXpressoIDE_11.8.0_1165\workspace\frdmk64f_cmsis_enet_txrx_transfer\phy/fsl_phy.h:176:24:PHY_Read	24	static
C:\Users\USER\Documents\MCUXpressoIDE_11.8.0_1165\workspace\frdmk64f_cmsis_enet_txrx_transfer\phy/fsl_phy.h:191:24:PHY_GetAutoNegotiationStatus	16	static
C:\Users\USER\Documents\MCUXpressoIDE_11.8.0_1165\workspace\frdmk64f_cmsis_enet_txrx_transfer\phy/fsl_phy.h:206:24:PHY_GetLinkStatus	16	static
C:\Users\USER\Documents\MCUXpressoIDE_11.8.0_1165\workspace\frdmk64f_cmsis_enet_txrx_transfer\phy/fsl_phy.h:223:24:PHY_GetLinkSpeedDuplex	24	static
C:\Users\USER\Documents\MCUXpressoIDE_11.8.0_1165\workspace\frdmk64f_cmsis_enet_txrx_transfer\phy/fsl_phy.h:254:24:PHY_EnableLoopback	24	static
../drivers/fsl_enet_phy_cmsis.c:45:27:PHYx_GetVersion	16	static
../drivers/fsl_enet_phy_cmsis.c:50:16:PHY_SetForcedSpeedDuplexMode	32	static
../drivers/fsl_enet_phy_cmsis.c:89:13:PHY_SetPowerDown	32	static
../drivers/fsl_enet_phy_cmsis.c:136:16:PHY0_Initialize	16	static
../drivers/fsl_enet_phy_cmsis.c:141:16:PHY0_UnInitialize	4	static
../drivers/fsl_enet_phy_cmsis.c:146:16:PHY0_PowerControl	40	static
../drivers/fsl_enet_phy_cmsis.c:195:16:PHY0_SetInterface	24	static
../drivers/fsl_enet_phy_cmsis.c:208:16:PHY0_SetMode	40	static
../drivers/fsl_enet_phy_cmsis.c:266:27:PHY0_GetLinkState	24	static
../drivers/fsl_enet_phy_cmsis.c:284:26:PHY0_GetLinkInfo	24	static
