C:\Users\USER\Documents\MCUXpressoIDE_11.8.0_1165\workspace\frdmk64f_gpio_input_interrupt_Swich button\CMSIS/core_cm4.h:1679:22:__NVIC_EnableIRQ	16	static
C:\Users\USER\Documents\MCUXpressoIDE_11.8.0_1165\workspace\frdmk64f_gpio_input_interrupt_Swich button\drivers/fsl_common_arm.h:499:24:EnableIRQ	24	static
C:\Users\USER\Documents\MCUXpressoIDE_11.8.0_1165\workspace\frdmk64f_gpio_input_interrupt_Swich button\drivers/fsl_port.h:443:20:PORT_SetPinInterruptConfig	24	static
C:\Users\USER\Documents\MCUXpressoIDE_11.8.0_1165\workspace\frdmk64f_gpio_input_interrupt_Swich button\drivers/fsl_gpio.h:191:20:GPIO_PortSet	16	static
C:\Users\USER\Documents\MCUXpressoIDE_11.8.0_1165\workspace\frdmk64f_gpio_input_interrupt_Swich button\drivers/fsl_gpio.h:221:20:GPIO_PortToggle	16	static
../source/gpio_input_interrupt.c:39:6:PORTA_IRQHandler	8	static
../source/gpio_input_interrupt.c:53:6:PORTC_IRQHandler	8	static
../source/gpio_input_interrupt.c:70:5:main	16	static
../source/gpio_input_interrupt.c:136:6:BlinkRed	8	static
../source/gpio_input_interrupt.c:152:6:BlinkGreen	8	static
../source/gpio_input_interrupt.c:168:6:BlinkBlue	8	static
../source/gpio_input_interrupt.c:185:6:BlinkYellow	8	static
../source/gpio_input_interrupt.c:209:6:BlinkLightBlue	8	static
../source/gpio_input_interrupt.c:233:6:BlinkPurple	8	static
../source/gpio_input_interrupt.c:257:6:StateSelect	16	static
